Starting net.minecraft.server.Main
[17:11:26] [ServerMain/INFO]: Environment: authHost='https://authserver.mojang.com', accountsHost='https://api.mojang.com', sessionHost='https://sessionserver.mojang.com', servicesHost='https://api.minecraftservices.com', name='PROD'
[17:11:26] [Yggdrasil Key Fetcher/ERROR]: Failed to request yggdrasil public key
com.mojang.authlib.exceptions.AuthenticationUnavailableException: Cannot contact authentication server
	at com.mojang.authlib.yggdrasil.YggdrasilAuthenticationService.makeRequest(YggdrasilAuthenticationService.java:119) ~[authlib-4.0.43.jar:?]
	at com.mojang.authlib.yggdrasil.YggdrasilAuthenticationService.makeRequest(YggdrasilAuthenticationService.java:91) ~[authlib-4.0.43.jar:?]
	at com.mojang.authlib.yggdrasil.YggdrasilServicesKeyInfo.fetch(YggdrasilServicesKeyInfo.java:94) ~[authlib-4.0.43.jar:?]
	at com.mojang.authlib.yggdrasil.YggdrasilServicesKeyInfo.lambda$get$1(YggdrasilServicesKeyInfo.java:81) ~[authlib-4.0.43.jar:?]
	at java.util.concurrent.Executors$RunnableAdapter.call(Executors.java:539) ~[?:?]
	at java.util.concurrent.FutureTask.runAndReset(FutureTask.java:305) ~[?:?]
	at java.util.concurrent.ScheduledThreadPoolExecutor$ScheduledFutureTask.run(ScheduledThreadPoolExecutor.java:305) ~[?:?]
	at java.util.concurrent.ThreadPoolExecutor.runWorker(ThreadPoolExecutor.java:1136) ~[?:?]
	at java.util.concurrent.ThreadPoolExecutor$Worker.run(ThreadPoolExecutor.java:635) ~[?:?]
	at java.lang.Thread.run(Thread.java:840) ~[?:?]
Caused by: java.net.UnknownHostException: api.minecraftservices.com
	at sun.nio.ch.NioSocketImpl.connect(NioSocketImpl.java:572) ~[?:?]
	at java.net.SocksSocketImpl.connect(SocksSocketImpl.java:327) ~[?:?]
	at java.net.Socket.connect(Socket.java:633) ~[?:?]
	at sun.security.ssl.SSLSocketImpl.connect(SSLSocketImpl.java:304) ~[?:?]
	at sun.net.NetworkClient.doConnect(NetworkClient.java:178) ~[?:?]
	at sun.net.www.http.HttpClient.openServer(HttpClient.java:533) ~[?:?]
	at sun.net.www.http.HttpClient.openServer(HttpClient.java:638) ~[?:?]
	at sun.net.www.protocol.https.HttpsClient.<init>(HttpsClient.java:267) ~[?:?]
	at sun.net.www.protocol.https.HttpsClient.New(HttpsClient.java:381) ~[?:?]
	at sun.net.www.protocol.https.AbstractDelegateHttpsURLConnection.getNewHttpClient(AbstractDelegateHttpsURLConnection.java:196) ~[?:?]
	at sun.net.www.protocol.http.HttpURLConnection.plainConnect0(HttpURLConnection.java:1307) ~[?:?]
	at sun.net.www.protocol.http.HttpURLConnection.plainConnect(HttpURLConnection.java:1148) ~[?:?]
	at sun.net.www.protocol.http.HttpURLConnection.connect(HttpURLConnection.java:1077) ~[?:?]
	at sun.net.www.protocol.https.AbstractDelegateHttpsURLConnection.connect(AbstractDelegateHttpsURLConnection.java:181) ~[?:?]
	at sun.net.www.protocol.http.HttpURLConnection.getInputStream0(HttpURLConnection.java:1717) ~[?:?]
	at sun.net.www.protocol.http.HttpURLConnection.getInputStream(HttpURLConnection.java:1641) ~[?:?]
	at sun.net.www.protocol.https.HttpsURLConnectionImpl.getInputStream(HttpsURLConnectionImpl.java:224) ~[?:?]
	at com.mojang.authlib.HttpAuthenticationService.performGetRequest(HttpAuthenticationService.java:140) ~[authlib-4.0.43.jar:?]
	at com.mojang.authlib.yggdrasil.YggdrasilAuthenticationService.makeRequest(YggdrasilAuthenticationService.java:96) ~[authlib-4.0.43.jar:?]
	... 9 more
[17:11:27] [ServerMain/INFO]: Loaded 7 recipes
[17:11:27] [ServerMain/INFO]: Loaded 1271 advancements
[17:11:27] [Server thread/INFO]: Starting minecraft server version 1.20.1
[17:11:27] [Server thread/INFO]: Loading properties
[17:11:27] [Server thread/INFO]: Default game type: SURVIVAL
[17:11:27] [Server thread/INFO]: Generating keypair
[17:11:27] [Server thread/INFO]: Starting Minecraft server on 127.0.0.1:25566
[17:11:27] [Server thread/INFO]: Using epoll channel type
[17:11:27] [Server thread/WARN]: Failed to find a usable hardware address from the network interfaces; using random bytes: a7:d3:c1:12:17:13:1b:27
[17:11:27] [Server thread/WARN]: **** SERVER IS RUNNING IN OFFLINE/INSECURE MODE!
[17:11:27] [Server thread/WARN]: The server will make no attempt to authenticate usernames. Beware.
[17:11:27] [Server thread/WARN]: While this makes the game possible to play without internet access, it also opens up the ability for hackers to connect with any username they choose.
[17:11:27] [Server thread/WARN]: To change this, set "online-mode" to "true" in the server.properties file.
[17:11:27] [Server thread/INFO]: Preparing level "drop-recovery-world"
[17:11:27] [Server thread/INFO]: Preparing start region for dimension minecraft:overworld
[17:11:29] [Worker-Main-6/INFO]: Preparing spawn area: 0%
[17:11:29] [Worker-Main-4/INFO]: Preparing spawn area: 0%
[17:11:29] [Worker-Main-7/INFO]: Preparing spawn area: 0%
[17:11:29] [Worker-Main-6/INFO]: Preparing spawn area: 0%
[17:11:29] [Worker-Main-3/INFO]: Preparing spawn area: 34%
[17:11:30] [Server thread/INFO]: Time elapsed: 2336 ms
[17:11:30] [Server thread/INFO]: Done (2.456s)! For help, type "help"
[17:11:30] [Server thread/INFO]: Gamerule doDaylightCycle is now set to: false
[17:11:30] [Server thread/INFO]: Set the time to 1000
[17:11:30] [Server thread/INFO]: Gamerule doMobSpawning is now set to: false
[17:11:30] [Server thread/INFO]: Gamerule randomTickSpeed is now set to: 0
[17:11:30] [Server thread/INFO]: Gamerule naturalRegeneration is now set to: false
[17:11:39] [Server thread/INFO]: prep_A[/127.0.0.1:37888] logged in with entity id 1 at (2.5, 200.0, 0.5)
[17:11:39] [Server thread/INFO]: prep_A joined the game
[17:11:39] [Server thread/INFO]: The difficulty did not change; it is already set to peaceful
[17:11:39] [Server thread/INFO]: Set the time to 1000
[17:11:39] [Server thread/INFO]: No entity was found
[17:11:39] [Server thread/INFO]: Removed 2 item(s) from player prep_A
[17:11:40] [Server thread/INFO]: No blocks were filled
[17:11:40] [Server thread/INFO]: Successfully filled 1 block(s)
[17:11:40] [Server thread/INFO]: Teleported prep_A to 0.500000, 200.000000, 0.500000
[17:11:40] [Server thread/INFO]: Applied effect Saturation to prep_A
[17:11:40] [Server thread/INFO]: Applied effect Instant Health to prep_A
[17:11:42] [Server thread/INFO]: Target has no effects to remove
[17:11:42] [Server thread/INFO]: Gave 1 [Stick] to prep_A
[17:11:42] [Server thread/INFO]: Gave 1 [Stone Pickaxe] to prep_A
[17:11:42] [Server thread/INFO]: Changed the block at 0, 200, 2
[17:11:42] [Server thread/INFO]: Changed the block at 2, 200, 0
[17:11:42] [Server thread/INFO]: Changed the block at -1, 200, -1
[17:11:43] [Server thread/INFO]: Applied effect Mining Fatigue to prep_A
[17:11:44] [Server thread/INFO]: prep_A lost connection: Disconnected
[17:11:44] [Server thread/INFO]: prep_A left the game
[17:11:44] [Server thread/INFO]: prep_A[/127.0.0.1:37892] logged in with entity id 4 at (0.5, 200.0, 0.5)
[17:11:44] [Server thread/INFO]: prep_A joined the game
[17:11:58] [Server thread/INFO]: The difficulty did not change; it is already set to peaceful
[17:11:58] [Server thread/INFO]: Set the time to 1000
[17:11:58] [Server thread/INFO]: No entity was found
[17:11:58] [Server thread/INFO]: Removed 2 item(s) from player prep_A
[17:11:58] [Server thread/INFO]: No blocks were filled
[17:11:58] [Server thread/INFO]: Successfully filled 1 block(s)
[17:11:59] [Server thread/INFO]: Teleported prep_A to 0.500000, 200.000000, 0.500000
[17:11:59] [Server thread/INFO]: Applied effect Saturation to prep_A
[17:11:59] [Server thread/INFO]: Applied effect Instant Health to prep_A
[17:12:00] [Server thread/INFO]: Target has no effects to remove
[17:12:00] [Server thread/INFO]: Gave 1 [Stick] to prep_A
[17:12:01] [Server thread/INFO]: Gave 1 [Stone Pickaxe] to prep_A
[17:12:01] [Server thread/INFO]: Changed the block at 0, 200, 2
[17:12:01] [Server thread/INFO]: Changed the block at 2, 200, 0
[17:12:01] [Server thread/INFO]: Changed the block at -1, 200, -1
[17:12:02] [Server thread/INFO]: Applied effect Mining Fatigue to prep_A
[17:12:02] [Server thread/INFO]: Saving the game (this may take a moment!)
[17:12:02] [Server thread/INFO]: ThreadedAnvilChunkStorage (drop-recovery-world): All chunks are saved
[17:12:02] [Server thread/INFO]: ThreadedAnvilChunkStorage (DIM-1): All chunks are saved
[17:12:02] [Server thread/INFO]: ThreadedAnvilChunkStorage (DIM1): All chunks are saved
[17:12:02] [Server thread/INFO]: ThreadedAnvilChunkStorage: All dimensions are saved
[17:12:02] [Server thread/INFO]: Saved the game
Starting net.minecraft.server.Main
[17:12:07] [ServerMain/INFO]: Environment: authHost='https://authserver.mojang.com', accountsHost='https://api.mojang.com', sessionHost='https://sessionserver.mojang.com', servicesHost='https://api.minecraftservices.com', name='PROD'
[17:12:07] [Yggdrasil Key Fetcher/ERROR]: Failed to request yggdrasil public key
com.mojang.authlib.exceptions.AuthenticationUnavailableException: Cannot contact authentication server
	at com.mojang.authlib.yggdrasil.YggdrasilAuthenticationService.makeRequest(YggdrasilAuthenticationService.java:119) ~[authlib-4.0.43.jar:?]
	at com.mojang.authlib.yggdrasil.YggdrasilAuthenticationService.makeRequest(YggdrasilAuthenticationService.java:91) ~[authlib-4.0.43.jar:?]
	at com.mojang.authlib.yggdrasil.YggdrasilServicesKeyInfo.fetch(YggdrasilServicesKeyInfo.java:94) ~[authlib-4.0.43.jar:?]
	at com.mojang.authlib.yggdrasil.YggdrasilServicesKeyInfo.lambda$get$1(YggdrasilServicesKeyInfo.java:81) ~[authlib-4.0.43.jar:?]
	at java.util.concurrent.Executors$RunnableAdapter.call(Executors.java:539) ~[?:?]
	at java.util.concurrent.FutureTask.runAndReset(FutureTask.java:305) ~[?:?]
	at java.util.concurrent.ScheduledThreadPoolExecutor$ScheduledFutureTask.run(ScheduledThreadPoolExecutor.java:305) ~[?:?]
	at java.util.concurrent.ThreadPoolExecutor.runWorker(ThreadPoolExecutor.java:1136) ~[?:?]
	at java.util.concurrent.ThreadPoolExecutor$Worker.run(ThreadPoolExecutor.java:635) ~[?:?]
	at java.lang.Thread.run(Thread.java:840) ~[?:?]
Caused by: java.net.UnknownHostException: api.minecraftservices.com
	at sun.nio.ch.NioSocketImpl.connect(NioSocketImpl.java:572) ~[?:?]
	at java.net.SocksSocketImpl.connect(SocksSocketImpl.java:327) ~[?:?]
	at java.net.Socket.connect(Socket.java:633) ~[?:?]
	at sun.security.ssl.SSLSocketImpl.connect(SSLSocketImpl.java:304) ~[?:?]
	at sun.net.NetworkClient.doConnect(NetworkClient.java:178) ~[?:?]
	at sun.net.www.http.HttpClient.openServer(HttpClient.java:533) ~[?:?]
	at sun.net.www.http.HttpClient.openServer(HttpClient.java:638) ~[?:?]
	at sun.net.www.protocol.https.HttpsClient.<init>(HttpsClient.java:267) ~[?:?]
	at sun.net.www.protocol.https.HttpsClient.New(HttpsClient.java:381) ~[?:?]
	at sun.net.www.protocol.https.AbstractDelegateHttpsURLConnection.getNewHttpClient(AbstractDelegateHttpsURLConnection.java:196) ~[?:?]
	at sun.net.www.protocol.http.HttpURLConnection.plainConnect0(HttpURLConnection.java:1307) ~[?:?]
	at sun.net.www.protocol.http.HttpURLConnection.plainConnect(HttpURLConnection.java:1148) ~[?:?]
	at sun.net.www.protocol.http.HttpURLConnection.connect(HttpURLConnection.java:1077) ~[?:?]
	at sun.net.www.protocol.https.AbstractDelegateHttpsURLConnection.connect(AbstractDelegateHttpsURLConnection.java:181) ~[?:?]
	at sun.net.www.protocol.http.HttpURLConnection.getInputStream0(HttpURLConnection.java:1717) ~[?:?]
	at sun.net.www.protocol.http.HttpURLConnection.getInputStream(HttpURLConnection.java:1641) ~[?:?]
	at sun.net.www.protocol.https.HttpsURLConnectionImpl.getInputStream(HttpsURLConnectionImpl.java:224) ~[?:?]
	at com.mojang.authlib.HttpAuthenticationService.performGetRequest(HttpAuthenticationService.java:140) ~[authlib-4.0.43.jar:?]
	at com.mojang.authlib.yggdrasil.YggdrasilAuthenticationService.makeRequest(YggdrasilAuthenticationService.java:96) ~[authlib-4.0.43.jar:?]
	... 9 more
[17:12:08] [ServerMain/INFO]: Loaded 7 recipes
[17:12:08] [ServerMain/INFO]: Loaded 1271 advancements
[17:12:09] [Server thread/INFO]: Starting minecraft server version 1.20.1
[17:12:09] [Server thread/INFO]: Loading properties
[17:12:09] [Server thread/INFO]: Default game type: SURVIVAL
[17:12:09] [Server thread/INFO]: Generating keypair
[17:12:09] [Server thread/INFO]: Starting Minecraft server on 127.0.0.1:25566
[17:12:09] [Server thread/INFO]: Using epoll channel type
[17:12:09] [Server thread/WARN]: Failed to find a usable hardware address from the network interfaces; using random bytes: ab:06:da:b9:8e:da:db:7d
[17:12:09] [Server thread/WARN]: **** SERVER IS RUNNING IN OFFLINE/INSECURE MODE!
[17:12:09] [Server thread/WARN]: The server will make no attempt to authenticate usernames. Beware.
[17:12:09] [Server thread/WARN]: While this makes the game possible to play without internet access, it also opens up the ability for hackers to connect with any username they choose.
[17:12:09] [Server thread/WARN]: To change this, set "online-mode" to "true" in the server.properties file.
[17:12:09] [Server thread/INFO]: Preparing level "drop-recovery-world"
[17:12:09] [Server thread/INFO]: Preparing start region for dimension minecraft:overworld
[17:12:10] [Worker-Main-4/INFO]: Preparing spawn area: 0%
[17:12:10] [Worker-Main-6/INFO]: Preparing spawn area: 0%
[17:12:10] [Worker-Main-6/INFO]: Preparing spawn area: 0%
[17:12:10] [Worker-Main-6/INFO]: Preparing spawn area: 0%
[17:12:11] [Worker-Main-2/INFO]: Preparing spawn area: 25%
[17:12:11] [Server thread/INFO]: Time elapsed: 2404 ms
[17:12:11] [Server thread/INFO]: Done (2.502s)! For help, type "help"
[17:12:11] [Server thread/INFO]: prep_A[/127.0.0.1:50168] logged in with entity id 1 at (0.5, 200.0, 0.5)
[17:12:11] [Server thread/INFO]: prep_A joined the game
[17:12:28] [Server thread/INFO]: prep_A lost connection: Disconnected
[17:12:28] [Server thread/INFO]: prep_A left the game
[17:12:28] [Server thread/INFO]: Stopping the server
[17:12:28] [Server thread/INFO]: Stopping server
[17:12:28] [Server thread/INFO]: Saving players
[17:12:28] [Server thread/INFO]: Saving worlds
[17:12:28] [Server thread/INFO]: Saving chunks for level 'ServerLevel[drop-recovery-world]'/minecraft:overworld
[17:12:29] [Server thread/INFO]: Saving chunks for level 'ServerLevel[drop-recovery-world]'/minecraft:the_nether
[17:12:29] [Server thread/INFO]: Saving chunks for level 'ServerLevel[drop-recovery-world]'/minecraft:the_end
[17:12:29] [Server thread/INFO]: ThreadedAnvilChunkStorage (drop-recovery-world): All chunks are saved
[17:12:29] [Server thread/INFO]: ThreadedAnvilChunkStorage (DIM-1): All chunks are saved
[17:12:29] [Server thread/INFO]: ThreadedAnvilChunkStorage (DIM1): All chunks are saved
[17:12:29] [Server thread/INFO]: ThreadedAnvilChunkStorage: All dimensions are saved
