Starting net.minecraft.server.Main
[10:05:32] [ServerMain/INFO]: Environment: authHost='https://authserver.mojang.com', accountsHost='https://api.mojang.com', sessionHost='https://sessionserver.mojang.com', servicesHost='https://api.minecraftservices.com', name='PROD'
[10:05:32] [Yggdrasil Key Fetcher/ERROR]: Failed to request yggdrasil public key
com.mojang.authlib.exceptions.AuthenticationUnavailableException: Cannot contact authentication server
	at com.mojang.authlib.yggdrasil.YggdrasilAuthenticationService.makeRequest(YggdrasilAuthenticationService.java:119) ~[authlib-4.0.43.jar:?]
	at com.mojang.authlib.yggdrasil.YggdrasilAuthenticationService.makeRequest(YggdrasilAuthenticationService.java:91) ~[authlib-4.0.43.jar:?]
	at com.mojang.authlib.yggdrasil.YggdrasilServicesKeyInfo.fetch(YggdrasilServicesKeyInfo.java:94) ~[authlib-4.0.43.jar:?]
	at com.mojang.authlib.yggdrasil.YggdrasilServicesKeyInfo.lambda$get$1(YggdrasilServicesKeyInfo.java:81) ~[authlib-4.0.43.jar:?]
	at java.util.concurrent.Executors$RunnableAdapter.call(Executors.java:539) ~[?:?]
	at java.util.concurrent.FutureTask.runAndReset(FutureTask.java:305) ~[?:?]
	at java.util.concurrent.ScheduledThreadPoolExecutor$ScheduledFutureTask.run(ScheduledThreadPoolExecutor.java:305) ~[?:?]
	at java.util.concurrent.ThreadPoolExecutor.runWorker(ThreadPoolExecutor.java:1136) ~[?:?]
	at java.util.concurrent.ThreadPoolExecutor$Worker.run(ThreadPoolExecutor.java:635) ~[?:?]
	at java.lang.Thread.run(Thread.java:840) ~[?:?]
Caused by: java.net.UnknownHostException: api.minecraftservices.com
	at sun.nio.ch.NioSocketImpl.connect(NioSocketImpl.java:572) ~[?:?]
	at java.net.SocksSocketImpl.connect(SocksSocketImpl.java:327) ~[?:?]
	at java.net.Socket.connect(Socket.java:633) ~[?:?]
	at sun.security.ssl.SSLSocketImpl.connect(SSLSocketImpl.java:304) ~[?:?]
	at sun.net.NetworkClient.doConnect(NetworkClient.java:178) ~[?:?]
	at sun.net.www.http.HttpClient.openServer(HttpClient.java:533) ~[?:?]
	at sun.net.www.http.HttpClient.openServer(HttpClient.java:638) ~[?:?]
	at sun.net.www.protocol.https.HttpsClient.<init>(HttpsClient.java:267) ~[?:?]
	at sun.net.www.protocol.https.HttpsClient.New(HttpsClient.java:381) ~[?:?]
	at sun.net.www.protocol.https.AbstractDelegateHttpsURLConnection.getNewHttpClient(AbstractDelegateHttpsURLConnection.java:196) ~[?:?]
	at sun.net.www.protocol.http.HttpURLConnection.plainConnect0(HttpURLConnection.java:1307) ~[?:?]
	at sun.net.www.protocol.http.HttpURLConnection.plainConnect(HttpURLConnection.java:1148) ~[?:?]
	at sun.net.www.protocol.http.HttpURLConnection.connect(HttpURLConnection.java:1077) ~[?:?]
	at sun.net.www.protocol.https.AbstractDelegateHttpsURLConnection.connect(AbstractDelegateHttpsURLConnection.java:181) ~[?:?]
	at sun.net.www.protocol.http.HttpURLConnection.getInputStream0(HttpURLConnection.java:1717) ~[?:?]
	at sun.net.www.protocol.http.HttpURLConnection.getInputStream(HttpURLConnection.java:1641) ~[?:?]
	at sun.net.www.protocol.https.HttpsURLConnectionImpl.getInputStream(HttpsURLConnectionImpl.java:224) ~[?:?]
	at com.mojang.authlib.HttpAuthenticationService.performGetRequest(HttpAuthenticationService.java:140) ~[authlib-4.0.43.jar:?]
	at com.mojang.authlib.yggdrasil.YggdrasilAuthenticationService.makeRequest(YggdrasilAuthenticationService.java:96) ~[authlib-4.0.43.jar:?]
	... 9 more
[10:05:33] [ServerMain/INFO]: Loaded 7 recipes
[10:05:33] [ServerMain/INFO]: Loaded 1271 advancements
[10:05:34] [Server thread/INFO]: Starting minecraft server version 1.20.1
[10:05:34] [Server thread/INFO]: Loading properties
[10:05:34] [Server thread/INFO]: Default game type: SURVIVAL
[10:05:34] [Server thread/INFO]: Generating keypair
[10:05:34] [Server thread/INFO]: Starting Minecraft server on 127.0.0.1:25566
[10:05:34] [Server thread/INFO]: Using epoll channel type
[10:05:34] [Server thread/WARN]: Failed to find a usable hardware address from the network interfaces; using random bytes: 3f:22:7b:3f:f3:af:92:93
[10:05:34] [Server thread/WARN]: **** SERVER IS RUNNING IN OFFLINE/INSECURE MODE!
[10:05:34] [Server thread/WARN]: The server will make no attempt to authenticate usernames. Beware.
[10:05:34] [Server thread/WARN]: While this makes the game possible to play without internet access, it also opens up the ability for hackers to connect with any username they choose.
[10:05:34] [Server thread/WARN]: To change this, set "online-mode" to "true" in the server.properties file.
[10:05:34] [Server thread/INFO]: Preparing level "preflight-world"
[10:05:34] [Server thread/INFO]: Preparing start region for dimension minecraft:overworld
[10:05:35] [Worker-Main-1/INFO]: Preparing spawn area: 0%
[10:05:35] [Worker-Main-5/INFO]: Preparing spawn area: 0%
[10:05:35] [Worker-Main-5/INFO]: Preparing spawn area: 0%
[10:05:35] [Worker-Main-5/INFO]: Preparing spawn area: 0%
[10:05:36] [Worker-Main-5/INFO]: Preparing spawn area: 45%
[10:05:36] [Server thread/INFO]: Time elapsed: 2254 ms
[10:05:36] [Server thread/INFO]: Done (2.356s)! For help, type "help"
[10:05:36] [Server thread/INFO]: Gamerule doDaylightCycle is now set to: false
[10:05:36] [Server thread/INFO]: Set the time to 1000
[10:05:37] [Server thread/INFO]: Gamerule doMobSpawning is now set to: false
[10:05:37] [Server thread/INFO]: Gamerule randomTickSpeed is now set to: 0
[10:05:37] [Server thread/INFO]: Gamerule naturalRegeneration is now set to: false
[10:05:45] [Server thread/INFO]: prep_A[/127.0.0.1:38936] logged in with entity id 1 at (0.5, 200.0, 0.5)
[10:05:45] [Server thread/INFO]: prep_A joined the game
[10:05:45] [Server thread/INFO]: The difficulty did not change; it is already set to peaceful
[10:05:45] [Server thread/INFO]: Set the time to 1000
[10:05:45] [Server thread/INFO]: No entity was found
[10:05:45] [Server thread/INFO]: Removed 2 item(s) from player prep_A
[10:05:45] [Server thread/INFO]: No blocks were filled
[10:05:46] [Server thread/INFO]: Successfully filled 3 block(s)
[10:05:46] [Server thread/INFO]: Teleported prep_A to 0.500000, 200.000000, 0.500000
[10:05:46] [Server thread/INFO]: Applied effect Saturation to prep_A
[10:05:46] [Server thread/INFO]: Applied effect Instant Health to prep_A
[10:05:48] [Server thread/INFO]: Target has no effects to remove
[10:05:48] [Server thread/INFO]: Gave 1 [Stick] to prep_A
[10:05:48] [Server thread/INFO]: Gave 1 [Stone Pickaxe] to prep_A
[10:05:48] [Server thread/INFO]: Changed the block at 0, 200, 2
[10:05:48] [Server thread/INFO]: Changed the block at 2, 200, 0
[10:05:48] [Server thread/INFO]: Changed the block at -1, 200, -1
[10:05:49] [Server thread/INFO]: Changed the block at 0, 201, 1
[10:05:49] [Server thread/INFO]: Changed the block at 1, 201, 0
[10:05:49] [Server thread/INFO]: The difficulty did not change; it is already set to peaceful
[10:05:49] [Server thread/INFO]: Set the time to 1000
[10:05:50] [Server thread/INFO]: No entity was found
[10:05:50] [Server thread/INFO]: Removed 2 item(s) from player prep_A
[10:05:50] [Server thread/INFO]: No blocks were filled
[10:05:50] [Server thread/INFO]: Successfully filled 5 block(s)
[10:05:50] [Server thread/INFO]: Teleported prep_A to 0.500000, 200.000000, 0.500000
[10:05:50] [Server thread/INFO]: Applied effect Saturation to prep_A
[10:05:51] [Server thread/INFO]: Applied effect Instant Health to prep_A
[10:05:52] [Server thread/INFO]: Target has no effects to remove
[10:05:52] [Server thread/INFO]: Gave 1 [Stick] to prep_A
[10:05:52] [Server thread/INFO]: Gave 1 [Stone Pickaxe] to prep_A
[10:05:52] [Server thread/INFO]: Changed the block at 0, 200, 2
[10:05:53] [Server thread/INFO]: Changed the block at 2, 200, 0
[10:05:53] [Server thread/INFO]: Changed the block at -1, 200, -1
[10:05:53] [Server thread/INFO]: Changed the block at 0, 201, 2
[10:05:53] [Server thread/INFO]: Changed the block at 2, 201, 0
[10:05:54] [Server thread/INFO]: The difficulty did not change; it is already set to peaceful
[10:05:54] [Server thread/INFO]: Set the time to 1000
[10:05:54] [Server thread/INFO]: No entity was found
[10:05:54] [Server thread/INFO]: Removed 2 item(s) from player prep_A
[10:05:54] [Server thread/INFO]: No blocks were filled
[10:05:55] [Server thread/INFO]: Successfully filled 5 block(s)
[10:05:55] [Server thread/INFO]: Teleported prep_A to 0.500000, 200.000000, 0.500000
[10:05:55] [Server thread/INFO]: Applied effect Saturation to prep_A
[10:05:55] [Server thread/INFO]: Applied effect Instant Health to prep_A
[10:05:56] [Server thread/INFO]: Target has no effects to remove
[10:05:57] [Server thread/INFO]: Gave 1 [Stick] to prep_A
[10:05:57] [Server thread/INFO]: Gave 1 [Stone Pickaxe] to prep_A
[10:05:57] [Server thread/INFO]: Changed the block at 0, 200, 2
[10:05:57] [Server thread/INFO]: Changed the block at 2, 200, 0
[10:05:57] [Server thread/INFO]: Changed the block at -1, 200, -1
[10:06:02] [Server thread/INFO]: The difficulty did not change; it is already set to peaceful
[10:06:03] [Server thread/INFO]: Set the time to 1000
[10:06:03] [Server thread/INFO]: No entity was found
[10:06:03] [Server thread/INFO]: Removed 2 item(s) from player prep_A
[10:06:03] [Server thread/INFO]: No blocks were filled
[10:06:03] [Server thread/INFO]: Successfully filled 1 block(s)
[10:06:03] [Server thread/INFO]: Teleported prep_A to 0.500000, 200.000000, 0.500000
[10:06:04] [Server thread/INFO]: Applied effect Saturation to prep_A
[10:06:04] [Server thread/INFO]: Applied effect Instant Health to prep_A
[10:06:05] [Server thread/INFO]: Target has no effects to remove
[10:06:05] [Server thread/INFO]: Gave 1 [Stick] to prep_A
[10:06:05] [Server thread/INFO]: Gave 1 [Stone Pickaxe] to prep_A
[10:06:06] [Server thread/INFO]: Changed the block at 0, 200, 2
[10:06:06] [Server thread/INFO]: Changed the block at 2, 200, 0
[10:06:06] [Server thread/INFO]: Changed the block at -1, 200, -1
[10:06:06] [Server thread/INFO]: Summoned new Pig
[10:06:07] [Server thread/INFO]: Applied effect Hunger to prep_A
[10:06:17] [Server thread/INFO]: The difficulty did not change; it is already set to peaceful
[10:06:17] [Server thread/INFO]: Set the time to 1000
[10:06:17] [Server thread/INFO]: Killed Pig
[10:06:17] [Server thread/INFO]: Removed 2 item(s) from player prep_A
[10:06:17] [Server thread/INFO]: No blocks were filled
[10:06:18] [Server thread/INFO]: Successfully filled 3 block(s)
[10:06:18] [Server thread/INFO]: Teleported prep_A to 0.500000, 200.000000, 0.500000
[10:06:18] [Server thread/INFO]: Applied effect Saturation to prep_A
[10:06:18] [Server thread/INFO]: Applied effect Instant Health to prep_A
[10:06:19] [Server thread/INFO]: Target has no effects to remove
[10:06:20] [Server thread/INFO]: Gave 1 [Stick] to prep_A
[10:06:20] [Server thread/INFO]: Gave 1 [Stone Pickaxe] to prep_A
[10:06:20] [Server thread/INFO]: Changed the block at 0, 200, 2
[10:06:20] [Server thread/INFO]: Changed the block at 2, 200, 0
[10:06:20] [Server thread/INFO]: Changed the block at -1, 200, -1
[10:06:21] [Server thread/INFO]: Removed 1 item(s) from player prep_A
[10:06:21] [Server thread/INFO]: Gave 1 [Stone Pickaxe] to prep_A
[10:06:21] [Server thread/INFO]: The difficulty did not change; it is already set to peaceful
[10:06:21] [Server thread/INFO]: Set the time to 1000
[10:06:22] [Server thread/INFO]: Killed Raw Porkchop
[10:06:22] [Server thread/INFO]: Removed 2 item(s) from player prep_A
[10:06:22] [Server thread/INFO]: No blocks were filled
[10:06:22] [Server thread/INFO]: Successfully filled 3 block(s)
[10:06:22] [Server thread/INFO]: Teleported prep_A to 0.500000, 200.000000, 0.500000
[10:06:22] [Server thread/INFO]: Applied effect Saturation to prep_A
[10:06:23] [Server thread/INFO]: Applied effect Instant Health to prep_A
[10:06:24] [Server thread/INFO]: Target has no effects to remove
[10:06:24] [Server thread/INFO]: Gave 1 [Stick] to prep_A
[10:06:24] [Server thread/INFO]: Gave 1 [Stone Pickaxe] to prep_A
[10:06:24] [Server thread/INFO]: Changed the block at 0, 200, 2
[10:06:25] [Server thread/INFO]: Changed the block at 2, 200, 0
[10:06:25] [Server thread/INFO]: Changed the block at -1, 200, -1
[10:06:25] [Server thread/INFO]: Changed the block at -1, 200, -1
[10:06:25] [Server thread/INFO]: The difficulty did not change; it is already set to peaceful
[10:06:26] [Server thread/INFO]: Set the time to 1000
[10:06:26] [Server thread/INFO]: No entity was found
[10:06:26] [Server thread/INFO]: Removed 2 item(s) from player prep_A
[10:06:26] [Server thread/INFO]: No blocks were filled
[10:06:26] [Server thread/INFO]: Successfully filled 2 block(s)
[10:06:26] [Server thread/INFO]: Teleported prep_A to 0.500000, 200.000000, 0.500000
[10:06:27] [Server thread/INFO]: Applied effect Saturation to prep_A
[10:06:27] [Server thread/INFO]: Applied effect Instant Health to prep_A
[10:06:28] [Server thread/INFO]: Target has no effects to remove
[10:06:28] [Server thread/INFO]: Gave 1 [Stick] to prep_A
[10:06:29] [Server thread/INFO]: Gave 1 [Stone Pickaxe] to prep_A
[10:06:29] [Server thread/INFO]: Changed the block at 0, 200, 2
[10:06:29] [Server thread/INFO]: Changed the block at 2, 200, 0
[10:06:29] [Server thread/INFO]: Changed the block at -1, 200, -1
[10:06:29] [Server thread/INFO]: Removed 1 item(s) from player prep_A
[10:06:30] [Server thread/INFO]: The difficulty did not change; it is already set to peaceful
[10:06:30] [Server thread/INFO]: Set the time to 1000
[10:06:30] [Server thread/INFO]: No entity was found
[10:06:30] [Server thread/INFO]: Removed 1 item(s) from player prep_A
[10:06:30] [Server thread/INFO]: No blocks were filled
[10:06:31] [Server thread/INFO]: Successfully filled 3 block(s)
[10:06:31] [Server thread/INFO]: Teleported prep_A to 0.500000, 200.000000, 0.500000
[10:06:31] [Server thread/INFO]: Applied effect Saturation to prep_A
[10:06:31] [Server thread/INFO]: Applied effect Instant Health to prep_A
[10:06:32] [Server thread/INFO]: Target has no effects to remove
[10:06:33] [Server thread/INFO]: Gave 1 [Stick] to prep_A
[10:06:33] [Server thread/INFO]: Gave 1 [Stone Pickaxe] to prep_A
[10:06:33] [Server thread/INFO]: Changed the block at 0, 200, 2
[10:06:33] [Server thread/INFO]: Changed the block at 2, 200, 0
[10:06:33] [Server thread/INFO]: Changed the block at -1, 200, -1
[10:06:34] [Server thread/INFO]: Changed the block at 0, 200, 2
[10:06:34] [Server thread/INFO]: The difficulty did not change; it is already set to peaceful
[10:06:34] [Server thread/INFO]: Set the time to 1000
[10:06:34] [Server thread/INFO]: No entity was found
[10:06:34] [Server thread/INFO]: Removed 2 item(s) from player prep_A
[10:06:35] [Server thread/INFO]: No blocks were filled
[10:06:35] [Server thread/INFO]: Successfully filled 3 block(s)
[10:06:35] [Server thread/INFO]: Teleported prep_A to 0.500000, 200.000000, 0.500000
[10:06:35] [Server thread/INFO]: Applied effect Saturation to prep_A
[10:06:35] [Server thread/INFO]: Applied effect Instant Health to prep_A
[10:06:37] [Server thread/INFO]: Target has no effects to remove
[10:06:37] [Server thread/INFO]: Gave 1 [Stick] to prep_A
[10:06:37] [Server thread/INFO]: Gave 1 [Stone Pickaxe] to prep_A
[10:06:37] [Server thread/INFO]: Changed the block at 0, 200, 2
[10:06:37] [Server thread/INFO]: Changed the block at 2, 200, 0
[10:06:38] [Server thread/INFO]: Changed the block at -1, 200, -1
[10:06:38] [Server thread/INFO]: The difficulty has been set to Normal
[10:06:38] [Server thread/INFO]: Summoned new Zombie
[10:06:41] [Server thread/INFO]: prep_A lost connection: Disconnected
[10:06:41] [Server thread/INFO]: prep_A left the game
[10:06:41] [Server thread/INFO]: Stopping the server
[10:06:41] [Server thread/INFO]: Stopping server
[10:06:41] [Server thread/INFO]: Saving players
[10:06:41] [Server thread/INFO]: Saving worlds
[10:06:41] [Server thread/INFO]: Saving chunks for level 'ServerLevel[preflight-world]'/minecraft:overworld
[10:06:42] [Server thread/INFO]: Saving chunks for level 'ServerLevel[preflight-world]'/minecraft:the_nether
[10:06:42] [Server thread/INFO]: Saving chunks for level 'ServerLevel[preflight-world]'/minecraft:the_end
[10:06:42] [Server thread/INFO]: ThreadedAnvilChunkStorage (preflight-world): All chunks are saved
[10:06:42] [Server thread/INFO]: ThreadedAnvilChunkStorage (DIM-1): All chunks are saved
[10:06:42] [Server thread/INFO]: ThreadedAnvilChunkStorage (DIM1): All chunks are saved
[10:06:42] [Server thread/INFO]: ThreadedAnvilChunkStorage: All dimensions are saved
