Starting net.minecraft.server.Main
[16:07:56] [ServerMain/INFO]: Environment: authHost='https://authserver.mojang.com', accountsHost='https://api.mojang.com', sessionHost='https://sessionserver.mojang.com', servicesHost='https://api.minecraftservices.com', name='PROD'
[16:07:56] [Yggdrasil Key Fetcher/ERROR]: Failed to request yggdrasil public key
com.mojang.authlib.exceptions.AuthenticationUnavailableException: Cannot contact authentication server
	at com.mojang.authlib.yggdrasil.YggdrasilAuthenticationService.makeRequest(YggdrasilAuthenticationService.java:119) ~[authlib-4.0.43.jar:?]
	at com.mojang.authlib.yggdrasil.YggdrasilAuthenticationService.makeRequest(YggdrasilAuthenticationService.java:91) ~[authlib-4.0.43.jar:?]
	at com.mojang.authlib.yggdrasil.YggdrasilServicesKeyInfo.fetch(YggdrasilServicesKeyInfo.java:94) ~[authlib-4.0.43.jar:?]
	at com.mojang.authlib.yggdrasil.YggdrasilServicesKeyInfo.lambda$get$1(YggdrasilServicesKeyInfo.java:81) ~[authlib-4.0.43.jar:?]
	at java.util.concurrent.Executors$RunnableAdapter.call(Executors.java:539) ~[?:?]
	at java.util.concurrent.FutureTask.runAndReset(FutureTask.java:305) ~[?:?]
	at java.util.concurrent.ScheduledThreadPoolExecutor$ScheduledFutureTask.run(ScheduledThreadPoolExecutor.java:305) ~[?:?]
	at java.util.concurrent.ThreadPoolExecutor.runWorker(ThreadPoolExecutor.java:1136) ~[?:?]
	at java.util.concurrent.ThreadPoolExecutor$Worker.run(ThreadPoolExecutor.java:635) ~[?:?]
	at java.lang.Thread.run(Thread.java:840) ~[?:?]
Caused by: java.net.UnknownHostException: api.minecraftservices.com
	at sun.nio.ch.NioSocketImpl.connect(NioSocketImpl.java:572) ~[?:?]
	at java.net.SocksSocketImpl.connect(SocksSocketImpl.java:327) ~[?:?]
	at java.net.Socket.connect(Socket.java:633) ~[?:?]
	at sun.security.ssl.SSLSocketImpl.connect(SSLSocketImpl.java:304) ~[?:?]
	at sun.net.NetworkClient.doConnect(NetworkClient.java:178) ~[?:?]
	at sun.net.www.http.HttpClient.openServer(HttpClient.java:533) ~[?:?]
	at sun.net.www.http.HttpClient.openServer(HttpClient.java:638) ~[?:?]
	at sun.net.www.protocol.https.HttpsClient.<init>(HttpsClient.java:267) ~[?:?]
	at sun.net.www.protocol.https.HttpsClient.New(HttpsClient.java:381) ~[?:?]
	at sun.net.www.protocol.https.AbstractDelegateHttpsURLConnection.getNewHttpClient(AbstractDelegateHttpsURLConnection.java:196) ~[?:?]
	at sun.net.www.protocol.http.HttpURLConnection.plainConnect0(HttpURLConnection.java:1307) ~[?:?]
	at sun.net.www.protocol.http.HttpURLConnection.plainConnect(HttpURLConnection.java:1148) ~[?:?]
	at sun.net.www.protocol.http.HttpURLConnection.connect(HttpURLConnection.java:1077) ~[?:?]
	at sun.net.www.protocol.https.AbstractDelegateHttpsURLConnection.connect(AbstractDelegateHttpsURLConnection.java:181) ~[?:?]
	at sun.net.www.protocol.http.HttpURLConnection.getInputStream0(HttpURLConnection.java:1717) ~[?:?]
	at sun.net.www.protocol.http.HttpURLConnection.getInputStream(HttpURLConnection.java:1641) ~[?:?]
	at sun.net.www.protocol.https.HttpsURLConnectionImpl.getInputStream(HttpsURLConnectionImpl.java:224) ~[?:?]
	at com.mojang.authlib.HttpAuthenticationService.performGetRequest(HttpAuthenticationService.java:140) ~[authlib-4.0.43.jar:?]
	at com.mojang.authlib.yggdrasil.YggdrasilAuthenticationService.makeRequest(YggdrasilAuthenticationService.java:96) ~[authlib-4.0.43.jar:?]
	... 9 more
[16:07:57] [ServerMain/INFO]: Loaded 7 recipes
[16:07:57] [ServerMain/INFO]: Loaded 1271 advancements
[16:07:57] [Server thread/INFO]: Starting minecraft server version 1.20.1
[16:07:57] [Server thread/INFO]: Loading properties
[16:07:57] [Server thread/INFO]: Default game type: SURVIVAL
[16:07:57] [Server thread/INFO]: Generating keypair
[16:07:57] [Server thread/INFO]: Starting Minecraft server on 127.0.0.1:25566
[16:07:57] [Server thread/INFO]: Using epoll channel type
[16:07:57] [Server thread/WARN]: Failed to find a usable hardware address from the network interfaces; using random bytes: cb:29:b0:64:90:2d:8d:4e
[16:07:57] [Server thread/WARN]: **** SERVER IS RUNNING IN OFFLINE/INSECURE MODE!
[16:07:57] [Server thread/WARN]: The server will make no attempt to authenticate usernames. Beware.
[16:07:57] [Server thread/WARN]: While this makes the game possible to play without internet access, it also opens up the ability for hackers to connect with any username they choose.
[16:07:57] [Server thread/WARN]: To change this, set "online-mode" to "true" in the server.properties file.
[16:07:57] [Server thread/INFO]: Preparing level "defense-handoff-world"
[16:07:57] [Server thread/INFO]: Preparing start region for dimension minecraft:overworld
[16:07:58] [Worker-Main-4/INFO]: Preparing spawn area: 0%
[16:07:58] [Worker-Main-1/INFO]: Preparing spawn area: 0%
[16:07:58] [Worker-Main-1/INFO]: Preparing spawn area: 0%
[16:07:59] [Worker-Main-5/INFO]: Preparing spawn area: 0%
[16:07:59] [Worker-Main-4/INFO]: Preparing spawn area: 74%
[16:07:59] [Server thread/INFO]: Time elapsed: 2140 ms
[16:07:59] [Server thread/INFO]: Done (2.224s)! For help, type "help"
[16:07:59] [Server thread/INFO]: Gamerule doDaylightCycle is now set to: false
[16:08:00] [Server thread/INFO]: Set the time to 1000
[16:08:00] [Server thread/INFO]: Gamerule doMobSpawning is now set to: false
[16:08:00] [Server thread/INFO]: Gamerule randomTickSpeed is now set to: 0
[16:08:00] [Server thread/INFO]: Gamerule naturalRegeneration is now set to: false
[16:08:08] [Server thread/INFO]: prep_A[/127.0.0.1:41594] logged in with entity id 2 at (1.4299455528477183, 200.0, 4.577299812202367)
[16:08:08] [Server thread/INFO]: prep_A joined the game
[16:08:08] [Server thread/INFO]: The difficulty did not change; it is already set to peaceful
[16:08:09] [Server thread/INFO]: Set the time to 1000
[16:08:09] [Server thread/INFO]: Killed Cow
[16:08:09] [Server thread/INFO]: Removed 3 item(s) from player prep_A
[16:08:09] [Server thread/INFO]: No blocks were filled
[16:08:09] [Server thread/INFO]: Successfully filled 2 block(s)
[16:08:10] [Server thread/INFO]: Teleported prep_A to 0.500000, 200.000000, 0.500000
[16:08:10] [Server thread/INFO]: Applied effect Saturation to prep_A
[16:08:10] [Server thread/INFO]: Applied effect Instant Health to prep_A
[16:08:11] [Server thread/INFO]: Target has no effects to remove
[16:08:11] [Server thread/INFO]: Gave 1 [Stick] to prep_A
[16:08:12] [Server thread/INFO]: Gave 1 [Stone Pickaxe] to prep_A
[16:08:12] [Server thread/INFO]: Changed the block at 0, 200, 2
[16:08:12] [Server thread/INFO]: Changed the block at 2, 200, 0
[16:08:12] [Server thread/INFO]: Changed the block at -1, 200, -1
[16:08:12] [Server thread/INFO]: The difficulty has been set to Normal
[16:08:13] [Server thread/INFO]: Applied effect Mining Fatigue to prep_A
[16:08:13] [Server thread/INFO]: Summoned new Zombie
[16:08:18] [Server thread/INFO]: Teleported Zombie to 1.100000, 200.000000, 2.410118
[16:08:18] [Server thread/INFO]: Summoned new Zombie
[16:08:18] [Server thread/INFO]: Killed Zombie
[16:08:20] [Server thread/INFO]: Removed every effect from prep_A
[16:08:20] [Server thread/INFO]: Killed Zombie
[16:08:21] [Server thread/INFO]: The difficulty has been set to Peaceful
[16:08:22] [Server thread/INFO]: Set the time to 1000
[16:08:22] [Server thread/INFO]: No entity was found
[16:08:22] [Server thread/INFO]: Removed 6 item(s) from player prep_A
[16:08:22] [Server thread/INFO]: No blocks were filled
[16:08:22] [Server thread/INFO]: Successfully filled 2 block(s)
[16:08:22] [Server thread/INFO]: Teleported prep_A to 0.500000, 200.000000, 0.500000
[16:08:23] [Server thread/INFO]: Applied effect Saturation to prep_A
[16:08:23] [Server thread/INFO]: Applied effect Instant Health to prep_A
[16:08:24] [Server thread/INFO]: Target has no effects to remove
[16:08:24] [Server thread/INFO]: Gave 1 [Stick] to prep_A
[16:08:24] [Server thread/INFO]: Gave 1 [Stone Pickaxe] to prep_A
[16:08:25] [Server thread/INFO]: Changed the block at 0, 200, 2
[16:08:25] [Server thread/INFO]: Changed the block at 2, 200, 0
[16:08:25] [Server thread/INFO]: Changed the block at -1, 200, -1
[16:08:25] [Server thread/INFO]: The difficulty has been set to Normal
[16:08:26] [Server thread/INFO]: Applied effect Mining Fatigue to prep_A
[16:08:26] [Server thread/INFO]: Summoned new Zombie
[16:08:31] [Server thread/INFO]: Teleported Zombie to 1.100000, 200.000000, 2.410118
[16:08:31] [Server thread/INFO]: Applied effect Resistance to prep_A
[16:08:31] [Server thread/INFO]: Summoned new Cow
[16:08:31] [Server thread/INFO]: Applied effect Hunger to prep_A
[16:08:37] [Server thread/INFO]: Removed every effect from prep_A
[16:08:37] [Server thread/INFO]: Killed Zombie
[16:08:39] [Server thread/INFO]: Target has no effects to remove
[16:08:39] [Server thread/INFO]: Applied effect Saturation to prep_A
[16:08:42] [Server thread/INFO]: prep_A lost connection: Disconnected
[16:08:42] [Server thread/INFO]: prep_A left the game
[16:08:42] [Server thread/INFO]: Stopping the server
[16:08:42] [Server thread/INFO]: Stopping server
[16:08:42] [Server thread/INFO]: Saving players
[16:08:42] [Server thread/INFO]: Saving worlds
[16:08:42] [Server thread/INFO]: Saving chunks for level 'ServerLevel[defense-handoff-world]'/minecraft:overworld
[16:08:43] [Server thread/INFO]: Saving chunks for level 'ServerLevel[defense-handoff-world]'/minecraft:the_nether
[16:08:43] [Server thread/INFO]: Saving chunks for level 'ServerLevel[defense-handoff-world]'/minecraft:the_end
[16:08:43] [Server thread/INFO]: ThreadedAnvilChunkStorage (defense-handoff-world): All chunks are saved
[16:08:43] [Server thread/INFO]: ThreadedAnvilChunkStorage (DIM-1): All chunks are saved
[16:08:43] [Server thread/INFO]: ThreadedAnvilChunkStorage (DIM1): All chunks are saved
[16:08:43] [Server thread/INFO]: ThreadedAnvilChunkStorage: All dimensions are saved
