Starting net.minecraft.server.Main
[17:03:38] [ServerMain/INFO]: Environment: authHost='https://authserver.mojang.com', accountsHost='https://api.mojang.com', sessionHost='https://sessionserver.mojang.com', servicesHost='https://api.minecraftservices.com', name='PROD'
[17:03:38] [Yggdrasil Key Fetcher/ERROR]: Failed to request yggdrasil public key
com.mojang.authlib.exceptions.AuthenticationUnavailableException: Cannot contact authentication server
	at com.mojang.authlib.yggdrasil.YggdrasilAuthenticationService.makeRequest(YggdrasilAuthenticationService.java:119) ~[authlib-4.0.43.jar:?]
	at com.mojang.authlib.yggdrasil.YggdrasilAuthenticationService.makeRequest(YggdrasilAuthenticationService.java:91) ~[authlib-4.0.43.jar:?]
	at com.mojang.authlib.yggdrasil.YggdrasilServicesKeyInfo.fetch(YggdrasilServicesKeyInfo.java:94) ~[authlib-4.0.43.jar:?]
	at com.mojang.authlib.yggdrasil.YggdrasilServicesKeyInfo.lambda$get$1(YggdrasilServicesKeyInfo.java:81) ~[authlib-4.0.43.jar:?]
	at java.util.concurrent.Executors$RunnableAdapter.call(Executors.java:539) ~[?:?]
	at java.util.concurrent.FutureTask.runAndReset(FutureTask.java:305) ~[?:?]
	at java.util.concurrent.ScheduledThreadPoolExecutor$ScheduledFutureTask.run(ScheduledThreadPoolExecutor.java:305) ~[?:?]
	at java.util.concurrent.ThreadPoolExecutor.runWorker(ThreadPoolExecutor.java:1136) ~[?:?]
	at java.util.concurrent.ThreadPoolExecutor$Worker.run(ThreadPoolExecutor.java:635) ~[?:?]
	at java.lang.Thread.run(Thread.java:840) ~[?:?]
Caused by: java.net.UnknownHostException: api.minecraftservices.com
	at sun.nio.ch.NioSocketImpl.connect(NioSocketImpl.java:572) ~[?:?]
	at java.net.SocksSocketImpl.connect(SocksSocketImpl.java:327) ~[?:?]
	at java.net.Socket.connect(Socket.java:633) ~[?:?]
	at sun.security.ssl.SSLSocketImpl.connect(SSLSocketImpl.java:304) ~[?:?]
	at sun.net.NetworkClient.doConnect(NetworkClient.java:178) ~[?:?]
	at sun.net.www.http.HttpClient.openServer(HttpClient.java:533) ~[?:?]
	at sun.net.www.http.HttpClient.openServer(HttpClient.java:638) ~[?:?]
	at sun.net.www.protocol.https.HttpsClient.<init>(HttpsClient.java:267) ~[?:?]
	at sun.net.www.protocol.https.HttpsClient.New(HttpsClient.java:381) ~[?:?]
	at sun.net.www.protocol.https.AbstractDelegateHttpsURLConnection.getNewHttpClient(AbstractDelegateHttpsURLConnection.java:196) ~[?:?]
	at sun.net.www.protocol.http.HttpURLConnection.plainConnect0(HttpURLConnection.java:1307) ~[?:?]
	at sun.net.www.protocol.http.HttpURLConnection.plainConnect(HttpURLConnection.java:1148) ~[?:?]
	at sun.net.www.protocol.http.HttpURLConnection.connect(HttpURLConnection.java:1077) ~[?:?]
	at sun.net.www.protocol.https.AbstractDelegateHttpsURLConnection.connect(AbstractDelegateHttpsURLConnection.java:181) ~[?:?]
	at sun.net.www.protocol.http.HttpURLConnection.getInputStream0(HttpURLConnection.java:1717) ~[?:?]
	at sun.net.www.protocol.http.HttpURLConnection.getInputStream(HttpURLConnection.java:1641) ~[?:?]
	at sun.net.www.protocol.https.HttpsURLConnectionImpl.getInputStream(HttpsURLConnectionImpl.java:224) ~[?:?]
	at com.mojang.authlib.HttpAuthenticationService.performGetRequest(HttpAuthenticationService.java:140) ~[authlib-4.0.43.jar:?]
	at com.mojang.authlib.yggdrasil.YggdrasilAuthenticationService.makeRequest(YggdrasilAuthenticationService.java:96) ~[authlib-4.0.43.jar:?]
	... 9 more
[17:03:38] [ServerMain/ERROR]: No key layers in MapLike[{}]
[17:03:39] [ServerMain/INFO]: Loaded 7 recipes
[17:03:39] [ServerMain/INFO]: Loaded 1271 advancements
[17:03:39] [Server thread/INFO]: Starting minecraft server version 1.20.1
[17:03:39] [Server thread/INFO]: Loading properties
[17:03:39] [Server thread/INFO]: Default game type: SURVIVAL
[17:03:39] [Server thread/INFO]: Generating keypair
[17:03:39] [Server thread/INFO]: Starting Minecraft server on 127.0.0.1:25566
[17:03:39] [Server thread/INFO]: Using epoll channel type
[17:03:40] [Server thread/WARN]: Failed to find a usable hardware address from the network interfaces; using random bytes: b9:f3:d9:42:69:dc:bc:36
[17:03:40] [Server thread/WARN]: **** SERVER IS RUNNING IN OFFLINE/INSECURE MODE!
[17:03:40] [Server thread/WARN]: The server will make no attempt to authenticate usernames. Beware.
[17:03:40] [Server thread/WARN]: While this makes the game possible to play without internet access, it also opens up the ability for hackers to connect with any username they choose.
[17:03:40] [Server thread/WARN]: To change this, set "online-mode" to "true" in the server.properties file.
[17:03:40] [Server thread/INFO]: Preparing level "drop-recovery-world"
[17:03:40] [Server thread/INFO]: Preparing start region for dimension minecraft:overworld
[17:03:41] [Worker-Main-4/INFO]: Preparing spawn area: 0%
[17:03:41] [Worker-Main-5/INFO]: Preparing spawn area: 0%
[17:03:41] [Worker-Main-6/INFO]: Preparing spawn area: 25%
[17:03:42] [Worker-Main-4/INFO]: Preparing spawn area: 90%
[17:03:42] [Server thread/INFO]: Time elapsed: 1557 ms
[17:03:42] [Server thread/INFO]: Done (2.042s)! For help, type "help"
[17:03:42] [Server thread/INFO]: Gamerule doDaylightCycle is now set to: false
[17:03:42] [Server thread/INFO]: Set the time to 1000
[17:03:42] [Server thread/INFO]: Gamerule doMobSpawning is now set to: false
[17:03:42] [Server thread/INFO]: Gamerule randomTickSpeed is now set to: 0
[17:03:42] [Server thread/INFO]: Gamerule naturalRegeneration is now set to: false
[17:03:51] [Server thread/INFO]: prep_A[/127.0.0.1:36892] logged in with entity id 1 at (-4.5, -60.0, -3.5)
[17:03:51] [Server thread/INFO]: prep_A joined the game
[17:03:51] [Server thread/INFO]: The difficulty did not change; it is already set to peaceful
[17:03:51] [Server thread/INFO]: Set the time to 1000
[17:03:51] [Server thread/INFO]: No entity was found
[17:03:51] [Server thread/INFO]: No items were found on player prep_A
[17:03:52] [Server thread/INFO]: Successfully filled 2809 block(s)
[17:03:52] [Server thread/INFO]: No blocks were filled
[17:03:52] [Server thread/INFO]: Teleported prep_A to 0.500000, 200.000000, 0.500000
[17:03:52] [Server thread/WARN]: prep_A moved too quickly! 5.0,260.0,4.0
[17:03:52] [Server thread/WARN]: prep_A moved too quickly! 5.0,260.0,4.0
[17:03:52] [Server thread/WARN]: prep_A moved too quickly! 5.0,260.0,4.0
[17:03:52] [Server thread/WARN]: prep_A moved too quickly! 5.0,260.0,4.0
[17:03:52] [Server thread/WARN]: prep_A moved too quickly! 5.0,260.0,4.0
[17:03:52] [Server thread/WARN]: prep_A moved too quickly! 5.0,260.0,4.0
[17:03:52] [Server thread/WARN]: prep_A moved too quickly! 5.0,260.0,4.0
[17:03:52] [Server thread/WARN]: prep_A moved too quickly! 5.0,260.0,4.0
[17:03:52] [Server thread/WARN]: prep_A moved too quickly! 5.0,260.0,4.0
[17:03:52] [Server thread/WARN]: prep_A moved too quickly! 5.0,260.0,4.0
[17:03:52] [Server thread/WARN]: prep_A moved too quickly! 5.0,260.0,4.0
[17:03:52] [Server thread/WARN]: prep_A moved too quickly! 5.0,260.0,4.0
[17:03:52] [Server thread/WARN]: prep_A moved too quickly! 5.0,260.0,4.0
[17:03:52] [Server thread/WARN]: prep_A moved too quickly! 5.0,260.0,4.0
[17:03:52] [Server thread/WARN]: prep_A moved too quickly! 5.0,260.0,4.0
[17:03:52] [Server thread/WARN]: prep_A moved too quickly! 5.0,260.0,4.0
[17:03:52] [Server thread/WARN]: prep_A moved too quickly! 5.0,260.0,4.0
[17:03:52] [Server thread/WARN]: prep_A moved too quickly! 5.0,260.0,4.0
[17:03:52] [Server thread/WARN]: prep_A moved too quickly! 5.0,260.0,4.0
[17:03:52] [Server thread/WARN]: prep_A moved too quickly! 5.0,260.0,4.0
[17:03:52] [Server thread/WARN]: prep_A moved too quickly! 5.0,260.0,4.0
[17:03:52] [Server thread/WARN]: prep_A moved too quickly! 5.0,260.0,4.0
[17:03:52] [Server thread/WARN]: prep_A moved too quickly! 5.0,260.0,4.0
[17:03:52] [Server thread/WARN]: prep_A moved too quickly! 5.0,260.0,4.0
[17:03:52] [Server thread/WARN]: prep_A moved too quickly! 5.0,260.0,4.0
[17:03:52] [Server thread/WARN]: prep_A moved too quickly! 5.0,260.0,4.0
[17:03:52] [Server thread/WARN]: prep_A moved too quickly! 5.0,260.0,4.0
[17:03:52] [Server thread/WARN]: prep_A moved too quickly! 5.0,260.0,4.0
[17:03:52] [Server thread/WARN]: prep_A moved too quickly! 5.0,260.0,4.0
[17:03:52] [Server thread/WARN]: prep_A moved too quickly! 5.0,260.0,4.0
[17:03:52] [Server thread/WARN]: prep_A moved too quickly! 5.0,260.0,4.0
[17:03:52] [Server thread/WARN]: prep_A moved too quickly! 5.0,260.0,4.0
[17:03:52] [Server thread/WARN]: prep_A moved too quickly! 5.0,260.0,4.0
[17:03:52] [Server thread/WARN]: prep_A moved too quickly! 5.0,260.0,4.0
[17:03:52] [Server thread/WARN]: prep_A moved too quickly! 5.0,260.0,4.0
[17:03:52] [Server thread/WARN]: prep_A moved too quickly! 5.0,260.0,4.0
[17:03:52] [Server thread/WARN]: prep_A moved too quickly! 5.0,260.0,4.0
[17:03:52] [Server thread/WARN]: prep_A moved too quickly! 5.0,260.0,4.0
[17:03:52] [Server thread/WARN]: prep_A moved too quickly! 5.0,260.0,4.0
[17:03:52] [Server thread/WARN]: prep_A moved too quickly! 5.0,260.0,4.0
[17:03:52] [Server thread/WARN]: prep_A moved too quickly! 5.0,260.0,4.0
[17:03:52] [Server thread/WARN]: prep_A moved too quickly! 5.0,260.0,4.0
[17:03:52] [Server thread/WARN]: prep_A moved too quickly! 5.0,260.0,4.0
[17:03:52] [Server thread/WARN]: prep_A moved too quickly! 5.0,260.0,4.0
[17:03:52] [Server thread/WARN]: prep_A moved too quickly! 5.0,260.0,4.0
[17:03:52] [Server thread/WARN]: prep_A moved too quickly! 5.0,260.0,4.0
[17:03:52] [Server thread/WARN]: prep_A moved too quickly! 5.0,260.0,4.0
[17:03:52] [Server thread/WARN]: prep_A moved too quickly! 5.0,260.0,4.0
[17:03:52] [Server thread/WARN]: prep_A moved too quickly! 5.0,260.0,4.0
[17:03:52] [Server thread/WARN]: prep_A moved too quickly! 5.0,260.0,4.0
[17:03:52] [Server thread/WARN]: prep_A moved too quickly! 5.0,260.0,4.0
[17:03:52] [Server thread/WARN]: prep_A moved too quickly! 5.0,260.0,4.0
[17:03:52] [Server thread/WARN]: prep_A moved too quickly! 5.0,260.0,4.0
[17:03:52] [Server thread/INFO]: Applied effect Saturation to prep_A
[17:03:52] [Server thread/INFO]: Applied effect Instant Health to prep_A
[17:03:54] [Server thread/INFO]: Target has no effects to remove
[17:03:54] [Server thread/INFO]: Gave 1 [Stick] to prep_A
[17:03:54] [Server thread/INFO]: prep_A has made the advancement [Getting an Upgrade]
[17:03:54] [Server thread/INFO]: Gave 1 [Stone Pickaxe] to prep_A
[17:03:54] [Server thread/INFO]: Changed the block at 0, 200, 2
[17:03:54] [Server thread/INFO]: Changed the block at 2, 200, 0
[17:03:55] [Server thread/INFO]: Changed the block at -1, 200, -1
[17:03:56] [Server thread/INFO]: prep_A lost connection: Disconnected
[17:03:56] [Server thread/INFO]: prep_A left the game
[17:03:56] [Server thread/INFO]: prep_A[/127.0.0.1:36906] logged in with entity id 5 at (0.5, 200.0, 0.5)
[17:03:56] [Server thread/INFO]: prep_A joined the game
[17:03:56] [Server thread/INFO]: prep_A has made the advancement [Stone Age]
[17:04:02] [Server thread/INFO]: prep_A lost connection: Disconnected
[17:04:02] [Server thread/INFO]: prep_A left the game
[17:04:02] [Server thread/INFO]: Stopping the server
[17:04:02] [Server thread/INFO]: Stopping server
[17:04:02] [Server thread/INFO]: Saving players
[17:04:02] [Server thread/INFO]: Saving worlds
[17:04:03] [Server thread/INFO]: Saving chunks for level 'ServerLevel[drop-recovery-world]'/minecraft:overworld
