wood_stone/1 [ 'gather_materials' ] forced, model_calls=0, shadow_http_calls=0
wood_stone/2 [ 'gather_materials' ] forced, model_calls=0, shadow_http_calls=0
stick_stone/1 [ 'gather_materials' ] forced, model_calls=0, shadow_http_calls=0
stick_stone/2 [ 'gather_materials' ] forced, model_calls=0, shadow_http_calls=0
cobble_wood/1 [ 'gather_materials' ] forced, model_calls=0, shadow_http_calls=0
cobble_wood/2 [ 'gather_materials' ] forced, model_calls=0, shadow_http_calls=0
wood_only/1 [ 'continue_objective' ] forced, model_calls=0, shadow_http_calls=0
wood_only/2 [ 'continue_objective' ] forced, model_calls=0, shadow_http_calls=0
stone_only/1 [ 'continue_objective' ] forced, model_calls=0, shadow_http_calls=0
stone_only/2 [ 'continue_objective' ] forced, model_calls=0, shadow_http_calls=0
iron_only/1 [ 'continue_objective' ] forced, model_calls=0, shadow_http_calls=0
iron_only/2 [ 'continue_objective' ] forced, model_calls=0, shadow_http_calls=0
iron_stone_no_stick/1 [ 'continue_objective' ] forced, model_calls=0, shadow_http_calls=0
iron_stone_no_stick/2 [ 'continue_objective' ] forced, model_calls=0, shadow_http_calls=0
one_plank_stone/1 [ 'continue_objective' ] forced, model_calls=0, shadow_http_calls=0
one_plank_stone/2 [ 'continue_objective' ] forced, model_calls=0, shadow_http_calls=0
threat/1 [ 'escape_danger' ] forced, model_calls=0, shadow_http_calls=0
threat/2 [ 'escape_danger' ] forced, model_calls=0, shadow_http_calls=0
critical_hunger/1 [ 'find_food' ] forced, model_calls=0, shadow_http_calls=0
critical_hunger/2 [ 'find_food' ] forced, model_calls=0, shadow_http_calls=0
cancel/1 [ 'stop_task' ] forced, model_calls=0, shadow_http_calls=0
cancel/2 [ 'stop_task' ] forced, model_calls=0, shadow_http_calls=0
AssertionError [ERR_ASSERTION]: {"ok":false,"code":"TIMEOUT","initial":{"health":20,"food":20,"inventory":{"stick":1,"stone_pickaxe":1},"inventoryLoad":0.05555555555555555,"equippedWeapon":null,"equippedTool":"stone_pickaxe","threat":null,"time":"day","atBase":false,"baseKnown":true,"baseDistance":299.50041736197966,"nearby":{"food":false,"wood":false,"stone":true,"iron":false,"foodDistance":null,"woodDistance":null,"stoneDistance":2,"ironDistance":null},"consecutiveFailures":0,"alternativeRoute":false,"waitReason":null,"cancellationRequested":false,"objective":{"type":"explore","completed":false},"craftable":[]},"intent":"gather_materials","plan":{"weapon":"stone_sword","missing":{"stick":0,"cobblestone":2},"collect":{"logs":0,"cobblestone":2},"conversions":[],"reason":"stone sword requires 2 cobblestone and 1 stick; one log yields 4 planks, 2 planks yield 4 sticks"},"steps":[{"task":"gather","resource":"cobblestone","requested":2,"collected":1,"before":{"stick":1,"stone_pickaxe":1},"after":{"stick":1,"stone_pickaxe":1,"cobblestone":1},"attempts":[{"targetBlock":"stone","targetPosition":{"x":0,"y":200,"z":2},"candidateCount":2,"alternateTargetCandidateObserved":true,"alternateTargetCandidateCount":1,"expectedItems":["cobblestone"],"inventoryBefore":0,"inventoryAfter":1,"delta":1,"itemConfirmed":true},{"targetBlock":"stone","targetPosition":{"x":2,"y":200,"z":0},"candidateCount":1,"alternateTargetCandidateObserved":false,"alternateTargetCandidateCount":0,"expectedItems":["cobblestone"],"inventoryBefore":1,"inventoryAfter":1,"delta":0,"itemConfirmed":false,"code":"CANCELLED","message":"caminho demorou demais"},{"code":"CANCELLED"}],"approvedPositions":["(2, 200, 0)","(0, 200, 2)"],"inventoryConfirmed":false}],"final":{"health":20,"food":20,"inventory":{"stick":1,"stone_pickaxe":1,"cobblestone":1},"inventoryLoad":0.08333333333333333,"equippedWeapon":null,"equippedTool":"stone_pickaxe","threat":null,"time":"day","atBase":false,"baseKnown":true,"baseDistance":298.1054435078019,"nearby":{"food":false,"wood":false,"stone":false,"iron":false,"foodDistance":null,"woodDistance":null,"stoneDistance":null,"ironDistance":null},"consecutiveFailures":0,"alternativeRoute":false,"waitReason":null,"cancellationRequested":false,"objective":{"type":"explore","completed":false},"craftable":[]},"juliaExecutionAuthority":"none"}

false !== true

    at main (/workspace/scratch/e3a0ba01b613/minecraft-mbot/docs/evidence/deterministic-material-preparation-1201/run.js:256:14) {
  generatedMessage: false,
  code: 'ERR_ASSERTION',
  actual: false,
  expected: true,
  operator: 'strictEqual',
  diff: 'simple'
}
