Starting net.minecraft.server.Main
[19:53:05] [ServerMain/INFO]: Environment: authHost='https://authserver.mojang.com', accountsHost='https://api.mojang.com', sessionHost='https://sessionserver.mojang.com', servicesHost='https://api.minecraftservices.com', name='PROD'
[19:53:05] [Yggdrasil Key Fetcher/ERROR]: Failed to request yggdrasil public key
com.mojang.authlib.exceptions.AuthenticationUnavailableException: Cannot contact authentication server
	at com.mojang.authlib.yggdrasil.YggdrasilAuthenticationService.makeRequest(YggdrasilAuthenticationService.java:119) ~[authlib-4.0.43.jar:?]
	at com.mojang.authlib.yggdrasil.YggdrasilAuthenticationService.makeRequest(YggdrasilAuthenticationService.java:91) ~[authlib-4.0.43.jar:?]
	at com.mojang.authlib.yggdrasil.YggdrasilServicesKeyInfo.fetch(YggdrasilServicesKeyInfo.java:94) ~[authlib-4.0.43.jar:?]
	at com.mojang.authlib.yggdrasil.YggdrasilServicesKeyInfo.lambda$get$1(YggdrasilServicesKeyInfo.java:81) ~[authlib-4.0.43.jar:?]
	at java.util.concurrent.Executors$RunnableAdapter.call(Executors.java:539) ~[?:?]
	at java.util.concurrent.FutureTask.runAndReset(FutureTask.java:305) ~[?:?]
	at java.util.concurrent.ScheduledThreadPoolExecutor$ScheduledFutureTask.run(ScheduledThreadPoolExecutor.java:305) ~[?:?]
	at java.util.concurrent.ThreadPoolExecutor.runWorker(ThreadPoolExecutor.java:1136) ~[?:?]
	at java.util.concurrent.ThreadPoolExecutor$Worker.run(ThreadPoolExecutor.java:635) ~[?:?]
	at java.lang.Thread.run(Thread.java:840) ~[?:?]
Caused by: java.net.UnknownHostException: api.minecraftservices.com
	at sun.nio.ch.NioSocketImpl.connect(NioSocketImpl.java:572) ~[?:?]
	at java.net.SocksSocketImpl.connect(SocksSocketImpl.java:327) ~[?:?]
	at java.net.Socket.connect(Socket.java:633) ~[?:?]
	at sun.security.ssl.SSLSocketImpl.connect(SSLSocketImpl.java:304) ~[?:?]
	at sun.net.NetworkClient.doConnect(NetworkClient.java:178) ~[?:?]
	at sun.net.www.http.HttpClient.openServer(HttpClient.java:533) ~[?:?]
	at sun.net.www.http.HttpClient.openServer(HttpClient.java:638) ~[?:?]
	at sun.net.www.protocol.https.HttpsClient.<init>(HttpsClient.java:267) ~[?:?]
	at sun.net.www.protocol.https.HttpsClient.New(HttpsClient.java:381) ~[?:?]
	at sun.net.www.protocol.https.AbstractDelegateHttpsURLConnection.getNewHttpClient(AbstractDelegateHttpsURLConnection.java:196) ~[?:?]
	at sun.net.www.protocol.http.HttpURLConnection.plainConnect0(HttpURLConnection.java:1307) ~[?:?]
	at sun.net.www.protocol.http.HttpURLConnection.plainConnect(HttpURLConnection.java:1148) ~[?:?]
	at sun.net.www.protocol.http.HttpURLConnection.connect(HttpURLConnection.java:1077) ~[?:?]
	at sun.net.www.protocol.https.AbstractDelegateHttpsURLConnection.connect(AbstractDelegateHttpsURLConnection.java:181) ~[?:?]
	at sun.net.www.protocol.http.HttpURLConnection.getInputStream0(HttpURLConnection.java:1717) ~[?:?]
	at sun.net.www.protocol.http.HttpURLConnection.getInputStream(HttpURLConnection.java:1641) ~[?:?]
	at sun.net.www.protocol.https.HttpsURLConnectionImpl.getInputStream(HttpsURLConnectionImpl.java:224) ~[?:?]
	at com.mojang.authlib.HttpAuthenticationService.performGetRequest(HttpAuthenticationService.java:140) ~[authlib-4.0.43.jar:?]
	at com.mojang.authlib.yggdrasil.YggdrasilAuthenticationService.makeRequest(YggdrasilAuthenticationService.java:96) ~[authlib-4.0.43.jar:?]
	... 9 more
[19:53:05] [ServerMain/ERROR]: No key layers in MapLike[{}]
[19:53:06] [ServerMain/INFO]: Loaded 7 recipes
[19:53:06] [ServerMain/INFO]: Loaded 1271 advancements
[19:53:06] [Server thread/INFO]: Starting minecraft server version 1.20.1
[19:53:06] [Server thread/INFO]: Loading properties
[19:53:06] [Server thread/INFO]: Default game type: SURVIVAL
[19:53:06] [Server thread/INFO]: Generating keypair
[19:53:06] [Server thread/INFO]: Starting Minecraft server on 127.0.0.1:25566
[19:53:06] [Server thread/INFO]: Using epoll channel type
[19:53:06] [Server thread/WARN]: Failed to find a usable hardware address from the network interfaces; using random bytes: df:a0:f9:73:b1:61:fb:8b
[19:53:06] [Server thread/WARN]: **** SERVER IS RUNNING IN OFFLINE/INSECURE MODE!
[19:53:06] [Server thread/WARN]: The server will make no attempt to authenticate usernames. Beware.
[19:53:06] [Server thread/WARN]: While this makes the game possible to play without internet access, it also opens up the ability for hackers to connect with any username they choose.
[19:53:06] [Server thread/WARN]: To change this, set "online-mode" to "true" in the server.properties file.
[19:53:06] [Server thread/INFO]: Preparing level "guardrail-world"
[19:53:07] [Server thread/INFO]: Preparing start region for dimension minecraft:overworld
[19:53:07] [Worker-Main-4/INFO]: Preparing spawn area: 0%
[19:53:07] [Worker-Main-1/INFO]: Preparing spawn area: 0%
[19:53:08] [Worker-Main-4/INFO]: Preparing spawn area: 26%
[19:53:08] [Worker-Main-3/INFO]: Preparing spawn area: 91%
[19:53:08] [Server thread/INFO]: Time elapsed: 1549 ms
[19:53:08] [Server thread/INFO]: Done (1.951s)! For help, type "help"
[19:53:08] [Server thread/INFO]: Gamerule doDaylightCycle is now set to: false
[19:53:08] [Server thread/INFO]: Set the time to 1000
[19:53:09] [Server thread/INFO]: Gamerule doMobSpawning is now set to: false
[19:53:09] [Server thread/INFO]: Gamerule randomTickSpeed is now set to: 0
[19:53:09] [Server thread/INFO]: Gamerule naturalRegeneration is now set to: false
[19:53:17] [Server thread/INFO]: guardrail_probe[/127.0.0.1:59250] logged in with entity id 1 at (-0.5, -60.0, 6.5)
[19:53:17] [Server thread/INFO]: guardrail_probe joined the game
[19:53:17] [Server thread/INFO]: The difficulty did not change; it is already set to peaceful
[19:53:17] [Server thread/INFO]: No entity was found
[19:53:17] [Server thread/INFO]: Set the time to 1000
[19:53:17] [Server thread/INFO]: Target has no effects to remove
[19:53:17] [Server thread/INFO]: No items were found on player guardrail_probe
[19:53:18] [Server thread/INFO]: Successfully filled 289 block(s)
[19:53:18] [Server thread/INFO]: No blocks were filled
[19:53:18] [Server thread/INFO]: Changed the block at 2, 200, 0
[19:53:18] [Server thread/INFO]: Changed the block at 0, 200, 2
[19:53:18] [Server thread/INFO]: Teleported guardrail_probe to 0.500000, 200.000000, 0.500000
[19:53:18] [Server thread/WARN]: guardrail_probe moved too quickly! 1.0,260.0,-6.0
[19:53:18] [Server thread/WARN]: guardrail_probe moved too quickly! 1.0,260.0,-6.0
[19:53:18] [Server thread/WARN]: guardrail_probe moved too quickly! 1.0,260.0,-6.0
[19:53:18] [Server thread/WARN]: guardrail_probe moved too quickly! 1.0,260.0,-6.0
[19:53:18] [Server thread/WARN]: guardrail_probe moved too quickly! 1.0,260.0,-6.0
[19:53:18] [Server thread/WARN]: guardrail_probe moved too quickly! 1.0,260.0,-6.0
[19:53:18] [Server thread/WARN]: guardrail_probe moved too quickly! 1.0,260.0,-6.0
[19:53:18] [Server thread/WARN]: guardrail_probe moved too quickly! 1.0,260.0,-6.0
[19:53:18] [Server thread/WARN]: guardrail_probe moved too quickly! 1.0,260.0,-6.0
[19:53:18] [Server thread/WARN]: guardrail_probe moved too quickly! 1.0,260.0,-6.0
[19:53:18] [Server thread/WARN]: guardrail_probe moved too quickly! 1.0,260.0,-6.0
[19:53:18] [Server thread/WARN]: guardrail_probe moved too quickly! 1.0,260.0,-6.0
[19:53:18] [Server thread/WARN]: guardrail_probe moved too quickly! 1.0,260.0,-6.0
[19:53:18] [Server thread/WARN]: guardrail_probe moved too quickly! 1.0,260.0,-6.0
[19:53:18] [Server thread/WARN]: guardrail_probe moved too quickly! 1.0,260.0,-6.0
[19:53:18] [Server thread/WARN]: guardrail_probe moved too quickly! 1.0,260.0,-6.0
[19:53:18] [Server thread/WARN]: guardrail_probe moved too quickly! 1.0,260.0,-6.0
[19:53:18] [Server thread/WARN]: guardrail_probe moved too quickly! 1.0,260.0,-6.0
[19:53:18] [Server thread/WARN]: guardrail_probe moved too quickly! 1.0,260.0,-6.0
[19:53:18] [Server thread/WARN]: guardrail_probe moved too quickly! 1.0,260.0,-6.0
[19:53:18] [Server thread/WARN]: guardrail_probe moved too quickly! 1.0,260.0,-6.0
[19:53:18] [Server thread/WARN]: guardrail_probe moved too quickly! 1.0,260.0,-6.0
[19:53:18] [Server thread/WARN]: guardrail_probe moved too quickly! 1.0,260.0,-6.0
[19:53:18] [Server thread/WARN]: guardrail_probe moved too quickly! 1.0,260.0,-6.0
[19:53:18] [Server thread/WARN]: guardrail_probe moved too quickly! 1.0,260.0,-6.0
[19:53:18] [Server thread/WARN]: guardrail_probe moved too quickly! 1.0,260.0,-6.0
[19:53:18] [Server thread/WARN]: guardrail_probe moved too quickly! 1.0,260.0,-6.0
[19:53:18] [Server thread/WARN]: guardrail_probe moved too quickly! 1.0,260.0,-6.0
[19:53:18] [Server thread/WARN]: guardrail_probe moved too quickly! 1.0,260.0,-6.0
[19:53:18] [Server thread/WARN]: guardrail_probe moved too quickly! 1.0,260.0,-6.0
[19:53:18] [Server thread/WARN]: guardrail_probe moved too quickly! 1.0,260.0,-6.0
[19:53:18] [Server thread/WARN]: guardrail_probe moved too quickly! 1.0,260.0,-6.0
[19:53:18] [Server thread/WARN]: guardrail_probe moved too quickly! 1.0,260.0,-6.0
[19:53:18] [Server thread/WARN]: guardrail_probe moved too quickly! 1.0,260.0,-6.0
[19:53:18] [Server thread/INFO]: Applied effect Saturation to guardrail_probe
[19:53:20] [Server thread/INFO]: Target has no effects to remove
[19:53:20] [Server thread/INFO]: The difficulty did not change; it is already set to peaceful
[19:53:20] [Server thread/INFO]: No entity was found
[19:53:21] [Server thread/INFO]: Set the time to 1000
[19:53:21] [Server thread/INFO]: Target has no effects to remove
[19:53:21] [Server thread/INFO]: No items were found on player guardrail_probe
[19:53:21] [Server thread/INFO]: No blocks were filled
[19:53:21] [Server thread/INFO]: Successfully filled 2 block(s)
[19:53:22] [Server thread/INFO]: Changed the block at 2, 200, 0
[19:53:22] [Server thread/INFO]: Changed the block at 0, 200, 2
[19:53:22] [Server thread/INFO]: Teleported guardrail_probe to 0.500000, 200.000000, 0.500000
[19:53:22] [Server thread/INFO]: Applied effect Saturation to guardrail_probe
[19:53:23] [Server thread/INFO]: Target has no effects to remove
[19:53:24] [Server thread/INFO]: The difficulty did not change; it is already set to peaceful
[19:53:24] [Server thread/INFO]: No entity was found
[19:53:24] [Server thread/INFO]: Set the time to 1000
[19:53:24] [Server thread/INFO]: Target has no effects to remove
[19:53:25] [Server thread/INFO]: No items were found on player guardrail_probe
[19:53:25] [Server thread/INFO]: No blocks were filled
[19:53:25] [Server thread/INFO]: Successfully filled 2 block(s)
[19:53:25] [Server thread/INFO]: Changed the block at 2, 200, 0
[19:53:25] [Server thread/INFO]: Changed the block at 0, 200, 2
[19:53:25] [Server thread/INFO]: Teleported guardrail_probe to 0.500000, 200.000000, 0.500000
[19:53:26] [Server thread/INFO]: Applied effect Saturation to guardrail_probe
[19:53:27] [Server thread/INFO]: Target has no effects to remove
[19:53:27] [Server thread/INFO]: The difficulty did not change; it is already set to peaceful
[19:53:28] [Server thread/INFO]: No entity was found
[19:53:28] [Server thread/INFO]: Set the time to 1000
[19:53:28] [Server thread/INFO]: Target has no effects to remove
[19:53:28] [Server thread/INFO]: No items were found on player guardrail_probe
[19:53:28] [Server thread/INFO]: No blocks were filled
[19:53:28] [Server thread/INFO]: Successfully filled 2 block(s)
[19:53:29] [Server thread/INFO]: Changed the block at 2, 200, 0
[19:53:29] [Server thread/INFO]: Changed the block at 0, 200, 2
[19:53:29] [Server thread/INFO]: Changed the block at -2, 200, 0
[19:53:29] [Server thread/INFO]: Teleported guardrail_probe to 0.500000, 200.000000, 0.500000
[19:53:29] [Server thread/INFO]: Applied effect Saturation to guardrail_probe
[19:53:31] [Server thread/INFO]: Target has no effects to remove
[19:53:31] [Server thread/INFO]: guardrail_probe has made the advancement [Getting an Upgrade]
[19:53:31] [Server thread/INFO]: Gave 1 [Stone Pickaxe] to guardrail_probe
[19:53:31] [Server thread/INFO]: The difficulty did not change; it is already set to peaceful
[19:53:32] [Server thread/INFO]: No entity was found
[19:53:32] [Server thread/INFO]: Set the time to 1000
[19:53:32] [Server thread/INFO]: Target has no effects to remove
[19:53:32] [Server thread/INFO]: Removed 1 item(s) from player guardrail_probe
[19:53:32] [Server thread/INFO]: No blocks were filled
[19:53:32] [Server thread/INFO]: Successfully filled 3 block(s)
[19:53:33] [Server thread/INFO]: Changed the block at 2, 200, 0
[19:53:33] [Server thread/INFO]: Changed the block at 0, 200, 2
[19:53:33] [Server thread/INFO]: Changed the block at -2, 200, 0
[19:53:33] [Server thread/INFO]: Teleported guardrail_probe to 0.500000, 200.000000, 0.500000
[19:53:33] [Server thread/INFO]: Applied effect Saturation to guardrail_probe
[19:53:35] [Server thread/INFO]: Target has no effects to remove
[19:53:35] [Server thread/INFO]: Gave 1 [Stone Pickaxe] to guardrail_probe
[19:53:35] [Server thread/INFO]: The difficulty did not change; it is already set to peaceful
[19:53:35] [Server thread/INFO]: No entity was found
[19:53:36] [Server thread/INFO]: Set the time to 1000
[19:53:36] [Server thread/INFO]: Target has no effects to remove
[19:53:36] [Server thread/INFO]: Removed 1 item(s) from player guardrail_probe
[19:53:36] [Server thread/INFO]: No blocks were filled
[19:53:36] [Server thread/INFO]: Successfully filled 3 block(s)
[19:53:37] [Server thread/INFO]: Changed the block at 2, 200, 0
[19:53:37] [Server thread/INFO]: Changed the block at 0, 200, 2
[19:53:37] [Server thread/INFO]: Changed the block at -2, 200, 0
[19:53:37] [Server thread/INFO]: Teleported guardrail_probe to 0.500000, 200.000000, 0.500000
[19:53:37] [Server thread/INFO]: Applied effect Saturation to guardrail_probe
[19:53:39] [Server thread/INFO]: Target has no effects to remove
[19:53:39] [Server thread/INFO]: Gave 1 [Stone Pickaxe] to guardrail_probe
[19:53:39] [Server thread/INFO]: The difficulty did not change; it is already set to peaceful
[19:53:39] [Server thread/INFO]: No entity was found
[19:53:40] [Server thread/INFO]: Set the time to 1000
[19:53:40] [Server thread/INFO]: Target has no effects to remove
[19:53:40] [Server thread/INFO]: Removed 1 item(s) from player guardrail_probe
[19:53:40] [Server thread/INFO]: No blocks were filled
[19:53:40] [Server thread/INFO]: Successfully filled 3 block(s)
[19:53:40] [Server thread/INFO]: Teleported guardrail_probe to 0.500000, 200.000000, 0.500000
[19:53:41] [Server thread/INFO]: Applied effect Saturation to guardrail_probe
[19:53:42] [Server thread/INFO]: Target has no effects to remove
[19:53:42] [Server thread/INFO]: The difficulty did not change; it is already set to peaceful
[19:53:43] [Server thread/INFO]: No entity was found
[19:53:43] [Server thread/INFO]: Set the time to 1000
[19:53:43] [Server thread/INFO]: Target has no effects to remove
[19:53:43] [Server thread/INFO]: No items were found on player guardrail_probe
[19:53:43] [Server thread/INFO]: No blocks were filled
[19:53:43] [Server thread/INFO]: No blocks were filled
[19:53:44] [Server thread/INFO]: Teleported guardrail_probe to 0.500000, 200.000000, 0.500000
[19:53:44] [Server thread/INFO]: Applied effect Saturation to guardrail_probe
[19:53:45] [Server thread/INFO]: Target has no effects to remove
[19:53:46] [Server thread/INFO]: The difficulty did not change; it is already set to peaceful
[19:53:46] [Server thread/INFO]: No entity was found
[19:53:46] [Server thread/INFO]: Set the time to 1000
[19:53:46] [Server thread/INFO]: Target has no effects to remove
[19:53:46] [Server thread/INFO]: No items were found on player guardrail_probe
[19:53:47] [Server thread/INFO]: No blocks were filled
[19:53:47] [Server thread/INFO]: No blocks were filled
[19:53:47] [Server thread/INFO]: Changed the block at 2, 200, 0
[19:53:47] [Server thread/INFO]: Changed the block at 0, 200, 2
[19:53:47] [Server thread/INFO]: Teleported guardrail_probe to 0.500000, 200.000000, 0.500000
[19:53:47] [Server thread/INFO]: Applied effect Saturation to guardrail_probe
[19:53:49] [Server thread/INFO]: Target has no effects to remove
[19:53:49] [Server thread/INFO]: The difficulty has been set to Normal
[19:53:49] [Server thread/INFO]: Set the time to 18000
[19:53:50] [Server thread/INFO]: Summoned new Zombie
[19:53:50] [Server thread/INFO]: The difficulty has been set to Peaceful
[19:53:50] [Server thread/INFO]: No entity was found
[19:53:50] [Server thread/INFO]: Set the time to 1000
[19:53:50] [Server thread/INFO]: Target has no effects to remove
[19:53:50] [Server thread/INFO]: No items were found on player guardrail_probe
[19:53:51] [Server thread/INFO]: No blocks were filled
[19:53:51] [Server thread/INFO]: Successfully filled 2 block(s)
[19:53:51] [Server thread/INFO]: Changed the block at 2, 200, 0
[19:53:51] [Server thread/INFO]: Changed the block at 0, 200, 2
[19:53:51] [Server thread/INFO]: Teleported guardrail_probe to 0.500000, 200.000000, 0.500000
[19:53:52] [Server thread/INFO]: Applied effect Saturation to guardrail_probe
[19:53:53] [Server thread/INFO]: Target has no effects to remove
[19:53:53] [Server thread/INFO]: The difficulty has been set to Normal
[19:53:53] [Server thread/INFO]: Set the time to 18000
[19:53:54] [Server thread/INFO]: Summoned new Zombie
[19:53:54] [Server thread/INFO]: The difficulty has been set to Peaceful
[19:53:54] [Server thread/INFO]: No entity was found
[19:53:54] [Server thread/INFO]: Set the time to 1000
[19:53:54] [Server thread/INFO]: Target has no effects to remove
[19:53:55] [Server thread/INFO]: No items were found on player guardrail_probe
[19:53:55] [Server thread/INFO]: No blocks were filled
[19:53:55] [Server thread/INFO]: Successfully filled 2 block(s)
[19:53:55] [Server thread/INFO]: Changed the block at 2, 200, 0
[19:53:55] [Server thread/INFO]: Changed the block at 0, 200, 2
[19:53:55] [Server thread/INFO]: Teleported guardrail_probe to 0.500000, 200.000000, 0.500000
[19:53:56] [Server thread/INFO]: Applied effect Saturation to guardrail_probe
[19:53:57] [Server thread/INFO]: Target has no effects to remove
[19:53:57] [Server thread/INFO]: The difficulty has been set to Normal
[19:53:58] [Server thread/INFO]: Summoned new Cow
[19:53:58] [Server thread/INFO]: Applied effect Hunger to guardrail_probe
[19:54:03] [Server thread/INFO]: Removed effect Hunger from guardrail_probe
[19:54:03] [Server thread/INFO]: The difficulty has been set to Peaceful
[19:54:04] [Server thread/INFO]: Killed Cow
[19:54:04] [Server thread/INFO]: Set the time to 1000
[19:54:04] [Server thread/INFO]: Target has no effects to remove
[19:54:04] [Server thread/INFO]: No items were found on player guardrail_probe
[19:54:04] [Server thread/INFO]: No blocks were filled
[19:54:05] [Server thread/INFO]: Successfully filled 2 block(s)
[19:54:05] [Server thread/INFO]: Changed the block at 2, 200, 0
[19:54:05] [Server thread/INFO]: Changed the block at 0, 200, 2
[19:54:05] [Server thread/INFO]: Teleported guardrail_probe to 0.500000, 200.000000, 0.500000
[19:54:05] [Server thread/INFO]: Applied effect Saturation to guardrail_probe
[19:54:07] [Server thread/INFO]: Target has no effects to remove
[19:54:07] [Server thread/INFO]: The difficulty has been set to Normal
[19:54:07] [Server thread/INFO]: Summoned new Cow
[19:54:07] [Server thread/INFO]: Applied effect Hunger to guardrail_probe
[19:54:13] [Server thread/INFO]: Removed effect Hunger from guardrail_probe
[19:54:13] [Server thread/INFO]: guardrail_probe lost connection: Disconnected
[19:54:13] [Server thread/INFO]: guardrail_probe left the game
[19:54:13] [Server thread/INFO]: Stopping the server
[19:54:13] [Server thread/INFO]: Stopping server
[19:54:13] [Server thread/INFO]: Saving players
[19:54:13] [Server thread/INFO]: Saving worlds
[19:54:13] [Server thread/INFO]: Saving chunks for level 'ServerLevel[guardrail-world]'/minecraft:overworld
[19:54:14] [Server thread/INFO]: Saving chunks for level 'ServerLevel[guardrail-world]'/minecraft:the_end
[19:54:14] [Server thread/INFO]: Saving chunks for level 'ServerLevel[guardrail-world]'/minecraft:the_nether
[19:54:14] [Server thread/INFO]: ThreadedAnvilChunkStorage (guardrail-world): All chunks are saved
[19:54:14] [Server thread/INFO]: ThreadedAnvilChunkStorage (DIM1): All chunks are saved
[19:54:14] [Server thread/INFO]: ThreadedAnvilChunkStorage (DIM-1): All chunks are saved
[19:54:14] [Server thread/INFO]: ThreadedAnvilChunkStorage: All dimensions are saved
