Starting net.minecraft.server.Main
[20:40:42] [ServerMain/INFO]: Environment: authHost='https://authserver.mojang.com', accountsHost='https://api.mojang.com', sessionHost='https://sessionserver.mojang.com', servicesHost='https://api.minecraftservices.com', name='PROD'
[20:40:42] [Yggdrasil Key Fetcher/ERROR]: Failed to request yggdrasil public key
com.mojang.authlib.exceptions.AuthenticationUnavailableException: Cannot contact authentication server
	at com.mojang.authlib.yggdrasil.YggdrasilAuthenticationService.makeRequest(YggdrasilAuthenticationService.java:119) ~[authlib-4.0.43.jar:?]
	at com.mojang.authlib.yggdrasil.YggdrasilAuthenticationService.makeRequest(YggdrasilAuthenticationService.java:91) ~[authlib-4.0.43.jar:?]
	at com.mojang.authlib.yggdrasil.YggdrasilServicesKeyInfo.fetch(YggdrasilServicesKeyInfo.java:94) ~[authlib-4.0.43.jar:?]
	at com.mojang.authlib.yggdrasil.YggdrasilServicesKeyInfo.lambda$get$1(YggdrasilServicesKeyInfo.java:81) ~[authlib-4.0.43.jar:?]
	at java.util.concurrent.Executors$RunnableAdapter.call(Executors.java:539) ~[?:?]
	at java.util.concurrent.FutureTask.runAndReset(FutureTask.java:305) ~[?:?]
	at java.util.concurrent.ScheduledThreadPoolExecutor$ScheduledFutureTask.run(ScheduledThreadPoolExecutor.java:305) ~[?:?]
	at java.util.concurrent.ThreadPoolExecutor.runWorker(ThreadPoolExecutor.java:1136) ~[?:?]
	at java.util.concurrent.ThreadPoolExecutor$Worker.run(ThreadPoolExecutor.java:635) ~[?:?]
	at java.lang.Thread.run(Thread.java:840) ~[?:?]
Caused by: java.net.UnknownHostException: api.minecraftservices.com
	at sun.nio.ch.NioSocketImpl.connect(NioSocketImpl.java:572) ~[?:?]
	at java.net.SocksSocketImpl.connect(SocksSocketImpl.java:327) ~[?:?]
	at java.net.Socket.connect(Socket.java:633) ~[?:?]
	at sun.security.ssl.SSLSocketImpl.connect(SSLSocketImpl.java:304) ~[?:?]
	at sun.net.NetworkClient.doConnect(NetworkClient.java:178) ~[?:?]
	at sun.net.www.http.HttpClient.openServer(HttpClient.java:533) ~[?:?]
	at sun.net.www.http.HttpClient.openServer(HttpClient.java:638) ~[?:?]
	at sun.net.www.protocol.https.HttpsClient.<init>(HttpsClient.java:267) ~[?:?]
	at sun.net.www.protocol.https.HttpsClient.New(HttpsClient.java:381) ~[?:?]
	at sun.net.www.protocol.https.AbstractDelegateHttpsURLConnection.getNewHttpClient(AbstractDelegateHttpsURLConnection.java:196) ~[?:?]
	at sun.net.www.protocol.http.HttpURLConnection.plainConnect0(HttpURLConnection.java:1307) ~[?:?]
	at sun.net.www.protocol.http.HttpURLConnection.plainConnect(HttpURLConnection.java:1148) ~[?:?]
	at sun.net.www.protocol.http.HttpURLConnection.connect(HttpURLConnection.java:1077) ~[?:?]
	at sun.net.www.protocol.https.AbstractDelegateHttpsURLConnection.connect(AbstractDelegateHttpsURLConnection.java:181) ~[?:?]
	at sun.net.www.protocol.http.HttpURLConnection.getInputStream0(HttpURLConnection.java:1717) ~[?:?]
	at sun.net.www.protocol.http.HttpURLConnection.getInputStream(HttpURLConnection.java:1641) ~[?:?]
	at sun.net.www.protocol.https.HttpsURLConnectionImpl.getInputStream(HttpsURLConnectionImpl.java:224) ~[?:?]
	at com.mojang.authlib.HttpAuthenticationService.performGetRequest(HttpAuthenticationService.java:140) ~[authlib-4.0.43.jar:?]
	at com.mojang.authlib.yggdrasil.YggdrasilAuthenticationService.makeRequest(YggdrasilAuthenticationService.java:96) ~[authlib-4.0.43.jar:?]
	... 9 more
[20:40:42] [ServerMain/ERROR]: No key layers in MapLike[{}]
[20:40:43] [ServerMain/INFO]: Loaded 7 recipes
[20:40:43] [ServerMain/INFO]: Loaded 1271 advancements
[20:40:43] [Server thread/INFO]: Starting minecraft server version 1.20.1
[20:40:43] [Server thread/INFO]: Loading properties
[20:40:43] [Server thread/INFO]: Default game type: SURVIVAL
[20:40:43] [Server thread/INFO]: Generating keypair
[20:40:43] [Server thread/INFO]: Starting Minecraft server on 127.0.0.1:25566
[20:40:43] [Server thread/INFO]: Using epoll channel type
[20:40:43] [Server thread/WARN]: Failed to find a usable hardware address from the network interfaces; using random bytes: 1c:fb:67:32:4e:ac:a6:ba
[20:40:43] [Server thread/WARN]: **** SERVER IS RUNNING IN OFFLINE/INSECURE MODE!
[20:40:43] [Server thread/WARN]: The server will make no attempt to authenticate usernames. Beware.
[20:40:43] [Server thread/WARN]: While this makes the game possible to play without internet access, it also opens up the ability for hackers to connect with any username they choose.
[20:40:43] [Server thread/WARN]: To change this, set "online-mode" to "true" in the server.properties file.
[20:40:43] [Server thread/INFO]: Preparing level "interruption-world"
[20:40:44] [Server thread/INFO]: Preparing start region for dimension minecraft:overworld
[20:40:44] [Worker-Main-5/INFO]: Preparing spawn area: 0%
[20:40:44] [Worker-Main-1/INFO]: Preparing spawn area: 0%
[20:40:45] [Worker-Main-2/INFO]: Preparing spawn area: 24%
[20:40:45] [Worker-Main-3/INFO]: Preparing spawn area: 93%
[20:40:45] [Server thread/INFO]: Time elapsed: 1538 ms
[20:40:45] [Server thread/INFO]: Done (1.949s)! For help, type "help"
[20:40:45] [Server thread/INFO]: Gamerule doDaylightCycle is now set to: false
[20:40:45] [Server thread/INFO]: Set the time to 1000
[20:40:45] [Server thread/INFO]: Gamerule doMobSpawning is now set to: false
[20:40:46] [Server thread/INFO]: Gamerule randomTickSpeed is now set to: 0
[20:40:46] [Server thread/INFO]: Gamerule naturalRegeneration is now set to: false
[20:40:53] [Server thread/INFO]: prep_A[/127.0.0.1:41090] logged in with entity id 1 at (8.5, -60.0, -1.5)
[20:40:53] [Server thread/INFO]: prep_A joined the game
[20:40:54] [Server thread/INFO]: prep_B[/127.0.0.1:41102] logged in with entity id 2 at (-0.5, -60.0, 4.5)
[20:40:54] [Server thread/INFO]: prep_B joined the game
[20:40:54] [Server thread/INFO]: The difficulty did not change; it is already set to peaceful
[20:40:54] [Server thread/INFO]: No entity was found
[20:40:54] [Server thread/INFO]: No items were found on player prep_A
[20:40:54] [Server thread/INFO]: Successfully filled 121 block(s)
[20:40:54] [Server thread/INFO]: No blocks were filled
[20:40:54] [Server thread/INFO]: Teleported prep_A to 0.500000, 200.000000, 0.500000
[20:40:54] [Server thread/WARN]: prep_A moved too quickly! -8.0,260.0,2.0
[20:40:55] [Server thread/WARN]: prep_A moved too quickly! -8.0,260.0,2.0
[20:40:55] [Server thread/WARN]: prep_A moved too quickly! -8.0,260.0,2.0
[20:40:55] [Server thread/WARN]: prep_A moved too quickly! -8.0,260.0,2.0
[20:40:55] [Server thread/WARN]: prep_A moved too quickly! -8.0,260.0,2.0
[20:40:55] [Server thread/WARN]: prep_A moved too quickly! -8.0,260.0,2.0
[20:40:55] [Server thread/WARN]: prep_A moved too quickly! -8.0,260.0,2.0
[20:40:55] [Server thread/WARN]: prep_A moved too quickly! -8.0,260.0,2.0
[20:40:55] [Server thread/WARN]: prep_A moved too quickly! -8.0,260.0,2.0
[20:40:55] [Server thread/WARN]: prep_A moved too quickly! -8.0,260.0,2.0
[20:40:55] [Server thread/WARN]: prep_A moved too quickly! -8.0,260.0,2.0
[20:40:55] [Server thread/WARN]: prep_A moved too quickly! -8.0,260.0,2.0
[20:40:55] [Server thread/WARN]: prep_A moved too quickly! -8.0,260.0,2.0
[20:40:55] [Server thread/WARN]: prep_A moved too quickly! -8.0,260.0,2.0
[20:40:55] [Server thread/WARN]: prep_A moved too quickly! -8.0,260.0,2.0
[20:40:55] [Server thread/WARN]: prep_A moved too quickly! -8.0,260.0,2.0
[20:40:55] [Server thread/WARN]: prep_A moved too quickly! -8.0,260.0,2.0
[20:40:55] [Server thread/WARN]: prep_A moved too quickly! -8.0,260.0,2.0
[20:40:55] [Server thread/WARN]: prep_A moved too quickly! -8.0,260.0,2.0
[20:40:55] [Server thread/WARN]: prep_A moved too quickly! -8.0,260.0,2.0
[20:40:55] [Server thread/WARN]: prep_A moved too quickly! -8.0,260.0,2.0
[20:40:55] [Server thread/WARN]: prep_A moved too quickly! -8.0,260.0,2.0
[20:40:55] [Server thread/WARN]: prep_A moved too quickly! -8.0,260.0,2.0
[20:40:55] [Server thread/WARN]: prep_A moved too quickly! -8.0,260.0,2.0
[20:40:55] [Server thread/WARN]: prep_A moved too quickly! -8.0,260.0,2.0
[20:40:55] [Server thread/WARN]: prep_A moved too quickly! -8.0,260.0,2.0
[20:40:55] [Server thread/WARN]: prep_A moved too quickly! -8.0,260.0,2.0
[20:40:55] [Server thread/WARN]: prep_A moved too quickly! -8.0,260.0,2.0
[20:40:55] [Server thread/WARN]: prep_A moved too quickly! -8.0,260.0,2.0
[20:40:55] [Server thread/WARN]: prep_A moved too quickly! -8.0,260.0,2.0
[20:40:55] [Server thread/WARN]: prep_A moved too quickly! -8.0,260.0,2.0
[20:40:55] [Server thread/WARN]: prep_A moved too quickly! -8.0,260.0,2.0
[20:40:55] [Server thread/WARN]: prep_A moved too quickly! -8.0,260.0,2.0
[20:40:55] [Server thread/WARN]: prep_A moved too quickly! -8.0,260.0,2.0
[20:40:55] [Server thread/WARN]: prep_A moved too quickly! -8.0,260.0,2.0
[20:40:55] [Server thread/WARN]: prep_A moved too quickly! -8.0,260.0,2.0
[20:40:55] [Server thread/WARN]: prep_A moved too quickly! -8.0,260.0,2.0
[20:40:55] [Server thread/WARN]: prep_A moved too quickly! -8.0,260.0,2.0
[20:40:55] [Server thread/WARN]: prep_A moved too quickly! -8.0,260.0,2.0
[20:40:55] [Server thread/WARN]: prep_A moved too quickly! -8.0,260.0,2.0
[20:40:55] [Server thread/WARN]: prep_A moved too quickly! -8.0,260.0,2.0
[20:40:55] [Server thread/WARN]: prep_A moved too quickly! -8.0,260.0,2.0
[20:40:55] [Server thread/WARN]: prep_A moved too quickly! -8.0,260.0,2.0
[20:40:55] [Server thread/WARN]: prep_A moved too quickly! -8.0,260.0,2.0
[20:40:55] [Server thread/WARN]: prep_A moved too quickly! -8.0,260.0,2.0
[20:40:55] [Server thread/WARN]: prep_A moved too quickly! -8.0,260.0,2.0
[20:40:55] [Server thread/WARN]: prep_A moved too quickly! -8.0,260.0,2.0
[20:40:55] [Server thread/WARN]: prep_A moved too quickly! -8.0,260.0,2.0
[20:40:55] [Server thread/WARN]: prep_A moved too quickly! -8.0,260.0,2.0
[20:40:55] [Server thread/WARN]: prep_A moved too quickly! -8.0,260.0,2.0
[20:40:55] [Server thread/WARN]: prep_A moved too quickly! -8.0,260.0,2.0
[20:40:55] [Server thread/WARN]: prep_A moved too quickly! -8.0,260.0,2.0
[20:40:55] [Server thread/WARN]: prep_A moved too quickly! -8.0,260.0,2.0
[20:40:55] [Server thread/WARN]: prep_A moved too quickly! -8.0,260.0,2.0
[20:40:55] [Server thread/WARN]: prep_A moved too quickly! -8.0,260.0,2.0
[20:40:55] [Server thread/WARN]: prep_A moved too quickly! -8.0,260.0,2.0
[20:40:55] [Server thread/WARN]: prep_A moved too quickly! -8.0,260.0,2.0
[20:40:55] [Server thread/WARN]: prep_A moved too quickly! -8.0,260.0,2.0
[20:40:55] [Server thread/WARN]: prep_A moved too quickly! -8.0,260.0,2.0
[20:40:55] [Server thread/WARN]: prep_A moved too quickly! -8.0,260.0,2.0
[20:40:55] [Server thread/WARN]: prep_A moved too quickly! -8.0,260.0,2.0
[20:40:55] [Server thread/WARN]: prep_A moved too quickly! -8.0,260.0,2.0
[20:40:55] [Server thread/WARN]: prep_A moved too quickly! -8.0,260.0,2.0
[20:40:55] [Server thread/WARN]: prep_A moved too quickly! -8.0,260.0,2.0
[20:40:55] [Server thread/WARN]: prep_A moved too quickly! -8.0,260.0,2.0
[20:40:55] [Server thread/WARN]: prep_A moved too quickly! -8.0,260.0,2.0
[20:40:55] [Server thread/WARN]: prep_A moved too quickly! -8.0,260.0,2.0
[20:40:55] [Server thread/WARN]: prep_A moved too quickly! -8.0,260.0,2.0
[20:40:55] [Server thread/WARN]: prep_A moved too quickly! -8.0,260.0,2.0
[20:40:55] [Server thread/WARN]: prep_A moved too quickly! -8.0,260.0,2.0
[20:40:55] [Server thread/WARN]: prep_A moved too quickly! -8.0,260.0,2.0
[20:40:55] [Server thread/WARN]: prep_A moved too quickly! -8.0,260.0,2.0
[20:40:55] [Server thread/WARN]: prep_A moved too quickly! -8.0,260.0,2.0
[20:40:55] [Server thread/WARN]: prep_A moved too quickly! -8.0,260.0,2.0
[20:40:55] [Server thread/INFO]: Applied effect Saturation to prep_A
[20:40:56] [Server thread/INFO]: Target has no effects to remove
[20:40:56] [Server thread/INFO]: Gave 1 [Stick] to prep_A
[20:40:56] [Server thread/INFO]: prep_A has made the advancement [Getting an Upgrade]
[20:40:56] [Server thread/INFO]: Gave 1 [Stone Pickaxe] to prep_A
[20:40:56] [Server thread/INFO]: Changed the block at 0, 200, 2
[20:40:57] [Server thread/INFO]: Changed the block at 2, 200, 0
[20:40:57] [Server thread/INFO]: Changed the block at -1, 200, -1
[20:40:59] [Server thread/INFO]: prep_A has made the advancement [Stone Age]
[20:41:00] [Server thread/INFO]: The difficulty did not change; it is already set to peaceful
[20:41:00] [Server thread/INFO]: No entity was found
[20:41:00] [Server thread/INFO]: Removed 3 item(s) from player prep_A
[20:41:00] [Server thread/INFO]: No blocks were filled
[20:41:00] [Server thread/INFO]: Successfully filled 2 block(s)
[20:41:00] [Server thread/INFO]: Teleported prep_A to 0.500000, 200.000000, 0.500000
[20:41:01] [Server thread/INFO]: Applied effect Saturation to prep_A
[20:41:02] [Server thread/INFO]: Target has no effects to remove
[20:41:02] [Server thread/INFO]: Gave 1 [Stick] to prep_A
[20:41:02] [Server thread/INFO]: Gave 1 [Stone Pickaxe] to prep_A
[20:41:02] [Server thread/INFO]: Changed the block at 0, 200, 2
[20:41:03] [Server thread/INFO]: Changed the block at 2, 200, 0
[20:41:03] [Server thread/INFO]: Changed the block at -1, 200, -1
[20:41:03] [Server thread/INFO]: The difficulty has been set to Normal
[20:41:03] [Server thread/INFO]: Set the time to 18000
[20:41:05] [Server thread/INFO]: Summoned new Zombie
[20:41:06] [Server thread/INFO]: Killed Zombie
[20:41:06] [Server thread/INFO]: The difficulty has been set to Peaceful
[20:41:06] [Server thread/INFO]: The difficulty did not change; it is already set to peaceful
[20:41:06] [Server thread/INFO]: No entity was found
[20:41:07] [Server thread/INFO]: Removed 3 item(s) from player prep_A
[20:41:07] [Server thread/INFO]: No blocks were filled
[20:41:07] [Server thread/INFO]: Successfully filled 2 block(s)
[20:41:07] [Server thread/INFO]: Teleported prep_A to 0.500000, 200.000000, 0.500000
[20:41:07] [Server thread/INFO]: Applied effect Saturation to prep_A
[20:41:09] [Server thread/INFO]: Target has no effects to remove
[20:41:09] [Server thread/INFO]: Gave 2 [Cobblestone] to prep_A
[20:41:09] [Server thread/INFO]: Gave 1 [Oak Log] to prep_A
[20:41:09] [Server thread/INFO]: Changed the block at -1, 200, -1
[20:41:10] [Server thread/INFO]: The difficulty did not change; it is already set to peaceful
[20:41:10] [Server thread/INFO]: No entity was found
[20:41:10] [Server thread/INFO]: Removed 3 item(s) from player prep_A
[20:41:11] [Server thread/INFO]: No blocks were filled
[20:41:11] [Server thread/INFO]: Successfully filled 1 block(s)
[20:41:11] [Server thread/INFO]: Teleported prep_A to 0.500000, 200.000000, 0.500000
[20:41:11] [Server thread/INFO]: Applied effect Saturation to prep_A
[20:41:12] [Server thread/INFO]: Target has no effects to remove
[20:41:13] [Server thread/INFO]: Gave 2 [Cobblestone] to prep_A
[20:41:13] [Server thread/INFO]: Gave 1 [Stick] to prep_A
[20:41:13] [Server thread/INFO]: Changed the block at -1, 200, -1
[20:41:14] [Server thread/INFO]: The difficulty did not change; it is already set to peaceful
[20:41:14] [Server thread/INFO]: No entity was found
[20:41:14] [Server thread/INFO]: Removed 3 item(s) from player prep_A
[20:41:14] [Server thread/INFO]: No blocks were filled
[20:41:15] [Server thread/INFO]: Successfully filled 1 block(s)
[20:41:15] [Server thread/INFO]: Teleported prep_A to 0.500000, 200.000000, 0.500000
[20:41:15] [Server thread/INFO]: Applied effect Saturation to prep_A
[20:41:16] [Server thread/INFO]: Target has no effects to remove
[20:41:16] [Server thread/INFO]: Gave 1 [Stick] to prep_A
[20:41:17] [Server thread/INFO]: Gave 1 [Stone Pickaxe] to prep_A
[20:41:17] [Server thread/INFO]: Changed the block at 0, 200, 2
[20:41:17] [Server thread/INFO]: Changed the block at 2, 200, 0
[20:41:17] [Server thread/INFO]: Changed the block at -1, 200, -1
[20:41:28] [Server thread/INFO]: The difficulty did not change; it is already set to peaceful
[20:41:28] [Server thread/INFO]: No entity was found
[20:41:28] [Server thread/INFO]: Removed 2 item(s) from player prep_A
[20:41:28] [Server thread/INFO]: No blocks were filled
[20:41:28] [Server thread/INFO]: Successfully filled 3 block(s)
[20:41:29] [Server thread/INFO]: Teleported prep_A to 0.500000, 200.000000, 0.500000
[20:41:29] [Server thread/INFO]: Applied effect Saturation to prep_A
[20:41:30] [Server thread/INFO]: Target has no effects to remove
[20:41:30] [Server thread/INFO]: Gave 1 [Stick] to prep_A
[20:41:30] [Server thread/INFO]: Gave 1 [Stone Pickaxe] to prep_A
[20:41:31] [Server thread/INFO]: Changed the block at 0, 200, 2
[20:41:31] [Server thread/INFO]: Changed the block at 2, 200, 0
[20:41:31] [Server thread/INFO]: Changed the block at -1, 200, -1
[20:41:31] [Server thread/INFO]: The difficulty did not change; it is already set to peaceful
[20:41:32] [Server thread/INFO]: No entity was found
[20:41:32] [Server thread/INFO]: No items were found on player prep_B
[20:41:32] [Server thread/INFO]: Successfully filled 121 block(s)
[20:41:32] [Server thread/INFO]: No blocks were filled
[20:41:32] [Server thread/INFO]: Teleported prep_B to 12.500000, 200.000000, 0.500000
[20:41:32] [Server thread/WARN]: prep_B moved too quickly! 13.0,260.0,-4.0
[20:41:32] [Server thread/WARN]: prep_B moved too quickly! 13.0,260.0,-4.0
[20:41:32] [Server thread/WARN]: prep_B moved too quickly! 13.0,260.0,-4.0
[20:41:32] [Server thread/WARN]: prep_B moved too quickly! 13.0,260.0,-4.0
[20:41:32] [Server thread/WARN]: prep_B moved too quickly! 13.0,260.0,-4.0
[20:41:32] [Server thread/WARN]: prep_B moved too quickly! 13.0,260.0,-4.0
[20:41:32] [Server thread/WARN]: prep_B moved too quickly! 13.0,260.0,-4.0
[20:41:32] [Server thread/WARN]: prep_B moved too quickly! 13.0,260.0,-4.0
[20:41:32] [Server thread/WARN]: prep_B moved too quickly! 13.0,260.0,-4.0
[20:41:32] [Server thread/WARN]: prep_B moved too quickly! 13.0,260.0,-4.0
[20:41:32] [Server thread/WARN]: prep_B moved too quickly! 13.0,260.0,-4.0
[20:41:32] [Server thread/WARN]: prep_B moved too quickly! 13.0,260.0,-4.0
[20:41:32] [Server thread/WARN]: prep_B moved too quickly! 13.0,260.0,-4.0
[20:41:32] [Server thread/WARN]: prep_B moved too quickly! 13.0,260.0,-4.0
[20:41:32] [Server thread/WARN]: prep_B moved too quickly! 13.0,260.0,-4.0
[20:41:32] [Server thread/WARN]: prep_B moved too quickly! 13.0,260.0,-4.0
[20:41:32] [Server thread/WARN]: prep_B moved too quickly! 13.0,260.0,-4.0
[20:41:32] [Server thread/WARN]: prep_B moved too quickly! 13.0,260.0,-4.0
[20:41:32] [Server thread/WARN]: prep_B moved too quickly! 13.0,260.0,-4.0
[20:41:32] [Server thread/WARN]: prep_B moved too quickly! 13.0,260.0,-4.0
[20:41:32] [Server thread/WARN]: prep_B moved too quickly! 13.0,260.0,-4.0
[20:41:32] [Server thread/WARN]: prep_B moved too quickly! 13.0,260.0,-4.0
[20:41:32] [Server thread/WARN]: prep_B moved too quickly! 13.0,260.0,-4.0
[20:41:32] [Server thread/WARN]: prep_B moved too quickly! 13.0,260.0,-4.0
[20:41:32] [Server thread/WARN]: prep_B moved too quickly! 13.0,260.0,-4.0
[20:41:32] [Server thread/WARN]: prep_B moved too quickly! 13.0,260.0,-4.0
[20:41:32] [Server thread/WARN]: prep_B moved too quickly! 13.0,260.0,-4.0
[20:41:32] [Server thread/WARN]: prep_B moved too quickly! 13.0,260.0,-4.0
[20:41:32] [Server thread/WARN]: prep_B moved too quickly! 13.0,260.0,-4.0
[20:41:32] [Server thread/WARN]: prep_B moved too quickly! 13.0,260.0,-4.0
[20:41:32] [Server thread/WARN]: prep_B moved too quickly! 13.0,260.0,-4.0
[20:41:32] [Server thread/WARN]: prep_B moved too quickly! 13.0,260.0,-4.0
[20:41:32] [Server thread/WARN]: prep_B moved too quickly! 13.0,260.0,-4.0
[20:41:32] [Server thread/WARN]: prep_B moved too quickly! 13.0,260.0,-4.0
[20:41:32] [Server thread/WARN]: prep_B moved too quickly! 13.0,260.0,-4.0
[20:41:32] [Server thread/WARN]: prep_B moved too quickly! 13.0,260.0,-4.0
[20:41:32] [Server thread/WARN]: prep_B moved too quickly! 13.0,260.0,-4.0
[20:41:32] [Server thread/WARN]: prep_B moved too quickly! 13.0,260.0,-4.0
[20:41:32] [Server thread/WARN]: prep_B moved too quickly! 13.0,260.0,-4.0
[20:41:32] [Server thread/WARN]: prep_B moved too quickly! 13.0,260.0,-4.0
[20:41:32] [Server thread/WARN]: prep_B moved too quickly! 13.0,260.0,-4.0
[20:41:32] [Server thread/WARN]: prep_B moved too quickly! 13.0,260.0,-4.0
[20:41:32] [Server thread/WARN]: prep_B moved too quickly! 13.0,260.0,-4.0
[20:41:32] [Server thread/WARN]: prep_B moved too quickly! 13.0,260.0,-4.0
[20:41:32] [Server thread/WARN]: prep_B moved too quickly! 13.0,260.0,-4.0
[20:41:32] [Server thread/WARN]: prep_B moved too quickly! 13.0,260.0,-4.0
[20:41:32] [Server thread/WARN]: prep_B moved too quickly! 13.0,260.0,-4.0
[20:41:32] [Server thread/WARN]: prep_B moved too quickly! 13.0,260.0,-4.0
[20:41:32] [Server thread/WARN]: prep_B moved too quickly! 13.0,260.0,-4.0
[20:41:32] [Server thread/WARN]: prep_B moved too quickly! 13.0,260.0,-4.0
[20:41:32] [Server thread/WARN]: prep_B moved too quickly! 13.0,260.0,-4.0
[20:41:32] [Server thread/WARN]: prep_B moved too quickly! 13.0,260.0,-4.0
[20:41:32] [Server thread/WARN]: prep_B moved too quickly! 13.0,260.0,-4.0
[20:41:32] [Server thread/WARN]: prep_B moved too quickly! 13.0,260.0,-4.0
[20:41:32] [Server thread/WARN]: prep_B moved too quickly! 13.0,260.0,-4.0
[20:41:32] [Server thread/WARN]: prep_B moved too quickly! 13.0,260.0,-4.0
[20:41:32] [Server thread/WARN]: prep_B moved too quickly! 13.0,260.0,-4.0
[20:41:32] [Server thread/WARN]: prep_B moved too quickly! 13.0,260.0,-4.0
[20:41:32] [Server thread/WARN]: prep_B moved too quickly! 13.0,260.0,-4.0
[20:41:32] [Server thread/WARN]: prep_B moved too quickly! 13.0,260.0,-4.0
[20:41:32] [Server thread/WARN]: prep_B moved too quickly! 13.0,260.0,-4.0
[20:41:32] [Server thread/WARN]: prep_B moved too quickly! 13.0,260.0,-4.0
[20:41:32] [Server thread/WARN]: prep_B moved too quickly! 13.0,260.0,-4.0
[20:41:32] [Server thread/WARN]: prep_B moved too quickly! 13.0,260.0,-4.0
[20:41:32] [Server thread/WARN]: prep_B moved too quickly! 13.0,260.0,-4.0
[20:41:32] [Server thread/WARN]: prep_B moved too quickly! 13.0,260.0,-4.0
[20:41:32] [Server thread/WARN]: prep_B moved too quickly! 13.0,260.0,-4.0
[20:41:32] [Server thread/WARN]: prep_B moved too quickly! 13.0,260.0,-4.0
[20:41:32] [Server thread/WARN]: prep_B moved too quickly! 13.0,260.0,-4.0
[20:41:32] [Server thread/WARN]: prep_B moved too quickly! 13.0,260.0,-4.0
[20:41:32] [Server thread/WARN]: prep_B moved too quickly! 13.0,260.0,-4.0
[20:41:32] [Server thread/WARN]: prep_B moved too quickly! 13.0,260.0,-4.0
[20:41:32] [Server thread/WARN]: prep_B moved too quickly! 13.0,260.0,-4.0
[20:41:32] [Server thread/WARN]: prep_B moved too quickly! 13.0,260.0,-4.0
[20:41:32] [Server thread/WARN]: prep_B moved too quickly! 13.0,260.0,-4.0
[20:41:32] [Server thread/WARN]: prep_B moved too quickly! 13.0,260.0,-4.0
[20:41:32] [Server thread/WARN]: prep_B moved too quickly! 13.0,260.0,-4.0
[20:41:32] [Server thread/WARN]: prep_B moved too quickly! 13.0,260.0,-4.0
[20:41:32] [Server thread/WARN]: prep_B moved too quickly! 13.0,260.0,-4.0
[20:41:32] [Server thread/WARN]: prep_B moved too quickly! 13.0,260.0,-4.0
[20:41:32] [Server thread/WARN]: prep_B moved too quickly! 13.0,260.0,-4.0
[20:41:32] [Server thread/WARN]: prep_B moved too quickly! 13.0,260.0,-4.0
[20:41:32] [Server thread/WARN]: prep_B moved too quickly! 13.0,260.0,-4.0
[20:41:32] [Server thread/WARN]: prep_B moved too quickly! 13.0,260.0,-4.0
[20:41:32] [Server thread/WARN]: prep_B moved too quickly! 13.0,260.0,-4.0
[20:41:32] [Server thread/WARN]: prep_B moved too quickly! 13.0,260.0,-4.0
[20:41:32] [Server thread/WARN]: prep_B moved too quickly! 13.0,260.0,-4.0
[20:41:32] [Server thread/WARN]: prep_B moved too quickly! 13.0,260.0,-4.0
[20:41:32] [Server thread/WARN]: prep_B moved too quickly! 13.0,260.0,-4.0
[20:41:32] [Server thread/WARN]: prep_B moved too quickly! 13.0,260.0,-4.0
[20:41:32] [Server thread/WARN]: prep_B moved too quickly! 13.0,260.0,-4.0
[20:41:32] [Server thread/WARN]: prep_B moved too quickly! 13.0,260.0,-4.0
[20:41:32] [Server thread/WARN]: prep_B moved too quickly! 13.0,260.0,-4.0
[20:41:32] [Server thread/WARN]: prep_B moved too quickly! 13.0,260.0,-4.0
[20:41:32] [Server thread/WARN]: prep_B moved too quickly! 13.0,260.0,-4.0
[20:41:32] [Server thread/WARN]: prep_B moved too quickly! 13.0,260.0,-4.0
[20:41:32] [Server thread/WARN]: prep_B moved too quickly! 13.0,260.0,-4.0
[20:41:32] [Server thread/WARN]: prep_B moved too quickly! 13.0,260.0,-4.0
[20:41:32] [Server thread/WARN]: prep_B moved too quickly! 13.0,260.0,-4.0
[20:41:32] [Server thread/WARN]: prep_B moved too quickly! 13.0,260.0,-4.0
[20:41:32] [Server thread/WARN]: prep_B moved too quickly! 13.0,260.0,-4.0
[20:41:32] [Server thread/WARN]: prep_B moved too quickly! 13.0,260.0,-4.0
[20:41:32] [Server thread/WARN]: prep_B moved too quickly! 13.0,260.0,-4.0
[20:41:32] [Server thread/WARN]: prep_B moved too quickly! 13.0,260.0,-4.0
[20:41:32] [Server thread/WARN]: prep_B moved too quickly! 13.0,260.0,-4.0
[20:41:32] [Server thread/WARN]: prep_B moved too quickly! 13.0,260.0,-4.0
[20:41:32] [Server thread/WARN]: prep_B moved too quickly! 13.0,260.0,-4.0
[20:41:32] [Server thread/INFO]: Applied effect Saturation to prep_B
[20:41:34] [Server thread/INFO]: Target has no effects to remove
[20:41:34] [Server thread/INFO]: Gave 1 [Stick] to prep_B
[20:41:34] [Server thread/INFO]: prep_B has made the advancement [Getting an Upgrade]
[20:41:34] [Server thread/INFO]: Gave 1 [Stone Pickaxe] to prep_B
[20:41:34] [Server thread/INFO]: Changed the block at 12, 200, 2
[20:41:34] [Server thread/INFO]: Changed the block at 14, 200, 0
[20:41:35] [Server thread/INFO]: Changed the block at 11, 200, -1
[20:41:35] [Server thread/INFO]: The difficulty did not change; it is already set to peaceful
[20:41:35] [Server thread/INFO]: No entity was found
[20:41:35] [Server thread/INFO]: Removed 2 item(s) from player prep_A
[20:41:36] [Server thread/INFO]: No blocks were filled
[20:41:36] [Server thread/INFO]: Successfully filled 3 block(s)
[20:41:36] [Server thread/INFO]: Teleported prep_A to 0.500000, 200.000000, 0.500000
[20:41:36] [Server thread/INFO]: Applied effect Saturation to prep_A
[20:41:37] [Server thread/INFO]: Target has no effects to remove
[20:41:38] [Server thread/INFO]: Gave 1 [Stick] to prep_A
[20:41:38] [Server thread/INFO]: Gave 1 [Stone Pickaxe] to prep_A
[20:41:38] [Server thread/INFO]: Changed the block at 0, 200, 2
[20:41:38] [Server thread/INFO]: Changed the block at 2, 200, 0
[20:41:38] [Server thread/INFO]: Changed the block at 1, 200, 1
[20:41:39] [Server thread/INFO]: Changed the block at -2, 200, 2
[20:41:41] [Server thread/INFO]: prep_A lost connection: Disconnected
[20:41:41] [Server thread/INFO]: prep_A left the game
[20:41:41] [Server thread/INFO]: prep_B lost connection: Disconnected
[20:41:41] [Server thread/INFO]: prep_B left the game
[20:41:41] [Server thread/INFO]: Stopping the server
[20:41:41] [Server thread/INFO]: Stopping server
[20:41:41] [Server thread/INFO]: Saving players
[20:41:41] [Server thread/INFO]: Saving worlds
[20:41:42] [Server thread/INFO]: Saving chunks for level 'ServerLevel[interruption-world]'/minecraft:overworld
