✔ deterministic preparation runs as an owned WorkerController task (1.268968ms)
✔ a newer worker task cancels preparation through the normal taskVersion ownership (0.6953ms)
✔ new owner waits for in-flight preparation and stale queued owners cannot act (3.964248ms)
✔ missing objective remains an OBJECTIVE_REQUIRED result with a defined shadow task (0.282108ms)
✔ damage defense invalidates preparation immediately but waits before physical reaction (7.042425ms)
✔ defense exposes a fresh preparation resume candidate without auto-running it (0.857289ms)
✔ any new owned task invalidates a pending preparation resume candidate (0.318812ms)
✔ post-defense resume reads the live approved remainder missed by sparse nearby sampling (1.670813ms)
✔ dispatch policy only creates bounded preparation tasks for eligible deterministic intents (1.724473ms)
✔ dispatch policy refuses preparation when safety or normal progress has precedence (0.212184ms)
✔ integration preflight requires live table, mining tool and enough live approved targets (1.931188ms)
✔ integration preflight refuses physically unusable approved targets before task creation (0.574441ms)
✔ integration preflight allows carried stone sword without requiring a crafting table (0.301446ms)
✔ planner collects exactly the missing recipe inputs, accounting for conversion batches (1.400949ms)
✔ bridge has no effect unless explicitly enabled (0.548842ms)
✔ preflight refuses missing table and unauthorized material sources before digging (3.375718ms)
✔ cancel and critical food preempt physical preparation (1.746405ms)
✔ authorized gathering never selects a closer unapproved block (1.191754ms)
✔ visible approved block in physical reach does not require a navigation goal (0.531557ms)
✔ carried sword cancels material plan and can be equipped without crafting again (1.744162ms)
✔ opt-in collection refuses blocked target then uses only a visible approved alternative (0.658955ms)
✔ in-flight craft inventory is recorded on cancellation and resume only equips the produced sword (0.939401ms)
✔ live approved remaining source refines sparse perception and collects only the missing cobblestone (1.852853ms)
✔ craft guard rechecks safety after async table lookup and before physical submission (2.853685ms)
✔ table removed after preflight is refused without finding, making or placing another (1.145125ms)
✔ local recipe input removed after table preflight gives specific refusal without ingredient recursion (2.752624ms)
✔ sword appearing in async preparation window is equipped without crafting a duplicate (1.076464ms)
✔ safety interruption stays latched if threat disappears before error handling (0.928405ms)
✔ limited dispatch refuses unsupported weapons and any threat, including a carriable sword under threat (0.413422ms)
✔ pickaxe lost after partial pickup prevents a second authorized stone dig (2.397459ms)
✔ closing connection after a submitted craft blocks equip before the delayed end event (0.941524ms)
✔ reconnect recovery credits only an inventory-confirmed cobblestone drop near an approved destroyed target (0.375726ms)
✔ reconnect recovery refuses ambiguous matching drops near the same destroyed target (0.225284ms)
✔ limited recovery ignores wrong, outside-radius and still-existing-target drops (0.300595ms)
✔ failed pickup remains in preparation refusal evidence without crediting the dig (1.156863ms)
✔ recovery interruption preserves a zero-credit recovery step before movement (0.630943ms)
✔ recovery never switches to a replacement cobblestone entity after selection (0.393903ms)
✔ recovery stops in-flight movement when its selected entity disappears (0.43875ms)
✔ own pickup followed by entity removal still requires inventory confirmation (0.37838ms)
✔ integration preflight refuses exposed targets hidden by obstacles or supporting falling blocks (0.637885ms)
✔ critical creeper is handled by forced escape, not model choice (2.740656ms)
✔ wait is unavailable without a concrete wait reason (0.334705ms)
✔ unarmed exploration exposes preparation as a strategic choice (0.362276ms)
✔ unarmed exploration with nearby basic materials forces gather before progress (0.294426ms)
✔ armed-tool mine_iron still gathers combat materials before unarmed progress (0.302778ms)
✔ unarmed objective without nearby materials does not invent a gather target (0.238243ms)
✔ forced unarmed gather requires an actionable wood-plus-stone preparation path (0.474943ms)
✔ repeated failures with a known alternative route expose only replan (0.247867ms)
✔ deterministic player policy completes every V2 scenario safely (4.624876ms)
✔ interrupted objective resumes after the safety reaction (0.594269ms)
✔ adaptive gather scenario exposes threat after first exploration and resumes safely (0.828988ms)
✔ fire and drowning are forced safety decisions outside model candidates (0.211954ms)
✔ report separates endpoint attempts, confirmed model calls, and invalid-choice fallbacks (0.619587ms)
ℹ tests 53
ℹ suites 0
ℹ pass 53
ℹ fail 0
ℹ cancelled 0
ℹ skipped 0
ℹ todo 0
ℹ duration_ms 263.74117
