=== radius4-control-1
0.1 {"ev": "goTo", "goal": [1, 72, -180, 3], "from": [-14.5, 72, -179.5]}
2.6 {"ev": "xpl.end", "ok": true, "steps": [], "pos": [-1.7, 72, -179.5]}
=== radius8-1
5.9 {"ev": "mineBlocks", "phase": "attempt", "target": {"x": -9, "y": 72, "z": -178}, "delta": 1, "confirmed": true}
6.9 {"ev": "mineBlocks", "phase": "attempt", "code": "TARGET_BLOCKED", "target": {"x": -16, "y": 71, "z": -179}, "delta": 0, "confirmed": false, "msg": "authorized target is not visible in physical reach"}
6.9 {"ev": "mineBlocks", "phase": "attempt", "code": "TARGET_BLOCKED", "target": {"x": -17, "y": 71, "z": -178}, "delta": 0, "confirmed": false, "msg": "authorized target is not visible in physical reach"}
6.9 {"ev": "mineBlocks", "phase": "attempt", "code": "TARGET_BLOCKED", "target": {"x": -17, "y": 71, "z": -179}, "delta": 0, "confirmed": false, "msg": "authorized target is not visible in physical reach"}
6.9 {"ev": "mineBlocks", "phase": "attempt", "code": "TARGET_BLOCKED", "target": {"x": -17, "y": 71, "z": -180}, "delta": 0, "confirmed": false, "msg": "authorized target is not visible in physical reach"}
6.9 {"ev": "mineBlocks", "phase": "attempt", "code": "TARGET_BLOCKED", "target": {"x": -17, "y": 71, "z": -181}, "delta": 0, "confirmed": false, "msg": "authorized target is not visible in physical reach"}
6.9 {"ev": "mineBlocks", "phase": "attempt", "code": "TARGET_BLOCKED", "target": {"x": -17, "y": 71, "z": -182}, "delta": 0, "confirmed": false, "msg": "authorized target is not visible in physical reach"}
6.9 {"ev": "prep.end", "ok": false, "code": "TARGET_BLOCKED", "pos": [-13.4, 72, -177.5]}
6.9 {"ev": "xpl.end", "ok": false, "code": "TARGET_BLOCKED", "steps": [{"intent": "gather_materials", "ok": false, "code": "TARGET_BLOCKED", "ownerVersion": 1}], "pos": [-13.4, 72, -177.5]}
=== radius8-2
8.1 {"ev": "mineBlocks", "phase": "attempt", "code": "TARGET_BLOCKED", "target": {"x": -9, "y": 72, "z": -178}, "delta": 0, "confirmed": false, "msg": "authorized target is not visible in physical reach"}
8.1 {"ev": "prep.end", "ok": false, "code": "TARGET_BLOCKED", "pos": [-10.7, 72, -175.4]}
8.1 {"ev": "xpl.end", "ok": false, "code": "TARGET_BLOCKED", "steps": [{"intent": "gather_materials", "ok": false, "code": "TARGET_BLOCKED", "ownerVersion": 2}], "pos": [-10.7, 72, -175.4]}
=== radius8-3
8.1 {"ev": "mineBlocks", "phase": "attempt", "code": "TARGET_BLOCKED", "target": {"x": -9, "y": 72, "z": -178}, "delta": 0, "confirmed": false, "msg": "authorized target is not visible in physical reach"}
8.1 {"ev": "prep.end", "ok": false, "code": "TARGET_BLOCKED", "pos": [-10.6, 72, -179.5]}
8.1 {"ev": "xpl.end", "ok": false, "code": "TARGET_BLOCKED", "steps": [{"intent": "gather_materials", "ok": false, "code": "TARGET_BLOCKED", "ownerVersion": 3}], "pos": [-10.6, 72, -179.5]}
=== radius8-4
8.1 {"ev": "mineBlocks", "phase": "attempt", "code": "TARGET_BLOCKED", "target": {"x": -9, "y": 72, "z": -178}, "delta": 0, "confirmed": false, "msg": "authorized target is not visible in physical reach"}
8.1 {"ev": "prep.end", "ok": false, "code": "TARGET_BLOCKED", "pos": [-10.6, 72, -179.5]}
8.1 {"ev": "xpl.end", "ok": false, "code": "TARGET_BLOCKED", "steps": [{"intent": "gather_materials", "ok": false, "code": "TARGET_BLOCKED", "ownerVersion": 4}], "pos": [-10.6, 72, -179.5]}
FIN
