Starting net.minecraft.server.Main
[16:16:21] [ServerMain/INFO]: Environment: authHost='https://authserver.mojang.com', accountsHost='https://api.mojang.com', sessionHost='https://sessionserver.mojang.com', servicesHost='https://api.minecraftservices.com', name='PROD'
[16:16:21] [Yggdrasil Key Fetcher/ERROR]: Failed to request yggdrasil public key
com.mojang.authlib.exceptions.AuthenticationUnavailableException: Cannot contact authentication server
	at com.mojang.authlib.yggdrasil.YggdrasilAuthenticationService.makeRequest(YggdrasilAuthenticationService.java:119) ~[authlib-4.0.43.jar:?]
	at com.mojang.authlib.yggdrasil.YggdrasilAuthenticationService.makeRequest(YggdrasilAuthenticationService.java:91) ~[authlib-4.0.43.jar:?]
	at com.mojang.authlib.yggdrasil.YggdrasilServicesKeyInfo.fetch(YggdrasilServicesKeyInfo.java:94) ~[authlib-4.0.43.jar:?]
	at com.mojang.authlib.yggdrasil.YggdrasilServicesKeyInfo.lambda$get$1(YggdrasilServicesKeyInfo.java:81) ~[authlib-4.0.43.jar:?]
	at java.util.concurrent.Executors$RunnableAdapter.call(Executors.java:539) ~[?:?]
	at java.util.concurrent.FutureTask.runAndReset(FutureTask.java:305) ~[?:?]
	at java.util.concurrent.ScheduledThreadPoolExecutor$ScheduledFutureTask.run(ScheduledThreadPoolExecutor.java:305) ~[?:?]
	at java.util.concurrent.ThreadPoolExecutor.runWorker(ThreadPoolExecutor.java:1136) ~[?:?]
	at java.util.concurrent.ThreadPoolExecutor$Worker.run(ThreadPoolExecutor.java:635) ~[?:?]
	at java.lang.Thread.run(Thread.java:840) ~[?:?]
Caused by: java.net.UnknownHostException: api.minecraftservices.com
	at sun.nio.ch.NioSocketImpl.connect(NioSocketImpl.java:572) ~[?:?]
	at java.net.SocksSocketImpl.connect(SocksSocketImpl.java:327) ~[?:?]
	at java.net.Socket.connect(Socket.java:633) ~[?:?]
	at sun.security.ssl.SSLSocketImpl.connect(SSLSocketImpl.java:304) ~[?:?]
	at sun.net.NetworkClient.doConnect(NetworkClient.java:178) ~[?:?]
	at sun.net.www.http.HttpClient.openServer(HttpClient.java:533) ~[?:?]
	at sun.net.www.http.HttpClient.openServer(HttpClient.java:638) ~[?:?]
	at sun.net.www.protocol.https.HttpsClient.<init>(HttpsClient.java:267) ~[?:?]
	at sun.net.www.protocol.https.HttpsClient.New(HttpsClient.java:381) ~[?:?]
	at sun.net.www.protocol.https.AbstractDelegateHttpsURLConnection.getNewHttpClient(AbstractDelegateHttpsURLConnection.java:196) ~[?:?]
	at sun.net.www.protocol.http.HttpURLConnection.plainConnect0(HttpURLConnection.java:1307) ~[?:?]
	at sun.net.www.protocol.http.HttpURLConnection.plainConnect(HttpURLConnection.java:1148) ~[?:?]
	at sun.net.www.protocol.http.HttpURLConnection.connect(HttpURLConnection.java:1077) ~[?:?]
	at sun.net.www.protocol.https.AbstractDelegateHttpsURLConnection.connect(AbstractDelegateHttpsURLConnection.java:181) ~[?:?]
	at sun.net.www.protocol.http.HttpURLConnection.getInputStream0(HttpURLConnection.java:1717) ~[?:?]
	at sun.net.www.protocol.http.HttpURLConnection.getInputStream(HttpURLConnection.java:1641) ~[?:?]
	at sun.net.www.protocol.https.HttpsURLConnectionImpl.getInputStream(HttpsURLConnectionImpl.java:224) ~[?:?]
	at com.mojang.authlib.HttpAuthenticationService.performGetRequest(HttpAuthenticationService.java:140) ~[authlib-4.0.43.jar:?]
	at com.mojang.authlib.yggdrasil.YggdrasilAuthenticationService.makeRequest(YggdrasilAuthenticationService.java:96) ~[authlib-4.0.43.jar:?]
	... 9 more
[16:16:22] [ServerMain/INFO]: Loaded 7 recipes
[16:16:22] [ServerMain/INFO]: Loaded 1271 advancements
[16:16:23] [Server thread/INFO]: Starting minecraft server version 1.20.1
[16:16:23] [Server thread/INFO]: Loading properties
[16:16:23] [Server thread/INFO]: Default game type: SURVIVAL
[16:16:23] [Server thread/INFO]: Generating keypair
[16:16:23] [Server thread/INFO]: Starting Minecraft server on 127.0.0.1:25566
[16:16:23] [Server thread/INFO]: Using epoll channel type
[16:16:23] [Server thread/WARN]: Failed to find a usable hardware address from the network interfaces; using random bytes: 8f:71:d3:4c:6c:51:22:74
[16:16:23] [Server thread/WARN]: **** SERVER IS RUNNING IN OFFLINE/INSECURE MODE!
[16:16:23] [Server thread/WARN]: The server will make no attempt to authenticate usernames. Beware.
[16:16:23] [Server thread/WARN]: While this makes the game possible to play without internet access, it also opens up the ability for hackers to connect with any username they choose.
[16:16:23] [Server thread/WARN]: To change this, set "online-mode" to "true" in the server.properties file.
[16:16:23] [Server thread/INFO]: Preparing level "defense-handoff-world"
[16:16:23] [Server thread/INFO]: Preparing start region for dimension minecraft:overworld
[16:16:25] [Worker-Main-6/INFO]: Preparing spawn area: 0%
[16:16:25] [Worker-Main-2/INFO]: Preparing spawn area: 0%
[16:16:25] [Worker-Main-2/INFO]: Preparing spawn area: 0%
[16:16:25] [Worker-Main-2/INFO]: Preparing spawn area: 0%
[16:16:25] [Worker-Main-1/INFO]: Preparing spawn area: 0%
[16:16:26] [Worker-Main-1/INFO]: Preparing spawn area: 22%
[16:16:26] [Worker-Main-6/INFO]: Preparing spawn area: 95%
[16:16:26] [Server thread/INFO]: Time elapsed: 3020 ms
[16:16:26] [Server thread/INFO]: Done (3.116s)! For help, type "help"
[16:16:26] [Server thread/INFO]: Gamerule doDaylightCycle is now set to: false
[16:16:26] [Server thread/INFO]: Set the time to 1000
[16:16:27] [Server thread/INFO]: Gamerule doMobSpawning is now set to: false
[16:16:27] [Server thread/INFO]: Gamerule randomTickSpeed is now set to: 0
[16:16:27] [Server thread/INFO]: Gamerule naturalRegeneration is now set to: false
[16:16:35] [Server thread/INFO]: prep_A[/127.0.0.1:51404] logged in with entity id 1 at (2.5, 200.0, 0.5)
[16:16:35] [Server thread/INFO]: prep_A joined the game
[16:16:35] [Server thread/INFO]: The difficulty did not change; it is already set to peaceful
[16:16:35] [Server thread/INFO]: Set the time to 1000
[16:16:35] [Server thread/INFO]: No entity was found
[16:16:35] [Server thread/INFO]: Removed 4 item(s) from player prep_A
[16:16:35] [Server thread/INFO]: No blocks were filled
[16:16:36] [Server thread/INFO]: Successfully filled 1 block(s)
[16:16:36] [Server thread/INFO]: Teleported prep_A to 0.500000, 200.000000, 0.500000
[16:16:36] [Server thread/INFO]: Applied effect Saturation to prep_A
[16:16:36] [Server thread/INFO]: Applied effect Instant Health to prep_A
[16:16:37] [Server thread/INFO]: Target has no effects to remove
[16:16:38] [Server thread/INFO]: Gave 2 [Cobblestone] to prep_A
[16:16:38] [Server thread/INFO]: Gave 1 [Stick] to prep_A
[16:16:38] [Server thread/INFO]: Changed the block at -1, 200, -1
[16:16:39] [Server thread/INFO]: prep_A lost connection: Disconnected
[16:16:39] [Server thread/INFO]: prep_A left the game
[16:16:39] [Server thread/INFO]: prep_A[/127.0.0.1:56052] logged in with entity id 4 at (0.5, 200.0, 0.5)
[16:16:39] [Server thread/INFO]: prep_A joined the game
[16:16:42] [Server thread/INFO]: prep_A lost connection: Disconnected
[16:16:42] [Server thread/INFO]: prep_A left the game
[16:16:42] [Server thread/INFO]: Stopping the server
[16:16:42] [Server thread/INFO]: Stopping server
[16:16:42] [Server thread/INFO]: Saving players
[16:16:42] [Server thread/INFO]: Saving worlds
[16:16:43] [Server thread/INFO]: Saving chunks for level 'ServerLevel[defense-handoff-world]'/minecraft:overworld
[16:16:43] [Server thread/INFO]: Saving chunks for level 'ServerLevel[defense-handoff-world]'/minecraft:the_nether
[16:16:43] [Server thread/INFO]: Saving chunks for level 'ServerLevel[defense-handoff-world]'/minecraft:the_end
[16:16:43] [Server thread/INFO]: ThreadedAnvilChunkStorage (defense-handoff-world): All chunks are saved
[16:16:43] [Server thread/INFO]: ThreadedAnvilChunkStorage (DIM-1): All chunks are saved
[16:16:43] [Server thread/INFO]: ThreadedAnvilChunkStorage (DIM1): All chunks are saved
[16:16:43] [Server thread/INFO]: ThreadedAnvilChunkStorage: All dimensions are saved
