Starting net.minecraft.server.Main
[19:39:39] [ServerMain/INFO]: Environment: authHost='https://authserver.mojang.com', accountsHost='https://api.mojang.com', sessionHost='https://sessionserver.mojang.com', servicesHost='https://api.minecraftservices.com', name='PROD'
[19:39:39] [Yggdrasil Key Fetcher/ERROR]: Failed to request yggdrasil public key
com.mojang.authlib.exceptions.AuthenticationUnavailableException: Cannot contact authentication server
	at com.mojang.authlib.yggdrasil.YggdrasilAuthenticationService.makeRequest(YggdrasilAuthenticationService.java:119) ~[authlib-4.0.43.jar:?]
	at com.mojang.authlib.yggdrasil.YggdrasilAuthenticationService.makeRequest(YggdrasilAuthenticationService.java:91) ~[authlib-4.0.43.jar:?]
	at com.mojang.authlib.yggdrasil.YggdrasilServicesKeyInfo.fetch(YggdrasilServicesKeyInfo.java:94) ~[authlib-4.0.43.jar:?]
	at com.mojang.authlib.yggdrasil.YggdrasilServicesKeyInfo.lambda$get$1(YggdrasilServicesKeyInfo.java:81) ~[authlib-4.0.43.jar:?]
	at java.util.concurrent.Executors$RunnableAdapter.call(Executors.java:539) ~[?:?]
	at java.util.concurrent.FutureTask.runAndReset(FutureTask.java:305) ~[?:?]
	at java.util.concurrent.ScheduledThreadPoolExecutor$ScheduledFutureTask.run(ScheduledThreadPoolExecutor.java:305) ~[?:?]
	at java.util.concurrent.ThreadPoolExecutor.runWorker(ThreadPoolExecutor.java:1136) ~[?:?]
	at java.util.concurrent.ThreadPoolExecutor$Worker.run(ThreadPoolExecutor.java:635) ~[?:?]
	at java.lang.Thread.run(Thread.java:840) ~[?:?]
Caused by: java.net.UnknownHostException: api.minecraftservices.com
	at sun.nio.ch.NioSocketImpl.connect(NioSocketImpl.java:572) ~[?:?]
	at java.net.SocksSocketImpl.connect(SocksSocketImpl.java:327) ~[?:?]
	at java.net.Socket.connect(Socket.java:633) ~[?:?]
	at sun.security.ssl.SSLSocketImpl.connect(SSLSocketImpl.java:304) ~[?:?]
	at sun.net.NetworkClient.doConnect(NetworkClient.java:178) ~[?:?]
	at sun.net.www.http.HttpClient.openServer(HttpClient.java:533) ~[?:?]
	at sun.net.www.http.HttpClient.openServer(HttpClient.java:638) ~[?:?]
	at sun.net.www.protocol.https.HttpsClient.<init>(HttpsClient.java:267) ~[?:?]
	at sun.net.www.protocol.https.HttpsClient.New(HttpsClient.java:381) ~[?:?]
	at sun.net.www.protocol.https.AbstractDelegateHttpsURLConnection.getNewHttpClient(AbstractDelegateHttpsURLConnection.java:196) ~[?:?]
	at sun.net.www.protocol.http.HttpURLConnection.plainConnect0(HttpURLConnection.java:1307) ~[?:?]
	at sun.net.www.protocol.http.HttpURLConnection.plainConnect(HttpURLConnection.java:1148) ~[?:?]
	at sun.net.www.protocol.http.HttpURLConnection.connect(HttpURLConnection.java:1077) ~[?:?]
	at sun.net.www.protocol.https.AbstractDelegateHttpsURLConnection.connect(AbstractDelegateHttpsURLConnection.java:181) ~[?:?]
	at sun.net.www.protocol.http.HttpURLConnection.getInputStream0(HttpURLConnection.java:1717) ~[?:?]
	at sun.net.www.protocol.http.HttpURLConnection.getInputStream(HttpURLConnection.java:1641) ~[?:?]
	at sun.net.www.protocol.https.HttpsURLConnectionImpl.getInputStream(HttpsURLConnectionImpl.java:224) ~[?:?]
	at com.mojang.authlib.HttpAuthenticationService.performGetRequest(HttpAuthenticationService.java:140) ~[authlib-4.0.43.jar:?]
	at com.mojang.authlib.yggdrasil.YggdrasilAuthenticationService.makeRequest(YggdrasilAuthenticationService.java:96) ~[authlib-4.0.43.jar:?]
	... 9 more
[19:39:39] [ServerMain/ERROR]: No key layers in MapLike[{}]
[19:39:40] [ServerMain/INFO]: Loaded 7 recipes
[19:39:40] [ServerMain/INFO]: Loaded 1271 advancements
[19:39:40] [Server thread/INFO]: Starting minecraft server version 1.20.1
[19:39:40] [Server thread/INFO]: Loading properties
[19:39:40] [Server thread/INFO]: Default game type: SURVIVAL
[19:39:40] [Server thread/INFO]: Generating keypair
[19:39:40] [Server thread/INFO]: Starting Minecraft server on 127.0.0.1:25566
[19:39:40] [Server thread/INFO]: Using epoll channel type
[19:39:40] [Server thread/WARN]: Failed to find a usable hardware address from the network interfaces; using random bytes: 15:17:d4:7e:ea:09:04:59
[19:39:40] [Server thread/WARN]: **** SERVER IS RUNNING IN OFFLINE/INSECURE MODE!
[19:39:40] [Server thread/WARN]: The server will make no attempt to authenticate usernames. Beware.
[19:39:40] [Server thread/WARN]: While this makes the game possible to play without internet access, it also opens up the ability for hackers to connect with any username they choose.
[19:39:40] [Server thread/WARN]: To change this, set "online-mode" to "true" in the server.properties file.
[19:39:40] [Server thread/INFO]: Preparing level "order-world"
[19:39:41] [Server thread/INFO]: Preparing start region for dimension minecraft:overworld
[19:39:42] [Worker-Main-1/INFO]: Preparing spawn area: 0%
[19:39:42] [Worker-Main-1/INFO]: Preparing spawn area: 0%
[19:39:42] [Worker-Main-4/INFO]: Preparing spawn area: 27%
[19:39:42] [Worker-Main-5/INFO]: Preparing spawn area: 91%
[19:39:42] [Server thread/INFO]: Time elapsed: 1560 ms
[19:39:42] [Server thread/INFO]: Done (2.041s)! For help, type "help"
[19:39:43] [Server thread/INFO]: Gamerule doDaylightCycle is now set to: false
[19:39:43] [Server thread/INFO]: Set the time to 1000
[19:39:43] [Server thread/INFO]: Gamerule doMobSpawning is now set to: false
[19:39:43] [Server thread/INFO]: Gamerule randomTickSpeed is now set to: 0
[19:39:50] [Server thread/INFO]: order_probe[/127.0.0.1:51798] logged in with entity id 1 at (-5.5, -60.0, -9.5)
[19:39:50] [Server thread/INFO]: order_probe joined the game
[19:39:51] [Server thread/INFO]: Successfully filled 289 block(s)
[19:39:51] [Server thread/INFO]: No blocks were filled
[19:39:51] [Server thread/INFO]: Changed the block at 2, 200, 0
[19:39:51] [Server thread/INFO]: Changed the block at 0, 200, 2
[19:39:51] [Server thread/INFO]: No items were found on player order_probe
[19:39:51] [Server thread/INFO]: Teleported order_probe to 0.500000, 200.000000, 0.500000
[19:39:51] [Server thread/WARN]: order_probe moved too quickly! 6.0,260.0,10.0
[19:39:51] [Server thread/WARN]: order_probe moved too quickly! 6.0,260.0,10.0
[19:39:51] [Server thread/WARN]: order_probe moved too quickly! 6.0,260.0,10.0
[19:39:51] [Server thread/WARN]: order_probe moved too quickly! 6.0,260.0,10.0
[19:39:51] [Server thread/WARN]: order_probe moved too quickly! 6.0,260.0,10.0
[19:39:51] [Server thread/WARN]: order_probe moved too quickly! 6.0,260.0,10.0
[19:39:51] [Server thread/WARN]: order_probe moved too quickly! 6.0,260.0,10.0
[19:39:51] [Server thread/WARN]: order_probe moved too quickly! 6.0,260.0,10.0
[19:39:51] [Server thread/WARN]: order_probe moved too quickly! 6.0,260.0,10.0
[19:39:51] [Server thread/WARN]: order_probe moved too quickly! 6.0,260.0,10.0
[19:39:51] [Server thread/WARN]: order_probe moved too quickly! 6.0,260.0,10.0
[19:39:51] [Server thread/WARN]: order_probe moved too quickly! 6.0,260.0,10.0
[19:39:51] [Server thread/WARN]: order_probe moved too quickly! 6.0,260.0,10.0
[19:39:51] [Server thread/WARN]: order_probe moved too quickly! 6.0,260.0,10.0
[19:39:51] [Server thread/WARN]: order_probe moved too quickly! 6.0,260.0,10.0
[19:39:51] [Server thread/WARN]: order_probe moved too quickly! 6.0,260.0,10.0
[19:39:51] [Server thread/WARN]: order_probe moved too quickly! 6.0,260.0,10.0
[19:39:51] [Server thread/WARN]: order_probe moved too quickly! 6.0,260.0,10.0
[19:39:51] [Server thread/WARN]: order_probe moved too quickly! 6.0,260.0,10.0
[19:39:51] [Server thread/WARN]: order_probe moved too quickly! 6.0,260.0,10.0
[19:39:51] [Server thread/WARN]: order_probe moved too quickly! 6.0,260.0,10.0
[19:39:51] [Server thread/WARN]: order_probe moved too quickly! 6.0,260.0,10.0
[19:39:51] [Server thread/WARN]: order_probe moved too quickly! 6.0,260.0,10.0
[19:39:51] [Server thread/WARN]: order_probe moved too quickly! 6.0,260.0,10.0
[19:39:51] [Server thread/WARN]: order_probe moved too quickly! 6.0,260.0,10.0
[19:39:51] [Server thread/WARN]: order_probe moved too quickly! 6.0,260.0,10.0
[19:39:51] [Server thread/WARN]: order_probe moved too quickly! 6.0,260.0,10.0
[19:39:51] [Server thread/WARN]: order_probe moved too quickly! 6.0,260.0,10.0
[19:39:51] [Server thread/WARN]: order_probe moved too quickly! 6.0,260.0,10.0
[19:39:51] [Server thread/WARN]: order_probe moved too quickly! 6.0,260.0,10.0
[19:39:51] [Server thread/WARN]: order_probe moved too quickly! 6.0,260.0,10.0
[19:39:51] [Server thread/WARN]: order_probe moved too quickly! 6.0,260.0,10.0
[19:39:51] [Server thread/WARN]: order_probe moved too quickly! 6.0,260.0,10.0
[19:39:51] [Server thread/WARN]: order_probe moved too quickly! 6.0,260.0,10.0
[19:39:51] [Server thread/WARN]: order_probe moved too quickly! 6.0,260.0,10.0
[19:39:51] [Server thread/WARN]: order_probe moved too quickly! 6.0,260.0,10.0
[19:39:51] [Server thread/WARN]: order_probe moved too quickly! 6.0,260.0,10.0
[19:39:51] [Server thread/WARN]: order_probe moved too quickly! 6.0,260.0,10.0
[19:39:51] [Server thread/WARN]: order_probe moved too quickly! 6.0,260.0,10.0
[19:39:51] [Server thread/WARN]: order_probe moved too quickly! 6.0,260.0,10.0
[19:39:51] [Server thread/WARN]: order_probe moved too quickly! 6.0,260.0,10.0
[19:39:51] [Server thread/WARN]: order_probe moved too quickly! 6.0,260.0,10.0
[19:39:51] [Server thread/WARN]: order_probe moved too quickly! 6.0,260.0,10.0
[19:39:51] [Server thread/WARN]: order_probe moved too quickly! 6.0,260.0,10.0
[19:39:51] [Server thread/WARN]: order_probe moved too quickly! 6.0,260.0,10.0
[19:39:51] [Server thread/WARN]: order_probe moved too quickly! 6.0,260.0,10.0
[19:39:51] [Server thread/WARN]: order_probe moved too quickly! 6.0,260.0,10.0
[19:39:51] [Server thread/WARN]: order_probe moved too quickly! 6.0,260.0,10.0
[19:39:51] [Server thread/WARN]: order_probe moved too quickly! 6.0,260.0,10.0
[19:39:51] [Server thread/WARN]: order_probe moved too quickly! 6.0,260.0,10.0
[19:39:51] [Server thread/WARN]: order_probe moved too quickly! 6.0,260.0,10.0
[19:39:51] [Server thread/WARN]: order_probe moved too quickly! 6.0,260.0,10.0
[19:39:51] [Server thread/WARN]: order_probe moved too quickly! 6.0,260.0,10.0
[19:39:51] [Server thread/WARN]: order_probe moved too quickly! 6.0,260.0,10.0
[19:39:51] [Server thread/WARN]: order_probe moved too quickly! 6.0,260.0,10.0
[19:39:51] [Server thread/WARN]: order_probe moved too quickly! 6.0,260.0,10.0
[19:39:51] [Server thread/WARN]: order_probe moved too quickly! 6.0,260.0,10.0
[19:39:51] [Server thread/WARN]: order_probe moved too quickly! 6.0,260.0,10.0
[19:39:51] [Server thread/WARN]: order_probe moved too quickly! 6.0,260.0,10.0
[19:39:51] [Server thread/WARN]: order_probe moved too quickly! 6.0,260.0,10.0
[19:39:51] [Server thread/WARN]: order_probe moved too quickly! 6.0,260.0,10.0
[19:39:51] [Server thread/WARN]: order_probe moved too quickly! 6.0,260.0,10.0
[19:39:51] [Server thread/WARN]: order_probe moved too quickly! 6.0,260.0,10.0
[19:39:51] [Server thread/WARN]: order_probe moved too quickly! 6.0,260.0,10.0
[19:39:51] [Server thread/WARN]: order_probe moved too quickly! 6.0,260.0,10.0
[19:39:51] [Server thread/WARN]: order_probe moved too quickly! 6.0,260.0,10.0
[19:39:51] [Server thread/WARN]: order_probe moved too quickly! 6.0,260.0,10.0
[19:39:51] [Server thread/WARN]: order_probe moved too quickly! 6.0,260.0,10.0
[19:39:51] [Server thread/WARN]: order_probe moved too quickly! 6.0,260.0,10.0
[19:39:53] [Server thread/INFO]: No blocks were filled
[19:39:53] [Server thread/INFO]: Successfully filled 2 block(s)
[19:39:53] [Server thread/INFO]: Changed the block at 4, 200, 4
[19:39:53] [Server thread/INFO]: Changed the block at -4, 200, -4
[19:39:54] [Server thread/INFO]: No items were found on player order_probe
[19:39:54] [Server thread/INFO]: Teleported order_probe to 0.500000, 200.000000, 0.500000
[19:39:55] [Server thread/INFO]: No blocks were filled
[19:39:55] [Server thread/INFO]: Successfully filled 2 block(s)
[19:39:55] [Server thread/INFO]: Changed the block at 2, 200, 0
[19:39:56] [Server thread/INFO]: No items were found on player order_probe
[19:39:56] [Server thread/INFO]: Teleported order_probe to 0.500000, 200.000000, 0.500000
[19:39:57] [Server thread/INFO]: No blocks were filled
[19:39:57] [Server thread/INFO]: Successfully filled 1 block(s)
[19:39:57] [Server thread/INFO]: Changed the block at 2, 200, 0
[19:39:58] [Server thread/INFO]: Changed the block at 0, 200, 2
[19:39:58] [Server thread/INFO]: No items were found on player order_probe
[19:39:58] [Server thread/INFO]: Teleported order_probe to 0.500000, 200.000000, 0.500000
[19:39:59] [Server thread/INFO]: No blocks were filled
[19:40:00] [Server thread/INFO]: Successfully filled 2 block(s)
[19:40:00] [Server thread/INFO]: Changed the block at 4, 200, 0
[19:40:00] [Server thread/INFO]: Changed the block at 0, 200, 4
[19:40:00] [Server thread/INFO]: Changed the block at -4, 200, 0
[19:40:00] [Server thread/INFO]: No items were found on player order_probe
[19:40:00] [Server thread/INFO]: Teleported order_probe to 0.500000, 200.000000, 0.500000
[19:40:02] [Server thread/INFO]: No blocks were filled
[19:40:02] [Server thread/INFO]: Successfully filled 3 block(s)
[19:40:02] [Server thread/INFO]: Changed the block at 2, 200, 0
[19:40:02] [Server thread/INFO]: Changed the block at 0, 200, 2
[19:40:02] [Server thread/INFO]: No items were found on player order_probe
[19:40:03] [Server thread/INFO]: order_probe has made the advancement [Getting an Upgrade]
[19:40:03] [Server thread/INFO]: Gave 1 [Stone Pickaxe] to order_probe
[19:40:03] [Server thread/INFO]: Teleported order_probe to 0.500000, 200.000000, 0.500000
[19:40:04] [Server thread/INFO]: No blocks were filled
[19:40:04] [Server thread/INFO]: Successfully filled 2 block(s)
[19:40:05] [Server thread/INFO]: Changed the block at 4, 200, 4
[19:40:05] [Server thread/INFO]: Changed the block at -4, 200, -4
[19:40:05] [Server thread/INFO]: Removed 1 item(s) from player order_probe
[19:40:05] [Server thread/INFO]: Gave 1 [Stone Pickaxe] to order_probe
[19:40:05] [Server thread/INFO]: Teleported order_probe to 0.500000, 200.000000, 0.500000
[19:40:07] [Server thread/INFO]: No blocks were filled
[19:40:07] [Server thread/INFO]: Successfully filled 2 block(s)
[19:40:07] [Server thread/INFO]: Changed the block at 2, 200, 0
[19:40:07] [Server thread/INFO]: Removed 1 item(s) from player order_probe
[19:40:07] [Server thread/INFO]: Gave 1 [Stone Pickaxe] to order_probe
[19:40:08] [Server thread/INFO]: Teleported order_probe to 0.500000, 200.000000, 0.500000
[19:40:09] [Server thread/INFO]: No blocks were filled
[19:40:09] [Server thread/INFO]: Successfully filled 1 block(s)
[19:40:09] [Server thread/INFO]: Changed the block at 2, 200, 0
[19:40:09] [Server thread/INFO]: Changed the block at 0, 200, 2
[19:40:09] [Server thread/INFO]: Removed 1 item(s) from player order_probe
[19:40:10] [Server thread/INFO]: Gave 1 [Stone Pickaxe] to order_probe
[19:40:10] [Server thread/INFO]: Teleported order_probe to 0.500000, 200.000000, 0.500000
[19:40:11] [Server thread/INFO]: No blocks were filled
[19:40:11] [Server thread/INFO]: Successfully filled 2 block(s)
[19:40:12] [Server thread/INFO]: Changed the block at 4, 200, 0
[19:40:12] [Server thread/INFO]: Changed the block at 0, 200, 4
[19:40:12] [Server thread/INFO]: Changed the block at -4, 200, 0
[19:40:12] [Server thread/INFO]: Removed 1 item(s) from player order_probe
[19:40:12] [Server thread/INFO]: Gave 1 [Stone Pickaxe] to order_probe
[19:40:12] [Server thread/INFO]: Teleported order_probe to 0.500000, 200.000000, 0.500000
[19:40:14] [Server thread/INFO]: order_probe lost connection: Disconnected
[19:40:14] [Server thread/INFO]: order_probe left the game
[19:40:19] [Server thread/INFO]: Stopping the server
[19:40:19] [Server thread/INFO]: Stopping server
[19:40:19] [Server thread/INFO]: Saving players
[19:40:19] [Server thread/INFO]: Saving worlds
[19:40:19] [Server thread/INFO]: Saving chunks for level 'ServerLevel[order-world]'/minecraft:overworld
[19:40:20] [Server thread/INFO]: Saving chunks for level 'ServerLevel[order-world]'/minecraft:the_nether
[19:40:20] [Server thread/INFO]: Saving chunks for level 'ServerLevel[order-world]'/minecraft:the_end
[19:40:20] [Server thread/INFO]: ThreadedAnvilChunkStorage (order-world): All chunks are saved
[19:40:20] [Server thread/INFO]: ThreadedAnvilChunkStorage (DIM-1): All chunks are saved
[19:40:20] [Server thread/INFO]: ThreadedAnvilChunkStorage (DIM1): All chunks are saved
[19:40:20] [Server thread/INFO]: ThreadedAnvilChunkStorage: All dimensions are saved
