✔ deterministic preparation runs as an owned WorkerController task (1.386578ms)
✔ a newer worker task cancels preparation through the normal taskVersion ownership (0.24128ms)
✔ new owner waits for in-flight preparation and stale queued owners cannot act (4.502203ms)
✔ missing objective remains an OBJECTIVE_REQUIRED result with a defined shadow task (0.311458ms)
✔ damage defense invalidates preparation immediately but waits before physical reaction (7.619447ms)
✔ defense exposes a fresh preparation resume candidate without auto-running it (0.823911ms)
✔ any new owned task invalidates a pending preparation resume candidate (0.334545ms)
✔ post-defense resume reads the live approved remainder missed by sparse nearby sampling (2.350212ms)
✔ dispatch policy only creates bounded preparation tasks for eligible deterministic intents (1.388343ms)
✔ dispatch policy refuses preparation when safety or normal progress has precedence (0.176948ms)
✔ planner collects exactly the missing recipe inputs, accounting for conversion batches (0.775783ms)
✔ bridge has no effect unless explicitly enabled (0.562036ms)
✔ preflight refuses missing table and unauthorized material sources before digging (3.044233ms)
✔ cancel and critical food preempt physical preparation (0.785927ms)
✔ authorized gathering never selects a closer unapproved block (1.037198ms)
✔ visible approved block in physical reach does not require a navigation goal (0.511734ms)
✔ carried sword cancels material plan and can be equipped without crafting again (1.231675ms)
✔ opt-in collection refuses blocked target then uses only a visible approved alternative (0.54145ms)
✔ in-flight craft inventory is recorded on cancellation and resume only equips the produced sword (4.17056ms)
✔ live approved remaining source refines sparse perception and collects only the missing cobblestone (2.496356ms)
✔ craft guard rechecks safety after async table lookup and before physical submission (2.46016ms)
✔ table removed after preflight is refused without finding, making or placing another (0.821124ms)
✔ local recipe input removed after table preflight gives specific refusal without ingredient recursion (1.591947ms)
✔ sword appearing in async preparation window is equipped without crafting a duplicate (0.739076ms)
✔ safety interruption stays latched if threat disappears before error handling (0.801885ms)
✔ limited dispatch refuses unsupported weapons and any threat, including a carriable sword under threat (0.205214ms)
✔ pickaxe lost after partial pickup prevents a second authorized stone dig (1.998454ms)
✔ closing connection after a submitted craft blocks equip before the delayed end event (0.76491ms)
✔ reconnect recovery credits only an inventory-confirmed cobblestone drop near an approved destroyed target (0.297587ms)
✔ reconnect recovery refuses ambiguous matching drops near the same destroyed target (0.280514ms)
✔ limited recovery ignores wrong, outside-radius and still-existing-target drops (0.20405ms)
✔ failed pickup remains in preparation refusal evidence without crediting the dig (0.857942ms)
✔ recovery interruption preserves a zero-credit recovery step before movement (0.346278ms)
✔ recovery never switches to a replacement cobblestone entity after selection (0.217716ms)
✔ recovery stops in-flight movement when its selected entity disappears (0.496807ms)
✔ own pickup followed by entity removal still requires inventory confirmation (0.435021ms)
✔ critical creeper is handled by forced escape, not model choice (1.512698ms)
✔ wait is unavailable without a concrete wait reason (0.246852ms)
✔ unarmed exploration exposes preparation as a strategic choice (0.204547ms)
✔ unarmed exploration with nearby basic materials forces gather before progress (0.243641ms)
✔ armed-tool mine_iron still gathers combat materials before unarmed progress (0.2126ms)
✔ unarmed objective without nearby materials does not invent a gather target (0.15235ms)
✔ forced unarmed gather requires an actionable wood-plus-stone preparation path (0.333493ms)
✔ repeated failures with a known alternative route expose only replan (0.181662ms)
✔ deterministic player policy completes every V2 scenario safely (3.201139ms)
✔ interrupted objective resumes after the safety reaction (0.389543ms)
✔ adaptive gather scenario exposes threat after first exploration and resumes safely (0.595547ms)
✔ fire and drowning are forced safety decisions outside model candidates (0.138058ms)
✔ report separates endpoint attempts, confirmed model calls, and invalid-choice fallbacks (0.500265ms)
ℹ tests 49
ℹ suites 0
ℹ pass 49
ℹ fail 0
ℹ cancelled 0
ℹ skipped 0
ℹ todo 0
ℹ duration_ms 215.221697
