Starting net.minecraft.server.Main
[09:58:57] [ServerMain/INFO]: Environment: authHost='https://authserver.mojang.com', accountsHost='https://api.mojang.com', sessionHost='https://sessionserver.mojang.com', servicesHost='https://api.minecraftservices.com', name='PROD'
[09:58:57] [Yggdrasil Key Fetcher/ERROR]: Failed to request yggdrasil public key
com.mojang.authlib.exceptions.AuthenticationUnavailableException: Cannot contact authentication server
	at com.mojang.authlib.yggdrasil.YggdrasilAuthenticationService.makeRequest(YggdrasilAuthenticationService.java:119) ~[authlib-4.0.43.jar:?]
	at com.mojang.authlib.yggdrasil.YggdrasilAuthenticationService.makeRequest(YggdrasilAuthenticationService.java:91) ~[authlib-4.0.43.jar:?]
	at com.mojang.authlib.yggdrasil.YggdrasilServicesKeyInfo.fetch(YggdrasilServicesKeyInfo.java:94) ~[authlib-4.0.43.jar:?]
	at com.mojang.authlib.yggdrasil.YggdrasilServicesKeyInfo.lambda$get$1(YggdrasilServicesKeyInfo.java:81) ~[authlib-4.0.43.jar:?]
	at java.util.concurrent.Executors$RunnableAdapter.call(Executors.java:539) ~[?:?]
	at java.util.concurrent.FutureTask.runAndReset(FutureTask.java:305) ~[?:?]
	at java.util.concurrent.ScheduledThreadPoolExecutor$ScheduledFutureTask.run(ScheduledThreadPoolExecutor.java:305) ~[?:?]
	at java.util.concurrent.ThreadPoolExecutor.runWorker(ThreadPoolExecutor.java:1136) ~[?:?]
	at java.util.concurrent.ThreadPoolExecutor$Worker.run(ThreadPoolExecutor.java:635) ~[?:?]
	at java.lang.Thread.run(Thread.java:840) ~[?:?]
Caused by: java.net.UnknownHostException: api.minecraftservices.com
	at sun.nio.ch.NioSocketImpl.connect(NioSocketImpl.java:572) ~[?:?]
	at java.net.SocksSocketImpl.connect(SocksSocketImpl.java:327) ~[?:?]
	at java.net.Socket.connect(Socket.java:633) ~[?:?]
	at sun.security.ssl.SSLSocketImpl.connect(SSLSocketImpl.java:304) ~[?:?]
	at sun.net.NetworkClient.doConnect(NetworkClient.java:178) ~[?:?]
	at sun.net.www.http.HttpClient.openServer(HttpClient.java:533) ~[?:?]
	at sun.net.www.http.HttpClient.openServer(HttpClient.java:638) ~[?:?]
	at sun.net.www.protocol.https.HttpsClient.<init>(HttpsClient.java:267) ~[?:?]
	at sun.net.www.protocol.https.HttpsClient.New(HttpsClient.java:381) ~[?:?]
	at sun.net.www.protocol.https.AbstractDelegateHttpsURLConnection.getNewHttpClient(AbstractDelegateHttpsURLConnection.java:196) ~[?:?]
	at sun.net.www.protocol.http.HttpURLConnection.plainConnect0(HttpURLConnection.java:1307) ~[?:?]
	at sun.net.www.protocol.http.HttpURLConnection.plainConnect(HttpURLConnection.java:1148) ~[?:?]
	at sun.net.www.protocol.http.HttpURLConnection.connect(HttpURLConnection.java:1077) ~[?:?]
	at sun.net.www.protocol.https.AbstractDelegateHttpsURLConnection.connect(AbstractDelegateHttpsURLConnection.java:181) ~[?:?]
	at sun.net.www.protocol.http.HttpURLConnection.getInputStream0(HttpURLConnection.java:1717) ~[?:?]
	at sun.net.www.protocol.http.HttpURLConnection.getInputStream(HttpURLConnection.java:1641) ~[?:?]
	at sun.net.www.protocol.https.HttpsURLConnectionImpl.getInputStream(HttpsURLConnectionImpl.java:224) ~[?:?]
	at com.mojang.authlib.HttpAuthenticationService.performGetRequest(HttpAuthenticationService.java:140) ~[authlib-4.0.43.jar:?]
	at com.mojang.authlib.yggdrasil.YggdrasilAuthenticationService.makeRequest(YggdrasilAuthenticationService.java:96) ~[authlib-4.0.43.jar:?]
	... 9 more
[09:58:58] [ServerMain/INFO]: Loaded 7 recipes
[09:58:59] [ServerMain/INFO]: Loaded 1271 advancements
[09:58:59] [Server thread/INFO]: Starting minecraft server version 1.20.1
[09:58:59] [Server thread/INFO]: Loading properties
[09:58:59] [Server thread/INFO]: Default game type: SURVIVAL
[09:58:59] [Server thread/INFO]: Generating keypair
[09:58:59] [Server thread/INFO]: Starting Minecraft server on 127.0.0.1:25566
[09:58:59] [Server thread/INFO]: Using epoll channel type
[09:58:59] [Server thread/WARN]: Failed to find a usable hardware address from the network interfaces; using random bytes: 9e:bc:e8:3b:31:7c:4c:1c
[09:58:59] [Server thread/WARN]: **** SERVER IS RUNNING IN OFFLINE/INSECURE MODE!
[09:58:59] [Server thread/WARN]: The server will make no attempt to authenticate usernames. Beware.
[09:58:59] [Server thread/WARN]: While this makes the game possible to play without internet access, it also opens up the ability for hackers to connect with any username they choose.
[09:58:59] [Server thread/WARN]: To change this, set "online-mode" to "true" in the server.properties file.
[09:58:59] [Server thread/INFO]: Preparing level "recovery-safety-world"
[09:58:59] [Server thread/INFO]: Preparing start region for dimension minecraft:overworld
[09:59:01] [Worker-Main-1/INFO]: Preparing spawn area: 0%
[09:59:01] [Worker-Main-1/INFO]: Preparing spawn area: 0%
[09:59:01] [Worker-Main-6/INFO]: Preparing spawn area: 0%
[09:59:01] [Worker-Main-7/INFO]: Preparing spawn area: 0%
[09:59:01] [Worker-Main-7/INFO]: Preparing spawn area: 57%
[09:59:01] [Server thread/INFO]: Time elapsed: 2245 ms
[09:59:01] [Server thread/INFO]: Done (2.354s)! For help, type "help"
[09:59:02] [Server thread/INFO]: Gamerule doDaylightCycle is now set to: false
[09:59:02] [Server thread/INFO]: Set the time to 1000
[09:59:02] [Server thread/INFO]: Gamerule doMobSpawning is now set to: false
[09:59:02] [Server thread/INFO]: Gamerule randomTickSpeed is now set to: 0
[09:59:02] [Server thread/INFO]: Gamerule naturalRegeneration is now set to: false
[09:59:09] [Server thread/INFO]: prep_A[/127.0.0.1:47212] logged in with entity id 1 at (2.3118769931065204, 200.0, 0.6958958649413685)
[09:59:09] [Server thread/INFO]: prep_A joined the game
[09:59:09] [Server thread/INFO]: The difficulty did not change; it is already set to peaceful
[09:59:09] [Server thread/INFO]: Set the time to 1000
[09:59:09] [Server thread/INFO]: No entity was found
[09:59:10] [Server thread/INFO]: Removed 4 item(s) from player prep_A
[09:59:10] [Server thread/INFO]: No blocks were filled
[09:59:10] [Server thread/INFO]: Successfully filled 1 block(s)
[09:59:10] [Server thread/INFO]: Teleported prep_A to 0.500000, 200.000000, 0.500000
[09:59:10] [Server thread/INFO]: Applied effect Saturation to prep_A
[09:59:11] [Server thread/INFO]: Applied effect Instant Health to prep_A
[09:59:12] [Server thread/INFO]: Target has no effects to remove
[09:59:12] [Server thread/INFO]: Gave 1 [Stick] to prep_A
[09:59:12] [Server thread/INFO]: Gave 1 [Stone Pickaxe] to prep_A
[09:59:12] [Server thread/INFO]: Changed the block at 0, 200, 2
[09:59:13] [Server thread/INFO]: Changed the block at 2, 200, 0
[09:59:13] [Server thread/INFO]: Changed the block at -1, 200, -1
[09:59:14] [Server thread/INFO]: prep_A lost connection: Disconnected
[09:59:14] [Server thread/INFO]: prep_A left the game
[09:59:14] [Server thread/INFO]: prep_A[/127.0.0.1:45840] logged in with entity id 5 at (0.5, 200.0, 0.5)
[09:59:14] [Server thread/INFO]: prep_A joined the game
[09:59:14] [Server thread/INFO]: Teleported prep_A to 0.500000, 200.000000, -1.500000
[09:59:14] [Server thread/INFO]: Killed Cobblestone
[09:59:15] [Server thread/INFO]: Summoned new Cobblestone
[09:59:15] [Server thread/INFO]: The difficulty did not change; it is already set to peaceful
[09:59:15] [Server thread/INFO]: Set the time to 1000
[09:59:15] [Server thread/INFO]: Killed Cobblestone
[09:59:15] [Server thread/INFO]: Removed 2 item(s) from player prep_A
[09:59:16] [Server thread/INFO]: No blocks were filled
[09:59:16] [Server thread/INFO]: Successfully filled 2 block(s)
[09:59:16] [Server thread/INFO]: Teleported prep_A to 0.500000, 200.000000, 0.500000
[09:59:16] [Server thread/INFO]: Applied effect Saturation to prep_A
[09:59:16] [Server thread/INFO]: Applied effect Instant Health to prep_A
[09:59:18] [Server thread/INFO]: Target has no effects to remove
[09:59:18] [Server thread/INFO]: Gave 1 [Stick] to prep_A
[09:59:18] [Server thread/INFO]: Gave 1 [Stone Pickaxe] to prep_A
[09:59:18] [Server thread/INFO]: Changed the block at 0, 200, 2
[09:59:18] [Server thread/INFO]: Changed the block at 2, 200, 0
[09:59:18] [Server thread/INFO]: Changed the block at -1, 200, -1
[09:59:20] [Server thread/INFO]: prep_A lost connection: Disconnected
[09:59:20] [Server thread/INFO]: prep_A left the game
[09:59:20] [Server thread/INFO]: prep_A[/127.0.0.1:45850] logged in with entity id 10 at (0.5, 200.0, 0.5)
[09:59:20] [Server thread/INFO]: prep_A joined the game
[09:59:20] [Server thread/INFO]: Teleported prep_A to 0.500000, 200.000000, -1.500000
[09:59:20] [Server thread/INFO]: The difficulty has been set to Normal
[09:59:20] [Server thread/INFO]: Summoned new Zombie
[09:59:21] [Server thread/INFO]: Killed Zombie
[09:59:21] [Server thread/INFO]: The difficulty has been set to Peaceful
[09:59:21] [Server thread/INFO]: Target has no effects to remove
[09:59:26] [Server thread/INFO]: The difficulty did not change; it is already set to peaceful
[09:59:26] [Server thread/INFO]: Set the time to 1000
[09:59:26] [Server thread/INFO]: Killed Rotten Flesh
[09:59:26] [Server thread/INFO]: Removed 2 item(s) from player prep_A
[09:59:26] [Server thread/INFO]: No blocks were filled
[09:59:26] [Server thread/INFO]: Successfully filled 1 block(s)
[09:59:27] [Server thread/INFO]: Teleported prep_A to 0.500000, 200.000000, 0.500000
[09:59:27] [Server thread/INFO]: Applied effect Saturation to prep_A
[09:59:27] [Server thread/INFO]: Applied effect Instant Health to prep_A
[09:59:28] [Server thread/INFO]: Target has no effects to remove
[09:59:28] [Server thread/INFO]: Gave 1 [Stick] to prep_A
[09:59:29] [Server thread/INFO]: Gave 1 [Stone Pickaxe] to prep_A
[09:59:29] [Server thread/INFO]: Changed the block at 0, 200, 2
[09:59:29] [Server thread/INFO]: Changed the block at 2, 200, 0
[09:59:29] [Server thread/INFO]: Changed the block at -1, 200, -1
[09:59:31] [Server thread/INFO]: prep_A lost connection: Disconnected
[09:59:31] [Server thread/INFO]: prep_A left the game
[09:59:31] [Server thread/INFO]: prep_A[/127.0.0.1:59228] logged in with entity id 17 at (0.5, 200.0, 0.5)
[09:59:31] [Server thread/INFO]: prep_A joined the game
[09:59:31] [Server thread/INFO]: Teleported prep_A to 0.500000, 200.000000, -1.500000
[09:59:38] [Server thread/INFO]: prep_A lost connection: Disconnected
[09:59:38] [Server thread/INFO]: prep_A left the game
[09:59:38] [Server thread/INFO]: Stopping the server
[09:59:38] [Server thread/INFO]: Stopping server
[09:59:38] [Server thread/INFO]: Saving players
[09:59:38] [Server thread/INFO]: Saving worlds
[09:59:38] [Server thread/INFO]: Saving chunks for level 'ServerLevel[recovery-safety-world]'/minecraft:overworld
[09:59:39] [Server thread/INFO]: Saving chunks for level 'ServerLevel[recovery-safety-world]'/minecraft:the_nether
[09:59:39] [Server thread/INFO]: Saving chunks for level 'ServerLevel[recovery-safety-world]'/minecraft:the_end
[09:59:39] [Server thread/INFO]: ThreadedAnvilChunkStorage (recovery-safety-world): All chunks are saved
[09:59:39] [Server thread/INFO]: ThreadedAnvilChunkStorage (DIM-1): All chunks are saved
[09:59:39] [Server thread/INFO]: ThreadedAnvilChunkStorage (DIM1): All chunks are saved
[09:59:39] [Server thread/INFO]: ThreadedAnvilChunkStorage: All dimensions are saved
