0.0 {"ev": "orch.tick", "inflight": [], "backoff": [], "fails": null, "fresh": true}
0.0 {"ev": "orch.runAuto", "w": "explorador_01", "task": "explorar", "reason": "estoque_estavel", "radius": 96}
0.0 {"ev": "run.start", "w": "explorador_01", "task": "explorar", "src": "orchestrator", "reason": "estoque_estavel", "v": 7, "pos": [310.5, 200, -316.5]}
0.0 {"ev": "table.search", "maxDistance": 4, "bot": [310.5, 200, -316.5], "found": null}
0.0 {"ev": "staging.start", "w": "explorador_01", "v": 8, "pos": [310.5, 200, -316.5]}
0.1 {"ev": "table.search", "maxDistance": 8, "bot": [310.5, 200, -316.5], "found": [317, 200, -317]}
0.1 {"ev": "goTo", "w": "explorador_01", "v": 8, "goal": [317, 200, -317, 1], "from": [310.5, 200, -316.5]}
1.2 {"ev": "staging.end", "w": "explorador_01", "v": 8, "ok": true, "pos": [316.34, 200, -316.5]}
1.2 {"ev": "explore.start", "w": "explorador_01", "v": 8, "pos": [316.3, 200, -316.5], "sm": "0"}
1.2 {"ev": "goTo", "w": "explorador_01", "v": 8, "goal": [314, 200, -333, 3], "from": [316.34, 200, -316.5]}
3.7 {"ev": "xpl.end", "w": "explorador_01", "v": 8, "ok": true, "steps": [], "pos": [314.5, 200, -329.5], "inv": "stone_pickaxe:1,cooked_beef:8"}
3.7 {"ev": "run.end", "w": "explorador_01", "task": "explorar", "v": 8, "ok": true, "steps": [], "pos": [314.5, 200, -329.5]}
5.0 {"ev": "orch.tick", "inflight": [], "backoff": [], "fails": null, "fresh": true}
5.0 {"ev": "orch.runAuto", "w": "explorador_01", "task": "explorar", "reason": "estoque_estavel", "radius": 96}
5.0 {"ev": "run.start", "w": "explorador_01", "task": "explorar", "src": "orchestrator", "reason": "estoque_estavel", "v": 8, "pos": [314.5, 200, -329.5]}
5.0 {"ev": "explore.start", "w": "explorador_01", "v": 9, "pos": [314.5, 200, -329.5], "sm": "0"}
5.0 {"ev": "goTo", "w": "explorador_01", "v": 9, "goal": [330, 200, -333, 3], "from": [314.5, 200, -329.5]}
7.7 {"ev": "xpl.end", "w": "explorador_01", "v": 9, "ok": true, "steps": [], "pos": [327.4, 200, -332.5], "inv": "stone_pickaxe:1,cooked_beef:8"}
7.7 {"ev": "run.end", "w": "explorador_01", "task": "explorar", "v": 9, "ok": true, "steps": [], "pos": [327.4, 200, -332.5]}
10.0 {"ev": "orch.tick", "inflight": [], "backoff": [], "fails": null, "fresh": true}
10.0 {"ev": "orch.runAuto", "w": "explorador_01", "task": "explorar", "reason": "estoque_estavel", "radius": 96}
10.0 {"ev": "run.start", "w": "explorador_01", "task": "explorar", "src": "orchestrator", "reason": "estoque_estavel", "v": 9, "pos": [327.4, 200, -332.5]}
10.0 {"ev": "explore.start", "w": "explorador_01", "v": 10, "pos": [327.4, 200, -332.5], "sm": "0"}
10.0 {"ev": "goTo", "w": "explorador_01", "v": 10, "goal": [346, 200, -317, 3], "from": [327.4, 200, -332.5]}
15.0 {"ev": "orch.tick", "inflight": ["explorador_01"], "backoff": [], "fails": null, "fresh": true}
20.0 {"ev": "orch.tick", "inflight": ["explorador_01"], "backoff": [], "fails": null, "fresh": true}
25.0 {"ev": "orch.tick", "inflight": ["explorador_01"], "backoff": [], "fails": null, "fresh": false}
30.0 {"ev": "orch.tick", "inflight": ["explorador_01"], "backoff": [], "fails": null, "fresh": false}
FIN
