ACTION threat at 1790989936153
0.0 {"ev": "orch.tick", "inflight": [], "backoff": [], "fails": null, "fresh": true}
0.0 {"ev": "orch.runAuto", "w": "explorador_01", "task": "explorar", "reason": "estoque_estavel", "radius": 96}
0.0 {"ev": "run.start", "w": "explorador_01", "task": "explorar", "src": "orchestrator", "reason": "estoque_estavel", "v": 7, "pos": [310.5, 200, -316.5]}
0.0 {"ev": "staging.start", "w": "explorador_01", "v": 8, "pos": [310.5, 200, -316.5]}
0.0 {"ev": "table.search", "maxDistance": 8, "bot": [310.5, 200, -316.5], "found": [317, 200, -317]}
0.0 {"ev": "goTo", "w": "explorador_01", "v": 8, "goal": [317, 200, -317, 1], "from": [310.5, 200, -316.5]}
1.8 {"ev": "staging.end", "w": "explorador_01", "v": 8, "ok": true, "pos": [316.32, 200, -316.43]}
1.9 {"ev": "xpl.end", "w": "explorador_01", "v": 8, "ok": false, "code": "PLAYER_LOOP_PREEMPTED", "steps": [], "pos": [316.3, 200, -316.4], "inv": "stone_pickaxe:1,cooked_beef:8"}
1.9 {"ev": "run.end", "w": "explorador_01", "task": "explorar", "v": 8, "ok": false, "code": "PLAYER_LOOP_PREEMPTED", "steps": [], "pos": [316.3, 200, -316.4]}
5.0 {"ev": "orch.tick", "inflight": [], "backoff": [["explorador_01", 1853]], "fails": null, "fresh": true}
10.0 {"ev": "orch.tick", "inflight": [], "backoff": [["explorador_01", 0]], "fails": null, "fresh": true}
10.0 {"ev": "orch.runAuto", "w": "explorador_01", "task": "explorar", "reason": "estoque_estavel", "radius": 96}
10.0 {"ev": "run.start", "w": "explorador_01", "task": "explorar", "src": "orchestrator", "reason": "estoque_estavel", "v": 8, "pos": [316.3, 200, -316.4]}
10.0 {"ev": "xpl.end", "w": "explorador_01", "v": 9, "ok": false, "code": "PLAYER_LOOP_PREEMPTED", "steps": [], "pos": [316.3, 200, -316.4], "inv": "stone_pickaxe:1,cooked_beef:8"}
10.0 {"ev": "run.end", "w": "explorador_01", "task": "explorar", "v": 9, "ok": false, "code": "PLAYER_LOOP_PREEMPTED", "steps": [], "pos": [316.3, 200, -316.4]}
15.0 {"ev": "orch.tick", "inflight": [], "backoff": [["explorador_01", 34]], "fails": null, "fresh": true}
20.0 {"ev": "orch.tick", "inflight": [], "backoff": [["explorador_01", 0]], "fails": null, "fresh": true}
20.0 {"ev": "orch.runAuto", "w": "explorador_01", "task": "explorar", "reason": "estoque_estavel", "radius": 96}
20.0 {"ev": "run.start", "w": "explorador_01", "task": "explorar", "src": "orchestrator", "reason": "estoque_estavel", "v": 9, "pos": [316.3, 200, -316.4]}
20.0 {"ev": "xpl.end", "w": "explorador_01", "v": 10, "ok": false, "code": "PLAYER_LOOP_PREEMPTED", "steps": [], "pos": [316.3, 200, -316.4], "inv": "stone_pickaxe:1,cooked_beef:8"}
20.0 {"ev": "run.end", "w": "explorador_01", "task": "explorar", "v": 10, "ok": false, "code": "PLAYER_LOOP_PREEMPTED", "steps": [], "pos": [316.3, 200, -316.4]}
25.0 {"ev": "orch.tick", "inflight": [], "backoff": [["explorador_01", 21]], "fails": null, "fresh": false}
30.0 {"ev": "orch.tick", "inflight": [], "backoff": [["explorador_01", 0]], "fails": null, "fresh": false}
30.0 {"ev": "orch.runAuto", "w": "explorador_01", "task": "sincronizar_estoque", "reason": "atualizar_estoque"}
30.0 {"ev": "run.start", "w": "explorador_01", "task": "sincronizar_estoque", "src": "orchestrator", "reason": "atualizar_estoque", "v": 10, "pos": [316.3, 200, -316.4]}
30.0 {"ev": "storage.summary", "w": "explorador_01", "args": []}
30.7 {"ev": "run.end", "w": "explorador_01", "task": "sincronizar_estoque", "v": 11, "ok": true, "pos": [317.6, 200, -314.6]}
35.0 {"ev": "orch.tick", "inflight": [], "backoff": [], "fails": null, "fresh": true}
35.0 {"ev": "orch.runAuto", "w": "explorador_01", "task": "explorar", "reason": "estoque_estavel", "radius": 96}
35.0 {"ev": "run.start", "w": "explorador_01", "task": "explorar", "src": "orchestrator", "reason": "estoque_estavel", "v": 11, "pos": [317.6, 200, -314.6]}
35.0 {"ev": "explore.start", "w": "explorador_01", "v": 12, "pos": [317.6, 200, -314.6], "sm": "0"}
35.0 {"ev": "goTo", "w": "explorador_01", "v": 12, "goal": [314, 200, -333, 3], "from": [317.57, 200, -314.63]}
38.0 {"ev": "xpl.end", "w": "explorador_01", "v": 12, "ok": true, "steps": [], "pos": [314.5, 200, -329.5], "inv": "stone_pickaxe:1,cooked_beef:8,rotten_flesh:2"}
38.0 {"ev": "run.end", "w": "explorador_01", "task": "explorar", "v": 12, "ok": true, "steps": [], "pos": [314.5, 200, -329.5]}
40.0 {"ev": "orch.tick", "inflight": [], "backoff": [], "fails": null, "fresh": true}
40.0 {"ev": "orch.runAuto", "w": "explorador_01", "task": "explorar", "reason": "estoque_estavel", "radius": 96}
40.0 {"ev": "run.start", "w": "explorador_01", "task": "explorar", "src": "orchestrator", "reason": "estoque_estavel", "v": 12, "pos": [314.5, 200, -329.5]}
40.0 {"ev": "explore.start", "w": "explorador_01", "v": 13, "pos": [314.5, 200, -329.5], "sm": "0"}
40.0 {"ev": "goTo", "w": "explorador_01", "v": 13, "goal": [330, 200, -333, 3], "from": [314.5, 200, -329.5]}
FIN
