Unpacking 1.20.1/server-1.20.1.jar (versions:1.20.1) to versions/1.20.1/server-1.20.1.jar
Unpacking com/github/oshi/oshi-core/6.2.2/oshi-core-6.2.2.jar (libraries:com.github.oshi:oshi-core:6.2.2) to libraries/com/github/oshi/oshi-core/6.2.2/oshi-core-6.2.2.jar
Unpacking com/google/code/gson/gson/2.10/gson-2.10.jar (libraries:com.google.code.gson:gson:2.10) to libraries/com/google/code/gson/gson/2.10/gson-2.10.jar
Unpacking com/google/guava/failureaccess/1.0.1/failureaccess-1.0.1.jar (libraries:com.google.guava:failureaccess:1.0.1) to libraries/com/google/guava/failureaccess/1.0.1/failureaccess-1.0.1.jar
Unpacking com/google/guava/guava/31.1-jre/guava-31.1-jre.jar (libraries:com.google.guava:guava:31.1-jre) to libraries/com/google/guava/guava/31.1-jre/guava-31.1-jre.jar
Unpacking com/mojang/authlib/4.0.43/authlib-4.0.43.jar (libraries:com.mojang:authlib:4.0.43) to libraries/com/mojang/authlib/4.0.43/authlib-4.0.43.jar
Unpacking com/mojang/brigadier/1.1.8/brigadier-1.1.8.jar (libraries:com.mojang:brigadier:1.1.8) to libraries/com/mojang/brigadier/1.1.8/brigadier-1.1.8.jar
Unpacking com/mojang/datafixerupper/6.0.8/datafixerupper-6.0.8.jar (libraries:com.mojang:datafixerupper:6.0.8) to libraries/com/mojang/datafixerupper/6.0.8/datafixerupper-6.0.8.jar
Unpacking com/mojang/logging/1.1.1/logging-1.1.1.jar (libraries:com.mojang:logging:1.1.1) to libraries/com/mojang/logging/1.1.1/logging-1.1.1.jar
Unpacking commons-io/commons-io/2.11.0/commons-io-2.11.0.jar (libraries:commons-io:commons-io:2.11.0) to libraries/commons-io/commons-io/2.11.0/commons-io-2.11.0.jar
Unpacking io/netty/netty-buffer/4.1.82.Final/netty-buffer-4.1.82.Final.jar (libraries:io.netty:netty-buffer:4.1.82.Final) to libraries/io/netty/netty-buffer/4.1.82.Final/netty-buffer-4.1.82.Final.jar
Unpacking io/netty/netty-codec/4.1.82.Final/netty-codec-4.1.82.Final.jar (libraries:io.netty:netty-codec:4.1.82.Final) to libraries/io/netty/netty-codec/4.1.82.Final/netty-codec-4.1.82.Final.jar
Unpacking io/netty/netty-common/4.1.82.Final/netty-common-4.1.82.Final.jar (libraries:io.netty:netty-common:4.1.82.Final) to libraries/io/netty/netty-common/4.1.82.Final/netty-common-4.1.82.Final.jar
Unpacking io/netty/netty-handler/4.1.82.Final/netty-handler-4.1.82.Final.jar (libraries:io.netty:netty-handler:4.1.82.Final) to libraries/io/netty/netty-handler/4.1.82.Final/netty-handler-4.1.82.Final.jar
Unpacking io/netty/netty-resolver/4.1.82.Final/netty-resolver-4.1.82.Final.jar (libraries:io.netty:netty-resolver:4.1.82.Final) to libraries/io/netty/netty-resolver/4.1.82.Final/netty-resolver-4.1.82.Final.jar
Unpacking io/netty/netty-transport/4.1.82.Final/netty-transport-4.1.82.Final.jar (libraries:io.netty:netty-transport:4.1.82.Final) to libraries/io/netty/netty-transport/4.1.82.Final/netty-transport-4.1.82.Final.jar
Unpacking io/netty/netty-transport-classes-epoll/4.1.82.Final/netty-transport-classes-epoll-4.1.82.Final.jar (libraries:io.netty:netty-transport-classes-epoll:4.1.82.Final) to libraries/io/netty/netty-transport-classes-epoll/4.1.82.Final/netty-transport-classes-epoll-4.1.82.Final.jar
Unpacking io/netty/netty-transport-native-epoll/4.1.82.Final/netty-transport-native-epoll-4.1.82.Final-linux-x86_64.jar (libraries:io.netty:netty-transport-native-epoll:4.1.82.Final:linux-x86_64) to libraries/io/netty/netty-transport-native-epoll/4.1.82.Final/netty-transport-native-epoll-4.1.82.Final-linux-x86_64.jar
Unpacking io/netty/netty-transport-native-epoll/4.1.82.Final/netty-transport-native-epoll-4.1.82.Final-linux-aarch_64.jar (libraries:io.netty:netty-transport-native-epoll:4.1.82.Final:linux-aarch_64) to libraries/io/netty/netty-transport-native-epoll/4.1.82.Final/netty-transport-native-epoll-4.1.82.Final-linux-aarch_64.jar
Unpacking io/netty/netty-transport-native-unix-common/4.1.82.Final/netty-transport-native-unix-common-4.1.82.Final.jar (libraries:io.netty:netty-transport-native-unix-common:4.1.82.Final) to libraries/io/netty/netty-transport-native-unix-common/4.1.82.Final/netty-transport-native-unix-common-4.1.82.Final.jar
Unpacking it/unimi/dsi/fastutil/8.5.9/fastutil-8.5.9.jar (libraries:it.unimi.dsi:fastutil:8.5.9) to libraries/it/unimi/dsi/fastutil/8.5.9/fastutil-8.5.9.jar
Unpacking net/java/dev/jna/jna/5.12.1/jna-5.12.1.jar (libraries:net.java.dev.jna:jna:5.12.1) to libraries/net/java/dev/jna/jna/5.12.1/jna-5.12.1.jar
Unpacking net/java/dev/jna/jna-platform/5.12.1/jna-platform-5.12.1.jar (libraries:net.java.dev.jna:jna-platform:5.12.1) to libraries/net/java/dev/jna/jna-platform/5.12.1/jna-platform-5.12.1.jar
Unpacking net/sf/jopt-simple/jopt-simple/5.0.4/jopt-simple-5.0.4.jar (libraries:net.sf.jopt-simple:jopt-simple:5.0.4) to libraries/net/sf/jopt-simple/jopt-simple/5.0.4/jopt-simple-5.0.4.jar
Unpacking org/apache/commons/commons-lang3/3.12.0/commons-lang3-3.12.0.jar (libraries:org.apache.commons:commons-lang3:3.12.0) to libraries/org/apache/commons/commons-lang3/3.12.0/commons-lang3-3.12.0.jar
Unpacking org/apache/logging/log4j/log4j-api/2.19.0/log4j-api-2.19.0.jar (libraries:org.apache.logging.log4j:log4j-api:2.19.0) to libraries/org/apache/logging/log4j/log4j-api/2.19.0/log4j-api-2.19.0.jar
Unpacking org/apache/logging/log4j/log4j-core/2.19.0/log4j-core-2.19.0.jar (libraries:org.apache.logging.log4j:log4j-core:2.19.0) to libraries/org/apache/logging/log4j/log4j-core/2.19.0/log4j-core-2.19.0.jar
Unpacking org/apache/logging/log4j/log4j-slf4j2-impl/2.19.0/log4j-slf4j2-impl-2.19.0.jar (libraries:org.apache.logging.log4j:log4j-slf4j2-impl:2.19.0) to libraries/org/apache/logging/log4j/log4j-slf4j2-impl/2.19.0/log4j-slf4j2-impl-2.19.0.jar
Unpacking org/joml/joml/1.10.5/joml-1.10.5.jar (libraries:org.joml:joml:1.10.5) to libraries/org/joml/joml/1.10.5/joml-1.10.5.jar
Unpacking org/slf4j/slf4j-api/2.0.1/slf4j-api-2.0.1.jar (libraries:org.slf4j:slf4j-api:2.0.1) to libraries/org/slf4j/slf4j-api/2.0.1/slf4j-api-2.0.1.jar
Starting net.minecraft.server.Main
[09:56:12] [ServerMain/INFO]: Environment: authHost='https://authserver.mojang.com', accountsHost='https://api.mojang.com', sessionHost='https://sessionserver.mojang.com', servicesHost='https://api.minecraftservices.com', name='PROD'
[09:56:13] [Yggdrasil Key Fetcher/ERROR]: Failed to request yggdrasil public key
com.mojang.authlib.exceptions.AuthenticationUnavailableException: Cannot contact authentication server
	at com.mojang.authlib.yggdrasil.YggdrasilAuthenticationService.makeRequest(YggdrasilAuthenticationService.java:119) ~[authlib-4.0.43.jar:?]
	at com.mojang.authlib.yggdrasil.YggdrasilAuthenticationService.makeRequest(YggdrasilAuthenticationService.java:91) ~[authlib-4.0.43.jar:?]
	at com.mojang.authlib.yggdrasil.YggdrasilServicesKeyInfo.fetch(YggdrasilServicesKeyInfo.java:94) ~[authlib-4.0.43.jar:?]
	at com.mojang.authlib.yggdrasil.YggdrasilServicesKeyInfo.lambda$get$1(YggdrasilServicesKeyInfo.java:81) ~[authlib-4.0.43.jar:?]
	at java.util.concurrent.Executors$RunnableAdapter.call(Executors.java:539) ~[?:?]
	at java.util.concurrent.FutureTask.runAndReset(FutureTask.java:305) ~[?:?]
	at java.util.concurrent.ScheduledThreadPoolExecutor$ScheduledFutureTask.run(ScheduledThreadPoolExecutor.java:305) ~[?:?]
	at java.util.concurrent.ThreadPoolExecutor.runWorker(ThreadPoolExecutor.java:1136) ~[?:?]
	at java.util.concurrent.ThreadPoolExecutor$Worker.run(ThreadPoolExecutor.java:635) ~[?:?]
	at java.lang.Thread.run(Thread.java:840) ~[?:?]
Caused by: java.net.UnknownHostException: api.minecraftservices.com
	at sun.nio.ch.NioSocketImpl.connect(NioSocketImpl.java:572) ~[?:?]
	at java.net.SocksSocketImpl.connect(SocksSocketImpl.java:327) ~[?:?]
	at java.net.Socket.connect(Socket.java:633) ~[?:?]
	at sun.security.ssl.SSLSocketImpl.connect(SSLSocketImpl.java:304) ~[?:?]
	at sun.net.NetworkClient.doConnect(NetworkClient.java:178) ~[?:?]
	at sun.net.www.http.HttpClient.openServer(HttpClient.java:533) ~[?:?]
	at sun.net.www.http.HttpClient.openServer(HttpClient.java:638) ~[?:?]
	at sun.net.www.protocol.https.HttpsClient.<init>(HttpsClient.java:267) ~[?:?]
	at sun.net.www.protocol.https.HttpsClient.New(HttpsClient.java:381) ~[?:?]
	at sun.net.www.protocol.https.AbstractDelegateHttpsURLConnection.getNewHttpClient(AbstractDelegateHttpsURLConnection.java:196) ~[?:?]
	at sun.net.www.protocol.http.HttpURLConnection.plainConnect0(HttpURLConnection.java:1307) ~[?:?]
	at sun.net.www.protocol.http.HttpURLConnection.plainConnect(HttpURLConnection.java:1148) ~[?:?]
	at sun.net.www.protocol.http.HttpURLConnection.connect(HttpURLConnection.java:1077) ~[?:?]
	at sun.net.www.protocol.https.AbstractDelegateHttpsURLConnection.connect(AbstractDelegateHttpsURLConnection.java:181) ~[?:?]
	at sun.net.www.protocol.http.HttpURLConnection.getInputStream0(HttpURLConnection.java:1717) ~[?:?]
	at sun.net.www.protocol.http.HttpURLConnection.getInputStream(HttpURLConnection.java:1641) ~[?:?]
	at sun.net.www.protocol.https.HttpsURLConnectionImpl.getInputStream(HttpsURLConnectionImpl.java:224) ~[?:?]
	at com.mojang.authlib.HttpAuthenticationService.performGetRequest(HttpAuthenticationService.java:140) ~[authlib-4.0.43.jar:?]
	at com.mojang.authlib.yggdrasil.YggdrasilAuthenticationService.makeRequest(YggdrasilAuthenticationService.java:96) ~[authlib-4.0.43.jar:?]
	... 9 more
[09:56:13] [ServerMain/ERROR]: No key layers in MapLike[{}]
[09:56:13] [ServerMain/INFO]: Loaded 7 recipes
[09:56:13] [ServerMain/INFO]: Loaded 1271 advancements
[09:56:14] [Server thread/INFO]: Starting minecraft server version 1.20.1
[09:56:14] [Server thread/INFO]: Loading properties
[09:56:14] [Server thread/INFO]: Default game type: SURVIVAL
[09:56:14] [Server thread/INFO]: Generating keypair
[09:56:14] [Server thread/INFO]: Starting Minecraft server on 127.0.0.1:25566
[09:56:14] [Server thread/INFO]: Using epoll channel type
[09:56:14] [Server thread/WARN]: Failed to find a usable hardware address from the network interfaces; using random bytes: f3:86:65:f4:f1:dc:ca:46
[09:56:14] [Server thread/WARN]: **** SERVER IS RUNNING IN OFFLINE/INSECURE MODE!
[09:56:14] [Server thread/WARN]: The server will make no attempt to authenticate usernames. Beware.
[09:56:14] [Server thread/WARN]: While this makes the game possible to play without internet access, it also opens up the ability for hackers to connect with any username they choose.
[09:56:14] [Server thread/WARN]: To change this, set "online-mode" to "true" in the server.properties file.
[09:56:14] [Server thread/INFO]: Preparing level "recovery-safety-world"
[09:56:14] [Server thread/INFO]: Preparing start region for dimension minecraft:overworld
[09:56:15] [Worker-Main-6/INFO]: Preparing spawn area: 0%
[09:56:15] [Worker-Main-6/INFO]: Preparing spawn area: 0%
[09:56:15] [Worker-Main-3/INFO]: Preparing spawn area: 24%
[09:56:16] [Worker-Main-1/INFO]: Preparing spawn area: 78%
[09:56:16] [Server thread/INFO]: Time elapsed: 1672 ms
[09:56:16] [Server thread/INFO]: Done (2.151s)! For help, type "help"
[09:56:16] [Server thread/INFO]: Gamerule doDaylightCycle is now set to: false
[09:56:16] [Server thread/INFO]: Set the time to 1000
[09:56:17] [Server thread/INFO]: Gamerule doMobSpawning is now set to: false
[09:56:17] [Server thread/INFO]: Gamerule randomTickSpeed is now set to: 0
[09:56:17] [Server thread/INFO]: Gamerule naturalRegeneration is now set to: false
[09:56:24] [Server thread/INFO]: prep_A[/127.0.0.1:34074] logged in with entity id 1 at (10.5, -60.0, -3.5)
[09:56:24] [Server thread/INFO]: prep_A joined the game
[09:56:24] [Server thread/INFO]: The difficulty did not change; it is already set to peaceful
[09:56:24] [Server thread/INFO]: Set the time to 1000
[09:56:24] [Server thread/INFO]: No entity was found
[09:56:24] [Server thread/INFO]: No items were found on player prep_A
[09:56:25] [Server thread/INFO]: Successfully filled 2809 block(s)
[09:56:25] [Server thread/INFO]: No blocks were filled
[09:56:25] [Server thread/INFO]: Teleported prep_A to 0.500000, 200.000000, 0.500000
[09:56:25] [Server thread/WARN]: prep_A moved too quickly! -10.0,260.0,4.0
[09:56:25] [Server thread/WARN]: prep_A moved too quickly! -10.0,260.0,4.0
[09:56:25] [Server thread/WARN]: prep_A moved too quickly! -10.0,260.0,4.0
[09:56:25] [Server thread/WARN]: prep_A moved too quickly! -10.0,260.0,4.0
[09:56:25] [Server thread/WARN]: prep_A moved too quickly! -10.0,260.0,4.0
[09:56:25] [Server thread/WARN]: prep_A moved too quickly! -10.0,260.0,4.0
[09:56:25] [Server thread/WARN]: prep_A moved too quickly! -10.0,260.0,4.0
[09:56:25] [Server thread/WARN]: prep_A moved too quickly! -10.0,260.0,4.0
[09:56:25] [Server thread/WARN]: prep_A moved too quickly! -10.0,260.0,4.0
[09:56:25] [Server thread/WARN]: prep_A moved too quickly! -10.0,260.0,4.0
[09:56:25] [Server thread/WARN]: prep_A moved too quickly! -10.0,260.0,4.0
[09:56:25] [Server thread/WARN]: prep_A moved too quickly! -10.0,260.0,4.0
[09:56:25] [Server thread/WARN]: prep_A moved too quickly! -10.0,260.0,4.0
[09:56:25] [Server thread/WARN]: prep_A moved too quickly! -10.0,260.0,4.0
[09:56:25] [Server thread/WARN]: prep_A moved too quickly! -10.0,260.0,4.0
[09:56:25] [Server thread/WARN]: prep_A moved too quickly! -10.0,260.0,4.0
[09:56:25] [Server thread/WARN]: prep_A moved too quickly! -10.0,260.0,4.0
[09:56:25] [Server thread/WARN]: prep_A moved too quickly! -10.0,260.0,4.0
[09:56:25] [Server thread/WARN]: prep_A moved too quickly! -10.0,260.0,4.0
[09:56:25] [Server thread/WARN]: prep_A moved too quickly! -10.0,260.0,4.0
[09:56:25] [Server thread/WARN]: prep_A moved too quickly! -10.0,260.0,4.0
[09:56:25] [Server thread/WARN]: prep_A moved too quickly! -10.0,260.0,4.0
[09:56:25] [Server thread/WARN]: prep_A moved too quickly! -10.0,260.0,4.0
[09:56:25] [Server thread/WARN]: prep_A moved too quickly! -10.0,260.0,4.0
[09:56:25] [Server thread/WARN]: prep_A moved too quickly! -10.0,260.0,4.0
[09:56:25] [Server thread/WARN]: prep_A moved too quickly! -10.0,260.0,4.0
[09:56:25] [Server thread/WARN]: prep_A moved too quickly! -10.0,260.0,4.0
[09:56:25] [Server thread/WARN]: prep_A moved too quickly! -10.0,260.0,4.0
[09:56:25] [Server thread/WARN]: prep_A moved too quickly! -10.0,260.0,4.0
[09:56:25] [Server thread/WARN]: prep_A moved too quickly! -10.0,260.0,4.0
[09:56:25] [Server thread/WARN]: prep_A moved too quickly! -10.0,260.0,4.0
[09:56:25] [Server thread/WARN]: prep_A moved too quickly! -10.0,260.0,4.0
[09:56:25] [Server thread/WARN]: prep_A moved too quickly! -10.0,260.0,4.0
[09:56:25] [Server thread/WARN]: prep_A moved too quickly! -10.0,260.0,4.0
[09:56:25] [Server thread/WARN]: prep_A moved too quickly! -10.0,260.0,4.0
[09:56:25] [Server thread/WARN]: prep_A moved too quickly! -10.0,260.0,4.0
[09:56:25] [Server thread/WARN]: prep_A moved too quickly! -10.0,260.0,4.0
[09:56:25] [Server thread/WARN]: prep_A moved too quickly! -10.0,260.0,4.0
[09:56:25] [Server thread/INFO]: Applied effect Saturation to prep_A
[09:56:25] [Server thread/INFO]: Applied effect Instant Health to prep_A
[09:56:27] [Server thread/INFO]: Target has no effects to remove
[09:56:27] [Server thread/INFO]: Gave 1 [Stick] to prep_A
[09:56:27] [Server thread/INFO]: prep_A has made the advancement [Getting an Upgrade]
[09:56:27] [Server thread/INFO]: Gave 1 [Stone Pickaxe] to prep_A
[09:56:27] [Server thread/INFO]: Changed the block at 0, 200, 2
[09:56:27] [Server thread/INFO]: Changed the block at 2, 200, 0
[09:56:28] [Server thread/INFO]: Changed the block at -1, 200, -1
[09:56:29] [Server thread/INFO]: prep_A lost connection: Disconnected
[09:56:29] [Server thread/INFO]: prep_A left the game
[09:56:29] [Server thread/INFO]: prep_A[/127.0.0.1:34080] logged in with entity id 5 at (0.5, 200.0, 0.5)
[09:56:29] [Server thread/INFO]: prep_A joined the game
[09:56:29] [Server thread/INFO]: Teleported prep_A to 0.500000, 200.000000, -1.500000
[09:56:30] [Server thread/INFO]: The difficulty has been set to Normal
[09:56:30] [Server thread/INFO]: Summoned new Zombie
[09:56:30] [Server thread/INFO]: prep_A has made the advancement [Stone Age]
[09:56:30] [Server thread/INFO]: Killed Zombie
[09:56:30] [Server thread/INFO]: The difficulty has been set to Peaceful
[09:56:31] [Server thread/INFO]: Target has no effects to remove
[09:56:34] [Server thread/INFO]: The difficulty did not change; it is already set to peaceful
[09:56:34] [Server thread/INFO]: Set the time to 1000
[09:56:34] [Server thread/INFO]: No entity was found
[09:56:35] [Server thread/INFO]: Removed 2 item(s) from player prep_A
[09:56:35] [Server thread/INFO]: No blocks were filled
[09:56:35] [Server thread/INFO]: Successfully filled 1 block(s)
[09:56:35] [Server thread/INFO]: Teleported prep_A to 0.500000, 200.000000, 0.500000
[09:56:35] [Server thread/INFO]: Applied effect Saturation to prep_A
[09:56:35] [Server thread/INFO]: Applied effect Instant Health to prep_A
[09:56:37] [Server thread/INFO]: Target has no effects to remove
[09:56:37] [Server thread/INFO]: Gave 1 [Stick] to prep_A
[09:56:37] [Server thread/INFO]: Gave 1 [Stone Pickaxe] to prep_A
[09:56:37] [Server thread/INFO]: Changed the block at 0, 200, 2
[09:56:37] [Server thread/INFO]: Changed the block at 2, 200, 0
[09:56:38] [Server thread/INFO]: Changed the block at -1, 200, -1
[09:56:39] [Server thread/INFO]: prep_A lost connection: Disconnected
[09:56:39] [Server thread/INFO]: prep_A left the game
[09:56:39] [Server thread/INFO]: prep_A[/127.0.0.1:40724] logged in with entity id 11 at (0.5, 200.0, 0.5)
[09:56:39] [Server thread/INFO]: prep_A joined the game
[09:56:39] [Server thread/INFO]: Teleported prep_A to 0.500000, 200.000000, -1.500000
[09:56:44] [Server thread/INFO]: The difficulty did not change; it is already set to peaceful
[09:56:44] [Server thread/INFO]: Set the time to 1000
[09:56:44] [Server thread/INFO]: No entity was found
[09:56:45] [Server thread/INFO]: Removed 2 item(s) from player prep_A
[09:56:45] [Server thread/INFO]: No blocks were filled
[09:56:45] [Server thread/INFO]: Successfully filled 1 block(s)
[09:56:45] [Server thread/INFO]: Teleported prep_A to 0.500000, 200.000000, 0.500000
[09:56:45] [Server thread/INFO]: Applied effect Saturation to prep_A
[09:56:46] [Server thread/INFO]: Applied effect Instant Health to prep_A
[09:56:47] [Server thread/INFO]: Target has no effects to remove
[09:56:47] [Server thread/INFO]: Gave 1 [Stick] to prep_A
[09:56:47] [Server thread/INFO]: Gave 1 [Stone Pickaxe] to prep_A
[09:56:47] [Server thread/INFO]: Changed the block at 0, 200, 2
[09:56:48] [Server thread/INFO]: Changed the block at 2, 200, 0
[09:56:48] [Server thread/INFO]: Changed the block at -1, 200, -1
[09:56:49] [Server thread/INFO]: prep_A lost connection: Disconnected
[09:56:49] [Server thread/INFO]: prep_A left the game
[09:56:49] [Server thread/INFO]: prep_A[/127.0.0.1:48778] logged in with entity id 16 at (0.5, 200.0, 0.5)
[09:56:49] [Server thread/INFO]: prep_A joined the game
[09:56:49] [Server thread/INFO]: Teleported prep_A to 0.500000, 200.000000, -1.500000
[09:56:49] [Server thread/INFO]: Killed Cobblestone
[09:56:50] [Server thread/INFO]: Summoned new Cobblestone
[09:56:55] [Server thread/INFO]: prep_A lost connection: Disconnected
[09:56:55] [Server thread/INFO]: prep_A left the game
[09:56:55] [Server thread/INFO]: Stopping the server
[09:56:55] [Server thread/INFO]: Stopping server
[09:56:55] [Server thread/INFO]: Saving players
[09:56:55] [Server thread/INFO]: Saving worlds
[09:56:56] [Server thread/INFO]: Saving chunks for level 'ServerLevel[recovery-safety-world]'/minecraft:overworld
