Starting net.minecraft.server.Main
[21:38:20] [ServerMain/INFO]: Environment: authHost='https://authserver.mojang.com', accountsHost='https://api.mojang.com', sessionHost='https://sessionserver.mojang.com', servicesHost='https://api.minecraftservices.com', name='PROD'
[21:38:20] [Yggdrasil Key Fetcher/ERROR]: Failed to request yggdrasil public key
com.mojang.authlib.exceptions.AuthenticationUnavailableException: Cannot contact authentication server
	at com.mojang.authlib.yggdrasil.YggdrasilAuthenticationService.makeRequest(YggdrasilAuthenticationService.java:119) ~[authlib-4.0.43.jar:?]
	at com.mojang.authlib.yggdrasil.YggdrasilAuthenticationService.makeRequest(YggdrasilAuthenticationService.java:91) ~[authlib-4.0.43.jar:?]
	at com.mojang.authlib.yggdrasil.YggdrasilServicesKeyInfo.fetch(YggdrasilServicesKeyInfo.java:94) ~[authlib-4.0.43.jar:?]
	at com.mojang.authlib.yggdrasil.YggdrasilServicesKeyInfo.lambda$get$1(YggdrasilServicesKeyInfo.java:81) ~[authlib-4.0.43.jar:?]
	at java.util.concurrent.Executors$RunnableAdapter.call(Executors.java:539) ~[?:?]
	at java.util.concurrent.FutureTask.runAndReset(FutureTask.java:305) ~[?:?]
	at java.util.concurrent.ScheduledThreadPoolExecutor$ScheduledFutureTask.run(ScheduledThreadPoolExecutor.java:305) ~[?:?]
	at java.util.concurrent.ThreadPoolExecutor.runWorker(ThreadPoolExecutor.java:1136) ~[?:?]
	at java.util.concurrent.ThreadPoolExecutor$Worker.run(ThreadPoolExecutor.java:635) ~[?:?]
	at java.lang.Thread.run(Thread.java:840) ~[?:?]
Caused by: java.net.UnknownHostException: api.minecraftservices.com
	at sun.nio.ch.NioSocketImpl.connect(NioSocketImpl.java:572) ~[?:?]
	at java.net.SocksSocketImpl.connect(SocksSocketImpl.java:327) ~[?:?]
	at java.net.Socket.connect(Socket.java:633) ~[?:?]
	at sun.security.ssl.SSLSocketImpl.connect(SSLSocketImpl.java:304) ~[?:?]
	at sun.net.NetworkClient.doConnect(NetworkClient.java:178) ~[?:?]
	at sun.net.www.http.HttpClient.openServer(HttpClient.java:533) ~[?:?]
	at sun.net.www.http.HttpClient.openServer(HttpClient.java:638) ~[?:?]
	at sun.net.www.protocol.https.HttpsClient.<init>(HttpsClient.java:267) ~[?:?]
	at sun.net.www.protocol.https.HttpsClient.New(HttpsClient.java:381) ~[?:?]
	at sun.net.www.protocol.https.AbstractDelegateHttpsURLConnection.getNewHttpClient(AbstractDelegateHttpsURLConnection.java:196) ~[?:?]
	at sun.net.www.protocol.http.HttpURLConnection.plainConnect0(HttpURLConnection.java:1307) ~[?:?]
	at sun.net.www.protocol.http.HttpURLConnection.plainConnect(HttpURLConnection.java:1148) ~[?:?]
	at sun.net.www.protocol.http.HttpURLConnection.connect(HttpURLConnection.java:1077) ~[?:?]
	at sun.net.www.protocol.https.AbstractDelegateHttpsURLConnection.connect(AbstractDelegateHttpsURLConnection.java:181) ~[?:?]
	at sun.net.www.protocol.http.HttpURLConnection.getInputStream0(HttpURLConnection.java:1717) ~[?:?]
	at sun.net.www.protocol.http.HttpURLConnection.getInputStream(HttpURLConnection.java:1641) ~[?:?]
	at sun.net.www.protocol.https.HttpsURLConnectionImpl.getInputStream(HttpsURLConnectionImpl.java:224) ~[?:?]
	at com.mojang.authlib.HttpAuthenticationService.performGetRequest(HttpAuthenticationService.java:140) ~[authlib-4.0.43.jar:?]
	at com.mojang.authlib.yggdrasil.YggdrasilAuthenticationService.makeRequest(YggdrasilAuthenticationService.java:96) ~[authlib-4.0.43.jar:?]
	... 9 more
[21:38:21] [ServerMain/ERROR]: No key layers in MapLike[{}]
[21:38:21] [ServerMain/INFO]: Loaded 7 recipes
[21:38:21] [ServerMain/INFO]: Loaded 1271 advancements
[21:38:22] [Server thread/INFO]: Starting minecraft server version 1.20.1
[21:38:22] [Server thread/INFO]: Loading properties
[21:38:22] [Server thread/INFO]: Default game type: SURVIVAL
[21:38:22] [Server thread/INFO]: Generating keypair
[21:38:22] [Server thread/INFO]: Starting Minecraft server on 127.0.0.1:25566
[21:38:22] [Server thread/INFO]: Using epoll channel type
[21:38:22] [Server thread/WARN]: Failed to find a usable hardware address from the network interfaces; using random bytes: d6:10:ac:90:3c:c1:af:b1
[21:38:22] [Server thread/WARN]: **** SERVER IS RUNNING IN OFFLINE/INSECURE MODE!
[21:38:22] [Server thread/WARN]: The server will make no attempt to authenticate usernames. Beware.
[21:38:22] [Server thread/WARN]: While this makes the game possible to play without internet access, it also opens up the ability for hackers to connect with any username they choose.
[21:38:22] [Server thread/WARN]: To change this, set "online-mode" to "true" in the server.properties file.
[21:38:22] [Server thread/INFO]: Preparing level "moving-threat-world"
[21:38:22] [Server thread/INFO]: Preparing start region for dimension minecraft:overworld
[21:38:23] [Worker-Main-3/INFO]: Preparing spawn area: 0%
[21:38:23] [Worker-Main-6/INFO]: Preparing spawn area: 0%
[21:38:23] [Worker-Main-7/INFO]: Preparing spawn area: 31%
[21:38:24] [Worker-Main-7/INFO]: Preparing spawn area: 87%
[21:38:24] [Server thread/INFO]: Time elapsed: 1592 ms
[21:38:24] [Server thread/INFO]: Done (2.009s)! For help, type "help"
[21:38:24] [Server thread/INFO]: Gamerule doDaylightCycle is now set to: false
[21:38:24] [Server thread/INFO]: Set the time to 1000
[21:38:24] [Server thread/INFO]: Gamerule doMobSpawning is now set to: false
[21:38:24] [Server thread/INFO]: Gamerule randomTickSpeed is now set to: 0
[21:38:25] [Server thread/INFO]: Gamerule naturalRegeneration is now set to: false
[21:38:32] [Server thread/INFO]: prep_A[/127.0.0.1:49980] logged in with entity id 1 at (-1.5, -60.0, 0.5)
[21:38:32] [Server thread/INFO]: prep_A joined the game
[21:38:32] [Server thread/INFO]: The difficulty did not change; it is already set to peaceful
[21:38:32] [Server thread/INFO]: Set the time to 1000
[21:38:33] [Server thread/INFO]: No entity was found
[21:38:33] [Server thread/INFO]: No items were found on player prep_A
[21:38:33] [Server thread/INFO]: Successfully filled 2809 block(s)
[21:38:33] [Server thread/INFO]: No blocks were filled
[21:38:33] [Server thread/INFO]: Teleported prep_A to 0.500000, 200.000000, 0.500000
[21:38:33] [Server thread/WARN]: prep_A moved too quickly! 2.0,260.0,0.0
[21:38:33] [Server thread/WARN]: prep_A moved too quickly! 2.0,260.0,0.0
[21:38:33] [Server thread/WARN]: prep_A moved too quickly! 2.0,260.0,0.0
[21:38:33] [Server thread/WARN]: prep_A moved too quickly! 2.0,260.0,0.0
[21:38:33] [Server thread/WARN]: prep_A moved too quickly! 2.0,260.0,0.0
[21:38:33] [Server thread/WARN]: prep_A moved too quickly! 2.0,260.0,0.0
[21:38:33] [Server thread/WARN]: prep_A moved too quickly! 2.0,260.0,0.0
[21:38:33] [Server thread/WARN]: prep_A moved too quickly! 2.0,260.0,0.0
[21:38:33] [Server thread/WARN]: prep_A moved too quickly! 2.0,260.0,0.0
[21:38:33] [Server thread/WARN]: prep_A moved too quickly! 2.0,260.0,0.0
[21:38:33] [Server thread/WARN]: prep_A moved too quickly! 2.0,260.0,0.0
[21:38:33] [Server thread/WARN]: prep_A moved too quickly! 2.0,260.0,0.0
[21:38:33] [Server thread/WARN]: prep_A moved too quickly! 2.0,260.0,0.0
[21:38:33] [Server thread/WARN]: prep_A moved too quickly! 2.0,260.0,0.0
[21:38:33] [Server thread/WARN]: prep_A moved too quickly! 2.0,260.0,0.0
[21:38:33] [Server thread/WARN]: prep_A moved too quickly! 2.0,260.0,0.0
[21:38:33] [Server thread/WARN]: prep_A moved too quickly! 2.0,260.0,0.0
[21:38:33] [Server thread/WARN]: prep_A moved too quickly! 2.0,260.0,0.0
[21:38:33] [Server thread/WARN]: prep_A moved too quickly! 2.0,260.0,0.0
[21:38:33] [Server thread/WARN]: prep_A moved too quickly! 2.0,260.0,0.0
[21:38:33] [Server thread/WARN]: prep_A moved too quickly! 2.0,260.0,0.0
[21:38:33] [Server thread/WARN]: prep_A moved too quickly! 2.0,260.0,0.0
[21:38:33] [Server thread/WARN]: prep_A moved too quickly! 2.0,260.0,0.0
[21:38:33] [Server thread/WARN]: prep_A moved too quickly! 2.0,260.0,0.0
[21:38:33] [Server thread/WARN]: prep_A moved too quickly! 2.0,260.0,0.0
[21:38:33] [Server thread/WARN]: prep_A moved too quickly! 2.0,260.0,0.0
[21:38:33] [Server thread/WARN]: prep_A moved too quickly! 2.0,260.0,0.0
[21:38:33] [Server thread/WARN]: prep_A moved too quickly! 2.0,260.0,0.0
[21:38:33] [Server thread/WARN]: prep_A moved too quickly! 2.0,260.0,0.0
[21:38:33] [Server thread/WARN]: prep_A moved too quickly! 2.0,260.0,0.0
[21:38:33] [Server thread/WARN]: prep_A moved too quickly! 2.0,260.0,0.0
[21:38:33] [Server thread/WARN]: prep_A moved too quickly! 2.0,260.0,0.0
[21:38:33] [Server thread/WARN]: prep_A moved too quickly! 2.0,260.0,0.0
[21:38:33] [Server thread/WARN]: prep_A moved too quickly! 2.0,260.0,0.0
[21:38:33] [Server thread/WARN]: prep_A moved too quickly! 2.0,260.0,0.0
[21:38:33] [Server thread/WARN]: prep_A moved too quickly! 2.0,260.0,0.0
[21:38:33] [Server thread/WARN]: prep_A moved too quickly! 2.0,260.0,0.0
[21:38:33] [Server thread/WARN]: prep_A moved too quickly! 2.0,260.0,0.0
[21:38:33] [Server thread/WARN]: prep_A moved too quickly! 2.0,260.0,0.0
[21:38:33] [Server thread/WARN]: prep_A moved too quickly! 2.0,260.0,0.0
[21:38:33] [Server thread/WARN]: prep_A moved too quickly! 2.0,260.0,0.0
[21:38:33] [Server thread/WARN]: prep_A moved too quickly! 2.0,260.0,0.0
[21:38:33] [Server thread/WARN]: prep_A moved too quickly! 2.0,260.0,0.0
[21:38:33] [Server thread/WARN]: prep_A moved too quickly! 2.0,260.0,0.0
[21:38:33] [Server thread/WARN]: prep_A moved too quickly! 2.0,260.0,0.0
[21:38:33] [Server thread/WARN]: prep_A moved too quickly! 2.0,260.0,0.0
[21:38:33] [Server thread/WARN]: prep_A moved too quickly! 2.0,260.0,0.0
[21:38:33] [Server thread/WARN]: prep_A moved too quickly! 2.0,260.0,0.0
[21:38:33] [Server thread/WARN]: prep_A moved too quickly! 2.0,260.0,0.0
[21:38:33] [Server thread/WARN]: prep_A moved too quickly! 2.0,260.0,0.0
[21:38:33] [Server thread/WARN]: prep_A moved too quickly! 2.0,260.0,0.0
[21:38:33] [Server thread/WARN]: prep_A moved too quickly! 2.0,260.0,0.0
[21:38:33] [Server thread/WARN]: prep_A moved too quickly! 2.0,260.0,0.0
[21:38:33] [Server thread/WARN]: prep_A moved too quickly! 2.0,260.0,0.0
[21:38:33] [Server thread/WARN]: prep_A moved too quickly! 2.0,260.0,0.0
[21:38:33] [Server thread/WARN]: prep_A moved too quickly! 2.0,260.0,0.0
[21:38:33] [Server thread/WARN]: prep_A moved too quickly! 2.0,260.0,0.0
[21:38:33] [Server thread/WARN]: prep_A moved too quickly! 2.0,260.0,0.0
[21:38:33] [Server thread/WARN]: prep_A moved too quickly! 2.0,260.0,0.0
[21:38:33] [Server thread/WARN]: prep_A moved too quickly! 2.0,260.0,0.0
[21:38:33] [Server thread/WARN]: prep_A moved too quickly! 2.0,260.0,0.0
[21:38:33] [Server thread/WARN]: prep_A moved too quickly! 2.0,260.0,0.0
[21:38:33] [Server thread/WARN]: prep_A moved too quickly! 2.0,260.0,0.0
[21:38:33] [Server thread/WARN]: prep_A moved too quickly! 2.0,260.0,0.0
[21:38:33] [Server thread/WARN]: prep_A moved too quickly! 2.0,260.0,0.0
[21:38:33] [Server thread/WARN]: prep_A moved too quickly! 2.0,260.0,0.0
[21:38:33] [Server thread/WARN]: prep_A moved too quickly! 2.0,260.0,0.0
[21:38:33] [Server thread/WARN]: prep_A moved too quickly! 2.0,260.0,0.0
[21:38:33] [Server thread/WARN]: prep_A moved too quickly! 2.0,260.0,0.0
[21:38:33] [Server thread/WARN]: prep_A moved too quickly! 2.0,260.0,0.0
[21:38:33] [Server thread/WARN]: prep_A moved too quickly! 2.0,260.0,0.0
[21:38:33] [Server thread/WARN]: prep_A moved too quickly! 2.0,260.0,0.0
[21:38:33] [Server thread/WARN]: prep_A moved too quickly! 2.0,260.0,0.0
[21:38:33] [Server thread/WARN]: prep_A moved too quickly! 2.0,260.0,0.0
[21:38:33] [Server thread/INFO]: Applied effect Saturation to prep_A
[21:38:35] [Server thread/INFO]: Target has no effects to remove
[21:38:35] [Server thread/INFO]: Gave 1 [Stick] to prep_A
[21:38:35] [Server thread/INFO]: prep_A has made the advancement [Getting an Upgrade]
[21:38:35] [Server thread/INFO]: Gave 1 [Stone Pickaxe] to prep_A
[21:38:35] [Server thread/INFO]: Changed the block at 0, 200, 2
[21:38:35] [Server thread/INFO]: Changed the block at 2, 200, 0
[21:38:36] [Server thread/INFO]: Changed the block at -1, 200, -1
[21:38:36] [Server thread/INFO]: The difficulty has been set to Normal
[21:38:36] [Server thread/INFO]: Summoned new Zombie
[21:38:36] [Server thread/INFO]: Killed Zombie
[21:38:37] [Server thread/INFO]: The difficulty has been set to Peaceful
[21:38:37] [Server thread/INFO]: Target has no effects to remove
[21:38:37] [Server thread/INFO]: Summoned new Cow
[21:38:37] [Server thread/INFO]: The difficulty has been set to Normal
