ACTION none at 1791032369119
0.0 {"ev": "orch.tick", "inflight": [], "backoff": [["explorador_01", 4983]], "fails": "[[\"explorador_01\",1]]", "fresh": true}
5.0 {"ev": "orch.tick", "inflight": [], "backoff": [["explorador_01", 0]], "fails": "[[\"explorador_01\",1]]", "fresh": true}
5.0 {"ev": "orch.runAuto", "w": "explorador_01", "task": "explorar", "reason": "estoque_estavel", "radius": 96}
5.0 {"ev": "run.start", "w": "explorador_01", "task": "explorar", "src": "orchestrator", "reason": "estoque_estavel", "v": 8, "pos": [310.5, 200, -316.5]}
5.0 {"ev": "cancel", "w": "explorador_01", "vBefore": 8}
5.0 {"ev": "table.search", "maxDistance": 4, "bot": [310.5, 200, -316.5], "found": null}
5.0 {"ev": "staging.start", "w": "explorador_01", "v": 9, "pos": [310.5, 200, -316.5]}
5.1 {"ev": "table.search", "maxDistance": 8, "bot": [310.5, 200, -316.5], "found": [317, 200, -317]}
5.1 {"ev": "goTo", "w": "explorador_01", "v": 9, "goal": [317, 200, -317, 1], "from": [310.5, 200, -316.5]}
6.9 {"ev": "staging.end", "w": "explorador_01", "v": 9, "ok": true, "pos": [316.32, 200, -316.43]}
10.0 {"ev": "orch.tick", "inflight": ["explorador_01"], "backoff": [["explorador_01", 0]], "fails": "[[\"explorador_01\",1]]", "fresh": true}
15.0 {"ev": "orch.tick", "inflight": ["explorador_01"], "backoff": [["explorador_01", 0]], "fails": "[[\"explorador_01\",1]]", "fresh": true}
20.0 {"ev": "orch.tick", "inflight": ["explorador_01"], "backoff": [["explorador_01", 0]], "fails": "[[\"explorador_01\",1]]", "fresh": true}
21.3 {"ev": "explore.start", "w": "explorador_01", "v": 9, "pos": [316.5, 200, -316.5], "sm": "0"}
21.3 {"ev": "goTo", "w": "explorador_01", "v": 9, "goal": [314, 200, -333, 3], "from": [316.5, 200, -316.5]}
23.9 {"ev": "xpl.end", "w": "explorador_01", "v": 9, "ok": true, "steps": [{"intent": "gather_materials", "ok": true, "code": null, "ownerVersion": 9}, {"intent": "prepare_combat", "ok": true, "code": null
23.9 {"ev": "run.end", "w": "explorador_01", "task": "explorar", "v": 9, "ok": true, "steps": [{"intent": "gather_materials", "ok": true, "code": null, "ownerVersion": 9}, {"intent": "prepare_combat", "ok"
25.0 {"ev": "orch.tick", "inflight": [], "backoff": [], "fails": null, "fresh": false}
25.0 {"ev": "orch.runAuto", "w": "explorador_01", "task": "sincronizar_estoque", "reason": "atualizar_estoque"}
25.0 {"ev": "run.start", "w": "explorador_01", "task": "sincronizar_estoque", "src": "orchestrator", "reason": "atualizar_estoque", "v": 9, "pos": [314.5, 200, -329.5]}
25.0 {"ev": "cancel", "w": "explorador_01", "vBefore": 9}
25.0 {"ev": "storage.summary", "w": "explorador_01", "args": []}
28.4 {"ev": "run.end", "w": "explorador_01", "task": "sincronizar_estoque", "v": 10, "ok": true, "pos": [317.6, 200, -314.6]}
30.0 {"ev": "orch.tick", "inflight": [], "backoff": [], "fails": null, "fresh": true}
30.0 {"ev": "orch.runAuto", "w": "explorador_01", "task": "explorar", "reason": "estoque_estavel", "radius": 96}
30.0 {"ev": "run.start", "w": "explorador_01", "task": "explorar", "src": "orchestrator", "reason": "estoque_estavel", "v": 10, "pos": [317.6, 200, -314.6]}
30.0 {"ev": "cancel", "w": "explorador_01", "vBefore": 10}
30.0 {"ev": "explore.start", "w": "explorador_01", "v": 11, "pos": [317.6, 200, -314.6], "sm": "0"}
30.0 {"ev": "goTo", "w": "explorador_01", "v": 11, "goal": [330, 200, -333, 3], "from": [317.57, 200, -314.61]}
33.8 {"ev": "xpl.end", "w": "explorador_01", "v": 11, "ok": true, "steps": [], "pos": [329.5, 200, -330.5], "inv": "oak_planks:2,stick:3,stone_pickaxe:1,cooked_beef:8,stone_sword:1"}
33.8 {"ev": "run.end", "w": "explorador_01", "task": "explorar", "v": 11, "ok": true, "steps": [], "pos": [329.5, 200, -330.5]}
35.0 {"ev": "orch.tick", "inflight": [], "backoff": [], "fails": null, "fresh": true}
35.0 {"ev": "orch.runAuto", "w": "explorador_01", "task": "explorar", "reason": "estoque_estavel", "radius": 96}
35.0 {"ev": "run.start", "w": "explorador_01", "task": "explorar", "src": "orchestrator", "reason": "estoque_estavel", "v": 11, "pos": [329.5, 200, -330.5]}
35.0 {"ev": "cancel", "w": "explorador_01", "vBefore": 11}
35.0 {"ev": "explore.start", "w": "explorador_01", "v": 12, "pos": [329.5, 200, -330.5], "sm": "0"}
35.0 {"ev": "goTo", "w": "explorador_01", "v": 12, "goal": [346, 200, -317, 3], "from": [329.5, 200, -330.5]}
38.6 {"ev": "xpl.end", "w": "explorador_01", "v": 12, "ok": true, "steps": [], "pos": [344.3, 200, -318.5], "inv": "oak_planks:2,stick:3,stone_pickaxe:1,cooked_beef:8,stone_sword:1"}
38.6 {"ev": "run.end", "w": "explorador_01", "task": "explorar", "v": 12, "ok": true, "steps": [], "pos": [344.3, 200, -318.5]}
40.0 {"ev": "orch.tick", "inflight": [], "backoff": [], "fails": null, "fresh": true}
40.0 {"ev": "orch.runAuto", "w": "explorador_01", "task": "explorar", "reason": "estoque_estavel", "radius": 96}
40.0 {"ev": "run.start", "w": "explorador_01", "task": "explorar", "src": "orchestrator", "reason": "estoque_estavel", "v": 12, "pos": [344.3, 200, -318.5]}
40.0 {"ev": "cancel", "w": "explorador_01", "vBefore": 12}
40.0 {"ev": "explore.start", "w": "explorador_01", "v": 13, "pos": [344.3, 200, -318.5], "sm": "0"}
40.0 {"ev": "goTo", "w": "explorador_01", "v": 13, "goal": [346, 200, -285, 3], "from": [344.31, 200, -318.5]}
45.0 {"ev": "orch.tick", "inflight": ["explorador_01"], "backoff": [], "fails": null, "fresh": true}
FIN
